Component: ARM Compiler 5.06 update 7 (build 960) Tool: armlink [4d3601]

==============================================================================

Section Cross References

    main.o(i.main) refers to misc.o(i.NVIC_PriorityGroupConfig) for NVIC_PriorityGroupConfig
    main.o(i.main) refers to dev_led.o(i.LedConfig) for LedConfig
    main.o(i.main) refers to dev_systickstimer.o(i.SysTicks_Config) for SysTicks_Config
    main.o(i.main) refers to dev_usart.o(i.USART_INIT_407) for USART_INIT_407
    main.o(i.main) refers to dev_motor.o(i.Motor_init) for Motor_init
    main.o(i.main) refers to dev_mpu6050.o(i.MPU_Init) for MPU_Init
    main.o(i.main) refers to inv_mpu_user.o(i.mpu_dmp_init) for mpu_dmp_init
    main.o(i.main) refers to printfa.o(i.__0printf) for __2printf
    main.o(i.main) refers to dev_oled.o(i.oled_Init) for oled_Init
    main.o(i.main) refers to tasks.o(i.Task_200Hz) for Task_200Hz
    main.o(i.main) refers to tasks.o(i.Task_100Hz) for Task_100Hz
    main.o(i.main) refers to dev_oled.o(i.OLED_USAER_SHOW) for OLED_USAER_SHOW
    main.o(i.main) refers to dev_systickstimer.o(i.Systicks_Nms) for Systicks_Nms
    stm32f4xx_it.o(i.USART1_IRQHandler) refers to stm32f4xx_usart.o(i.USART_GetITStatus) for USART_GetITStatus
    stm32f4xx_it.o(i.USART1_IRQHandler) refers to stm32f4xx_usart.o(i.USART_ClearITPendingBit) for USART_ClearITPendingBit
    stm32f4xx_it.o(i.USART1_IRQHandler) refers to stm32f4xx_usart.o(i.USART_ReceiveData) for USART_ReceiveData
    stm32f4xx_it.o(i.USART1_IRQHandler) refers to stm32f4xx_usart.o(i.USART_SendData) for USART_SendData
    stm32f4xx_it.o(i.USART2_IRQHandler) refers to stm32f4xx_usart.o(i.USART_GetITStatus) for USART_GetITStatus
    stm32f4xx_it.o(i.USART2_IRQHandler) refers to stm32f4xx_usart.o(i.USART_ClearITPendingBit) for USART_ClearITPendingBit
    stm32f4xx_it.o(i.USART2_IRQHandler) refers to stm32f4xx_usart.o(i.USART_ReceiveData) for USART_ReceiveData
    stm32f4xx_it.o(i.USART2_IRQHandler) refers to stm32f4xx_usart.o(i.USART_SendData) for USART_SendData
    dev_led.o(i.LedConfig) refers to stm32f4xx_rcc.o(i.RCC_AHB1PeriphClockCmd) for RCC_AHB1PeriphClockCmd
    dev_led.o(i.LedConfig) refers to stm32f4xx_gpio.o(i.GPIO_Init) for GPIO_Init
    dev_led.o(i.LedConfig) refers to dev_led.o(i.LedControl) for LedControl
    dev_led.o(i.LedControl) refers to stm32f4xx_gpio.o(i.GPIO_ResetBits) for GPIO_ResetBits
    dev_led.o(i.LedControl) refers to stm32f4xx_gpio.o(i.GPIO_SetBits) for GPIO_SetBits
    dev_systickstimer.o(i.SysTicks_Config) refers to dev_systickstimer.o(.data) for fac_us
    dev_systickstimer.o(i.Systicks_Nms) refers to dev_systickstimer.o(i.delay_xms) for delay_xms
    dev_systickstimer.o(i.Systicks_Nus) refers to dev_systickstimer.o(.data) for fac_us
    dev_systickstimer.o(i.delay_xms) refers to dev_systickstimer.o(.data) for fac_ms
    dev_usart.o(i.USART_INIT_407) refers to stm32f4xx_rcc.o(i.RCC_AHB1PeriphClockCmd) for RCC_AHB1PeriphClockCmd
    dev_usart.o(i.USART_INIT_407) refers to stm32f4xx_rcc.o(i.RCC_APB2PeriphClockCmd) for RCC_APB2PeriphClockCmd
    dev_usart.o(i.USART_INIT_407) refers to stm32f4xx_gpio.o(i.GPIO_Init) for GPIO_Init
    dev_usart.o(i.USART_INIT_407) refers to stm32f4xx_gpio.o(i.GPIO_PinAFConfig) for GPIO_PinAFConfig
    dev_usart.o(i.USART_INIT_407) refers to stm32f4xx_usart.o(i.USART_Init) for USART_Init
    dev_usart.o(i.USART_INIT_407) refers to stm32f4xx_rcc.o(i.RCC_APB1PeriphClockCmd) for RCC_APB1PeriphClockCmd
    dev_usart.o(i.USART_INIT_407) refers to misc.o(i.NVIC_Init) for NVIC_Init
    dev_usart.o(i.USART_INIT_407) refers to stm32f4xx_usart.o(i.USART_ClearFlag) for USART_ClearFlag
    dev_usart.o(i.USART_INIT_407) refers to stm32f4xx_usart.o(i.USART_ITConfig) for USART_ITConfig
    dev_usart.o(i.USART_INIT_407) refers to stm32f4xx_usart.o(i.USART_Cmd) for USART_Cmd
    dev_usart.o(i.fputc) refers to stm32f4xx_usart.o(i.USART_GetFlagStatus) for USART_GetFlagStatus
    dev_usart.o(i.fputc) refers to stm32f4xx_usart.o(i.USART_SendData) for USART_SendData
    dev_motor.o(i.Balance_Dir_Contorl) refers to dev_motor.o(i.M1_DIR_Contorl) for M1_DIR_Contorl
    dev_motor.o(i.Balance_Dir_Contorl) refers to dev_motor.o(i.M2_DIR_Contorl) for M2_DIR_Contorl
    dev_motor.o(i.Balance_Speed_Contorl) refers to stm32f4xx_tim.o(i.TIM_SetCompare3) for TIM_SetCompare3
    dev_motor.o(i.Balance_Speed_Contorl) refers to stm32f4xx_tim.o(i.TIM_SetCompare1) for TIM_SetCompare1
    dev_motor.o(i.M1_DIR_Contorl) refers to stm32f4xx_gpio.o(i.GPIO_ResetBits) for GPIO_ResetBits
    dev_motor.o(i.M1_DIR_Contorl) refers to stm32f4xx_gpio.o(i.GPIO_SetBits) for GPIO_SetBits
    dev_motor.o(i.M1_Encoder_init) refers to stm32f4xx_rcc.o(i.RCC_AHB1PeriphClockCmd) for RCC_AHB1PeriphClockCmd
    dev_motor.o(i.M1_Encoder_init) refers to stm32f4xx_rcc.o(i.RCC_APB1PeriphClockCmd) for RCC_APB1PeriphClockCmd
    dev_motor.o(i.M1_Encoder_init) refers to stm32f4xx_gpio.o(i.GPIO_Init) for GPIO_Init
[...]
    i.MPU_Set_Rate                           0x0800116c   Section        0  dev_mpu6050.o(i.MPU_Set_Rate)
    i.MPU_Write_Byte                         0x080011a6   Section        0  dev_mpu6050.o(i.MPU_Write_Byte)
    i.MPU_Write_Len                          0x080011fa   Section        0  dev_mpu6050.o(i.MPU_Write_Len)
    i.MemManage_Handler                      0x0800126a   Section        0  stm32f4xx_it.o(i.MemManage_Handler)
    i.Motor_Contorl                          0x0800126e   Section        0  dev_motor.o(i.Motor_Contorl)
    i.Motor_Dir_init                         0x080012bc   Section        0  dev_motor.o(i.Motor_Dir_init)
    i.Motor_Speed_init                       0x08001340   Section        0  dev_motor.o(i.Motor_Speed_init)
    i.Motor_init                             0x08001428   Section        0  dev_motor.o(i.Motor_init)
    i.NMI_Handler                            0x08001444   Section        0  stm32f4xx_it.o(i.NMI_Handler)
    i.NVIC_Init                              0x08001448   Section        0  misc.o(i.NVIC_Init)
    i.NVIC_PriorityGroupConfig               0x080014c0   Section        0  misc.o(i.NVIC_PriorityGroupConfig)
    i.OLED_Clear                             0x080014d4   Section        0  dev_oled.o(i.OLED_Clear)
    i.OLED_Set_Pos                           0x08001520   Section        0  dev_oled.o(i.OLED_Set_Pos)
    i.OLED_ShowChar                          0x08001550   Section        0  dev_oled.o(i.OLED_ShowChar)
    i.OLED_ShowString                        0x080015f4   Section        0  dev_oled.o(i.OLED_ShowString)
    i.OLED_USAER_SHOW                        0x0800162c   Section        0  dev_oled.o(i.OLED_USAER_SHOW)
    i.OLED_WR_Byte                           0x080016e8   Section        0  dev_oled.o(i.OLED_WR_Byte)
    OLED_WR_Byte                             0x080016e9   Thumb Code    96  dev_oled.o(i.OLED_WR_Byte)
    i.PendSV_Handler                         0x08001754   Section        0  stm32f4xx_it.o(i.PendSV_Handler)
    i.RCC_AHB1PeriphClockCmd                 0x08001758   Section        0  stm32f4xx_rcc.o(i.RCC_AHB1PeriphClockCmd)
    i.RCC_APB1PeriphClockCmd                 0x08001778   Section        0  stm32f4xx_rcc.o(i.RCC_APB1PeriphClockCmd)
    i.RCC_APB2PeriphClockCmd                 0x08001798   Section        0  stm32f4xx_rcc.o(i.RCC_APB2PeriphClockCmd)
    i.RCC_GetClocksFreq                      0x080017b8   Section        0  stm32f4xx_rcc.o(i.RCC_GetClocksFreq)
    i.Read_Encoder                           0x080018a0   Section        0  dev_motor.o(i.Read_Encoder)
    i.SVC_Handler                            0x080018b2   Section        0  stm32f4xx_it.o(i.SVC_Handler)
    i.SetSysClock                            0x080018b4   Section        0  system_stm32f4xx.o(i.SetSysClock)
    SetSysClock                              0x080018b5   Thumb Code   220  system_stm32f4xx.o(i.SetSysClock)
    i.SysTick_Handler                        0x080019a0   Section        0  stm32f4xx_it.o(i.SysTick_Handler)
    i.SysTicks_Config                        0x080019a4   Section        0  dev_systickstimer.o(i.SysTicks_Config)
    i.SystemInit                             0x080019d8   Section        0  system_stm32f4xx.o(i.SystemInit)
    i.Systicks_Nms                           0x08001a40   Section        0  dev_systickstimer.o(i.Systicks_Nms)
    i.Systicks_Nus                           0x08001a78   Section        0  dev_systickstimer.o(i.Systicks_Nus)
    i.TI1_Config                             0x08001ac4   Section        0  stm32f4xx_tim.o(i.TI1_Config)
    TI1_Config                               0x08001ac5   Thumb Code    58  stm32f4xx_tim.o(i.TI1_Config)
    i.TI2_Config                             0x08001afe   Section        0  stm32f4xx_tim.o(i.TI2_Config)
    TI2_Config                               0x08001aff   Thumb Code    80  stm32f4xx_tim.o(i.TI2_Config)
    i.TI3_Config                             0x08001b4e   Section        0  stm32f4xx_tim.o(i.TI3_Config)
    TI3_Config                               0x08001b4f   Thumb Code    72  stm32f4xx_tim.o(i.TI3_Config)
    i.TI4_Config                             0x08001b96   Section        0  stm32f4xx_tim.o(i.TI4_Config)
    TI4_Config                               0x08001b97   Thumb Code    80  stm32f4xx_tim.o(i.TI4_Config)
    i.TIM_ARRPreloadConfig                   0x08001be6   Section        0  stm32f4xx_tim.o(i.TIM_ARRPreloadConfig)
    i.TIM_Cmd                                0x08001bfe   Section        0  stm32f4xx_tim.o(i.TIM_Cmd)
    i.TIM_EncoderInterfaceConfig             0x08001c16   Section        0  stm32f4xx_tim.o(i.TIM_EncoderInterfaceConfig)
    i.TIM_ICInit                             0x08001c58   Section        0  stm32f4xx_tim.o(i.TIM_ICInit)
    i.TIM_ICStructInit                       0x08001cc6   Section        0  stm32f4xx_tim.o(i.TIM_ICStructInit)
    i.TIM_OC1Init                            0x08001cd8   Section        0  stm32f4xx_tim.o(i.TIM_OC1Init)
    i.TIM_OC1PreloadConfig                   0x08001d54   Section        0  stm32f4xx_tim.o(i.TIM_OC1PreloadConfig)
    i.TIM_OC3Init                            0x08001d68   Section        0  stm32f4xx_tim.o(i.TIM_OC3Init)
    i.TIM_OC3PreloadConfig                   0x08001e08   Section        0  stm32f4xx_tim.o(i.TIM_OC3PreloadConfig)
    i.TIM_SetCompare1                        0x08001e1a   Section        0  stm32f4xx_tim.o(i.TIM_SetCompare1)
    i.TIM_SetCompare3                        0x08001e1e   Section        0  stm32f4xx_tim.o(i.TIM_SetCompare3)
    i.TIM_SetCounter                         0x08001e22   Section        0  stm32f4xx_tim.o(i.TIM_SetCounter)
    i.TIM_SetIC1Prescaler                    0x08001e26   Section        0  stm32f4xx_tim.o(i.TIM_SetIC1Prescaler)
    i.TIM_SetIC2Prescaler                    0x08001e38   Section        0  stm32f4xx_tim.o(i.TIM_SetIC2Prescaler)
    i.TIM_SetIC3Prescaler                    0x08001e52   Section        0  stm32f4xx_tim.o(i.TIM_SetIC3Prescaler)
    i.TIM_SetIC4Prescaler                    0x08001e64   Section        0  stm32f4xx_tim.o(i.TIM_SetIC4Prescaler)
    i.TIM_TimeBaseInit                       0x08001e80   Section        0  stm32f4xx_tim.o(i.TIM_TimeBaseInit)
    i.TIM_TimeBaseStructInit                 0x08001f04   Section        0  stm32f4xx_tim.o(i.TIM_TimeBaseStructInit)
    i.Task_100Hz                             0x08001f18   Section        0  tasks.o(i.Task_100Hz)
    i.Task_200Hz                             0x08001fd4   Section        0  tasks.o(i.Task_200Hz)
    i.USART1_IRQHandler                      0x0800201c   Section        0  stm32f4xx_it.o(i.USART1_IRQHandler)
    i.USART2_IRQHandler                      0x08002060   Section        0  stm32f4xx_it.o(i.USART2_IRQHandler)
    i.USART_ClearFlag                        0x080020a8   Section        0  stm32f4xx_usart.o(i.USART_ClearFlag)
    i.USART_ClearITPendingBit                0x080020ba   Section        0  stm32f4xx_usart.o(i.USART_ClearITPendingBit)
    i.USART_Cmd                              0x080020d8   Section        0  stm32f4xx_usart.o(i.USART_Cmd)
    i.USART_GetFlagStatus                    0x080020f0   Section        0  stm32f4xx_usart.o(i.USART_GetFlagStatus)
    i.USART_GetITStatus                      0x0800210a   Section        0  stm32f4xx_usart.o(i.USART_GetITStatus)
    i.USART_INIT_407                         0x08002160   Section        0  dev_usart.o(i.USART_INIT_407)
    i.USART_ITConfig                         0x0800234c   Section        0  stm32f4xx_usart.o(i.USART_ITConfig)
    i.USART_Init                             0x08002398   Section        0  stm32f4xx_usart.o(i.USART_Init)
    i.USART_ReceiveData                      0x0800246c   Section        0  stm32f4xx_usart.o(i.USART_ReceiveData)
    i.USART_SendData                         0x08002476   Section        0  stm32f4xx_usart.o(i.USART_SendData)
    i.UsageFault_Handler                     0x0800247e   Section        0  stm32f4xx_it.o(i.UsageFault_Handler)
    i.Vertical_Ring_PD                       0x08002484   Section        0  dev_motor.o(i.Vertical_Ring_PD)
    i.__0printf                              0x080024c4   Section        0  printfa.o(i.__0printf)
    i.__0sprintf                             0x080024e4   Section        0  printfa.o(i.__0sprintf)
    i.__ARM_fpclassify                       0x0800250c   Section        0  fpclassify.o(i.__ARM_fpclassify)
    i.__hardfp_asin                          0x08002540   Section        0  asin.o(i.__hardfp_asin)
    i.__hardfp_atan                          0x080028a0   Section        0  atan.o(i.__hardfp_atan)
    i.__hardfp_atan2                         0x08002b78   Section        0  atan2.o(i.__hardfp_atan2)
    i.__kernel_poly                          0x08002d78   Section        0  poly.o(i.__kernel_poly)
    i.__mathlib_dbl_infnan                   0x08002e70   Section        0  dunder.o(i.__mathlib_dbl_infnan)
    i.__mathlib_dbl_infnan2                  0x08002e84   Section        0  dunder.o(i.__mathlib_dbl_infnan2)
    i.__mathlib_dbl_invalid                  0x08002e98   Section        0  dunder.o(i.__mathlib_dbl_invalid)
    i.__mathlib_dbl_underflow                0x08002eb8   Section        0  dunder.o(i.__mathlib_dbl_underflow)
    i.__scatterload_copy                     0x08002ed8   Section       14  handlers.o(i.__scatterload_copy)
    i.__scatterload_null                     0x08002ee6   Section        2  handlers.o(i.__scatterload_null)
    i.__scatterload_zeroinit                 0x08002ee8   Section       14  handlers.o(i.__scatterload_zeroinit)
    i.__set_errno                            0x08002ef8   Section        0  errno.o(i.__set_errno)
    i._fp_digits                             0x08002f04   Section        0  printfa.o(i._fp_digits)
    _fp_digits                               0x08002f05   Thumb Code   366  printfa.o(i._fp_digits)
    i._printf_core                           0x08003088   Section        0  printfa.o(i._printf_core)
    _printf_core                             0x08003089   Thumb Code  1704  printfa.o(i._printf_core)
    i._printf_post_padding                   0x0800373c   Section        0  printfa.o(i._printf_post_padding)
    _printf_post_padding                     0x0800373d   Thumb Code    36  printfa.o(i._printf_post_padding)
    i._printf_pre_padding                    0x08003760   Section        0  printfa.o(i._printf_pre_padding)
    _printf_pre_padding                      0x08003761   Thumb Code    46  printfa.o(i._printf_pre_padding)
    i._sputc                                 0x0800378e   Section        0  printfa.o(i._sputc)
    _sputc                                   0x0800378f   Thumb Code    10  printfa.o(i._sputc)
    i.accel_self_test                        0x08003798   Section        0  inv_mpu.o(i.accel_self_test)
    accel_self_test                          0x08003799   Thumb Code   182  inv_mpu.o(i.accel_self_test)
    i.atan                                   0x08003858   Section        0  atan.o(i.atan)
    i.decode_gesture                         0x08003868   Section        0  inv_mpu_dmp_motion_driver.o(i.decode_gesture)
    decode_gesture                           0x08003869   Thumb Code    94  inv_mpu_dmp_motion_driver.o(i.decode_gesture)
    i.delay_xms                              0x080038cc   Section        0  dev_systickstimer.o(i.delay_xms)
    i.dmp_enable_6x_lp_quat                  0x08003918   Section        0  inv_mpu_dmp_motion_driver.o(i.dmp_enable_6x_lp_quat)
    i.dmp_enable_feature                     0x08003954   Section        0  inv_mpu_dmp_motion_driver.o(i.dmp_enable_feature)
    i.dmp_enable_gyro_cal                    0x08003b70   Section        0  inv_mpu_dmp_motion_driver.o(i.dmp_enable_gyro_cal)
    i.dmp_enable_lp_quat                     0x08003bc8   Section        0  inv_mpu_dmp_motion_driver.o(i.dmp_enable_lp_quat)
    i.dmp_load_motion_driver_firmware        0x08003c04   Section        0  inv_mpu_dmp_motion_driver.o(i.dmp_load_motion_driver_firmware)
    i.dmp_read_fifo                          0x08003c1c   Section        0  inv_mpu_dmp_motion_driver.o(i.dmp_read_fifo)
    i.dmp_set_accel_bias                     0x08003de8   Section        0  inv_mpu_dmp_motion_driver.o(i.dmp_set_accel_bias)
    i.dmp_set_fifo_rate                      0x08003f18   Section        0  inv_mpu_dmp_motion_driver.o(i.dmp_set_fifo_rate)
    i.dmp_set_gyro_bias                      0x08003f88   Section        0  inv_mpu_dmp_motion_driver.o(i.dmp_set_gyro_bias)
    i.dmp_set_orientation                    0x080040b8   Section        0  inv_mpu_dmp_motion_driver.o(i.dmp_set_orientation)
    i.dmp_set_shake_reject_thresh            0x080041f0   Section        0  inv_mpu_dmp_motion_driver.o(i.dmp_set_shake_reject_thresh)
    i.dmp_set_shake_reject_time              0x08004228   Section        0  inv_mpu_dmp_motion_driver.o(i.dmp_set_shake_reject_time)
    i.dmp_set_shake_reject_timeout           0x0800424e   Section        0  inv_mpu_dmp_motion_driver.o(i.dmp_set_shake_reject_timeout)
    i.dmp_set_tap_axes                       0x08004274   Section        0  inv_mpu_dmp_motion_driver.o(i.dmp_set_tap_axes)
    i.dmp_set_tap_count                      0x080042ba   Section        0  inv_mpu_dmp_motion_driver.o(i.dmp_set_tap_count)
    i.dmp_set_tap_thresh                     0x080042e0   Section        0  inv_mpu_dmp_motion_driver.o(i.dmp_set_tap_thresh)
    i.dmp_set_tap_time                       0x080044a0   Section        0  inv_mpu_dmp_motion_driver.o(i.dmp_set_tap_time)
    i.dmp_set_tap_time_multi                 0x080044c6   Section        0  inv_mpu_dmp_motion_driver.o(i.dmp_set_tap_time_multi)
    i.fabs                                   0x080044ec   Section        0  fabs.o(i.fabs)
    i.fputc                                  0x08004504   Section        0  dev_usart.o(i.fputc)
    i.get_accel_prod_shift                   0x08004528   Section        0  inv_mpu.o(i.get_accel_prod_shift)
    get_accel_prod_shift                     0x08004529   Thumb Code   190  inv_mpu.o(i.get_accel_prod_shift)
    i.get_st_biases                          0x080045f8   Section        0  inv_mpu.o(i.get_st_biases)
    get_st_biases                            0x080045f9   Thumb Code  1128  inv_mpu.o(i.get_st_biases)
    i.gyro_self_test                         0x08004a64   Section        0  inv_mpu.o(i.gyro_self_test)
    gyro_self_test                           0x08004a65   Thumb Code   262  inv_mpu.o(i.gyro_self_test)
    i.inv_orientation_matrix_to_scalar       0x08004b80   Section        0  inv_mpu_user.o(i.inv_orientation_matrix_to_scalar)
    i.inv_row_2_scale                        0x08004ba8   Section        0  inv_mpu_user.o(i.inv_row_2_scale)
    i.main                                   0x08004bf8   Section        0  main.o(i.main)
    i.mpu_configure_fifo                     0x08004c98   Section        0  inv_mpu.o(i.mpu_configure_fifo)
    i.mpu_dmp_get_data                       0x08004d08   Section        0  inv_mpu_user.o(i.mpu_dmp_get_data)
    i.mpu_dmp_init                           0x08004f6c   Section        0  inv_mpu_user.o(i.mpu_dmp_init)
    i.mpu_get_accel_fsr                      0x08005000   Section        0  inv_mpu.o(i.mpu_get_accel_fsr)
    i.mpu_get_accel_sens                     0x0800504c   Section        0  inv_mpu.o(i.mpu_get_accel_sens)
    i.mpu_get_fifo_config                    0x080050a0   Section        0  inv_mpu.o(i.mpu_get_fifo_config)
    i.mpu_get_gyro_fsr                       0x080050b0   Section        0  inv_mpu.o(i.mpu_get_gyro_fsr)
    i.mpu_get_gyro_sens                      0x080050f4   Section        0  inv_mpu.o(i.mpu_get_gyro_sens)
    i.mpu_get_lpf                            0x08005154   Section        0  inv_mpu.o(i.mpu_get_lpf)
    i.mpu_get_sample_rate                    0x080051a4   Section        0  inv_mpu.o(i.mpu_get_sample_rate)
    i.mpu_init                               0x080051c4   Section        0  inv_mpu.o(i.mpu_init)
    i.mpu_load_firmware                      0x080053b8   Section        0  inv_mpu.o(i.mpu_load_firmware)
    i.mpu_lp_accel_mode                      0x08005470   Section        0  inv_mpu.o(i.mpu_lp_accel_mode)
    i.mpu_read_fifo_stream                   0x08005550   Section        0  inv_mpu.o(i.mpu_read_fifo_stream)
    i.mpu_read_mem                           0x08005610   Section        0  inv_mpu.o(i.mpu_read_mem)
    i.mpu_reset_fifo                         0x08005690   Section        0  inv_mpu.o(i.mpu_reset_fifo)
    i.mpu_run_self_test                      0x08005858   Section        0  inv_mpu.o(i.mpu_run_self_test)
    i.mpu_set_accel_fsr                      0x08005974   Section        0  inv_mpu.o(i.mpu_set_accel_fsr)
    i.mpu_set_bypass                         0x080059f8   Section        0  inv_mpu.o(i.mpu_set_bypass)
    i.mpu_set_dmp_state                      0x08005b44   Section        0  inv_mpu.o(i.mpu_set_dmp_state)
    i.mpu_set_gyro_fsr                       0x08005bd4   Section        0  inv_mpu.o(i.mpu_set_gyro_fsr)
    i.mpu_set_int_latched                    0x08005c5c   Section        0  inv_mpu.o(i.mpu_set_int_latched)
    i.mpu_set_lpf                            0x08005cc8   Section        0  inv_mpu.o(i.mpu_set_lpf)
    i.mpu_set_sample_rate                    0x08005d4c   Section        0  inv_mpu.o(i.mpu_set_sample_rate)
    i.mpu_set_sensors                        0x08005de8   Section        0  inv_mpu.o(i.mpu_set_sensors)
    i.mpu_write_mem                          0x08005eb8   Section        0  inv_mpu.o(i.mpu_write_mem)
    i.oled_GPIO_Init                         0x08005f38   Section        0  dev_oled.o(i.oled_GPIO_Init)
    i.oled_Init                              0x08005fbc   Section        0  dev_oled.o(i.oled_Init)
    i.oled_Mode_Init                         0x08005fe0   Section        0  dev_oled.o(i.oled_Mode_Init)
    i.run_self_test                          0x080060da   Section        0  inv_mpu_user.o(i.run_self_test)
    i.set_int_enable                         0x08006174   Section        0  inv_mpu.o(i.set_int_enable)
    set_int_enable                           0x08006175   Thumb Code   138  inv_mpu.o(i.set_int_enable)
    i.sqrt                                   0x08006204   Section        0  sqrt.o(i.sqrt)
    i.stm32f4_mpu_dmp_get_clock_ms           0x08006272   Section        0  inv_mpu_dmp_motion_driver.o(i.stm32f4_mpu_dmp_get_clock_ms)
    stm32f4_mpu_dmp_get_clock_ms             0x08006273   Thumb Code     2  inv_mpu_dmp_motion_driver.o(i.stm32f4_mpu_dmp_get_clock_ms)
    .constdata                               0x08006274   Section     2072  dev_oled.o(.constdata)
    .constdata                               0x08006a8c   Section       84  inv_mpu.o(.constdata)
    .constdata                               0x08006ae0   Section     3062  inv_mpu_dmp_motion_driver.o(.constdata)
    dmp_memory                               0x08006ae0   Data        3062  inv_mpu_dmp_motion_driver.o(.constdata)
    .constdata                               0x080076d8   Section       80  asin.o(.constdata)
    pS                                       0x080076d8   Data          48  asin.o(.constdata)
    qS                                       0x08007708   Data          32  asin.o(.constdata)
    .constdata                               0x08007728   Section      152  atan.o(.constdata)
    atanhi                                   0x08007728   Data          32  atan.o(.constdata)
    atanlo                                   0x08007748   Data          32  atan.o(.constdata)
    aTodd                                    0x08007768   Data          40  atan.o(.constdata)
    aTeven                                   0x08007790   Data          48  atan.o(.constdata)
    .constdata                               0x080077c0   Section        8  qnan.o(.constdata)
    .conststring                             0x080077c8   Section       77  inv_mpu.o(.conststring)
    .data                                    0x20000000   Section        8  dev_systickstimer.o(.data)
    .data                                    0x20000008   Section        8  dev_motor.o(.data)
    .data                                    0x20000010   Section       16  tasks.o(.data)
    .data                                    0x20000020   Section       16  stm32f4xx_rcc.o(.data)
    APBAHBPrescTable                         0x20000020   Data          16  stm32f4xx_rcc.o(.data)
    .data                                    0x20000030   Section       44  inv_mpu.o(.data)
    st                                       0x20000030   Data          44  inv_mpu.o(.data)
    .data                                    0x2000005c   Section       21  inv_mpu_user.o(.data)
    gyro_orientation                         0x20000068   Data           9  inv_mpu_user.o(.data)
    .data                                    0x20000074   Section        4  stdout.o(.data)
    .data                                    0x20000078   Section        4  errno.o(.data)
    _errno                                   0x20000078   Data           4  errno.o(.data)
    .bss                                     0x2000007c   Section       12  tasks.o(.bss)
    oldDmpData                               0x2000007c   Data          12  tasks.o(.bss)
    .bss                                     0x20000088   Section       16  inv_mpu_dmp_motion_driver.o(.bss)
    dmp                                      0x20000088   Data          16  inv_mpu_dmp_motion_driver.o(.bss)
    .bss                                     0x20000098   Section       12  inv_mpu_user.o(.bss)
    STACK                                    0x200000a8   Section     2048  startup_stm32f40_41xxx.o(STACK)

    Global Symbols

    Symbol Name                              Value     Ov Type        Size  Object(Section)

    BuildAttributes$$THM_ISAv4$E$P$D$K$B$S$7EM$VFPi3$EXTD16$VFPS$VFMA$PE$A:L22UL41UL21$X:L11$S22US41US21$IEEE1$IW$USESV6$~STKCKD$USESV7$~SHL$OTIME$ROPI$IEEEX$EBA8$MICROLIB$REQ8$PRES8$EABIv2 0x00000000   Number         0  anon$$obj.o ABSOLUTE
    __ARM_use_no_argv                        0x00000000   Number         0  main.o ABSOLUTE
    _printf_a                                0x00000000   Number         0  stubs.o ABSOLUTE
    _printf_c                                0x00000000   Number         0  stubs.o ABSOLUTE
    _printf_charcount                        0x00000000   Number         0  stubs.o ABSOLUTE
    _printf_d                                0x00000000   Number         0  stubs.o ABSOLUTE
    _printf_e                                0x00000000   Number         0  stubs.o ABSOLUTE
    _printf_f                                0x00000000   Number         0  stubs.o ABSOLUTE
    _printf_flags                            0x00000000   Number         0  stubs.o ABSOLUTE
    _printf_fp_dec                           0x00000000   Number         0  stubs.o ABSOLUTE
    _printf_fp_hex                           0x00000000   Number         0  stubs.o ABSOLUTE
    _printf_g                                0x00000000   Number         0  stubs.o ABSOLUTE
    _printf_i                                0x00000000   Number         0  stubs.o ABSOLUTE
    _printf_int_dec                          0x00000000   Number         0  stubs.o ABSOLUTE
    _printf_l                                0x00000000   Number         0  stubs.o ABSOLUTE
    _printf_lc                               0x00000000   Number         0  stubs.o ABSOLUTE
    _printf_ll                               0x00000000   Number         0  stubs.o ABSOLUTE
    _printf_lld                              0x00000000   Number         0  stubs.o ABSOLUTE
    _printf_lli                              0x00000000   Number         0  stubs.o ABSOLUTE
    _printf_llo                              0x00000000   Number         0  stubs.o ABSOLUTE
    _printf_llu                              0x00000000   Number         0  stubs.o ABSOLUTE
    _printf_llx                              0x00000000   Number         0  stubs.o ABSOLUTE
    _printf_longlong_dec                     0x00000000   Number         0  stubs.o ABSOLUTE
    _printf_longlong_hex                     0x00000000   Number         0  stubs.o ABSOLUTE
    _printf_longlong_oct                     0x00000000   Number         0  stubs.o ABSOLUTE
    _printf_ls                               0x00000000   Number         0  stubs.o ABSOLUTE
    _printf_mbtowc                           0x00000000   Number         0  stubs.o ABSOLUTE
    _printf_n                                0x00000000   Number         0  stubs.o ABSOLUTE
    _printf_o                                0x00000000   Number         0  stubs.o ABSOLUTE
    _printf_p                                0x00000000   Number         0  stubs.o ABSOLUTE
    _printf_percent                          0x00000000   Number         0  stubs.o ABSOLUTE
    _printf_pre_padding                      0x00000000   Number         0  stubs.o ABSOLUTE
    _printf_return_value                     0x00000000   Number         0  stubs.o ABSOLUTE
    _printf_s                                0x00000000   Number         0  stubs.o ABSOLUTE
    _printf_sizespec                         0x00000000   Number         0  stubs.o ABSOLUTE
    _printf_str                              0x00000000   Number         0  stubs.o ABSOLUTE
    _printf_truncate_signed                  0x00000000   Number         0  stubs.o ABSOLUTE
    _printf_truncate_unsigned                0x00000000   Number         0  stubs.o ABSOLUTE
    _printf_u                                0x00000000   Number         0  stubs.o ABSOLUTE
    _printf_wc                               0x00000000   Number         0  stubs.o ABSOLUTE
    _printf_wctomb                           0x00000000   Number         0  stubs.o ABSOLUTE
    _printf_widthprec                        0x00000000   Number         0  stubs.o ABSOLUTE
    _printf_x                                0x00000000   Number         0  stubs.o ABSOLUTE
    __arm_fini_                               - Undefined Weak Reference
    __cpp_initialize__aeabi_                  - Undefined Weak Reference
    __cxa_finalize                            - Undefined Weak Reference
    __decompress                              - Undefined Weak Reference
    _clock_init                               - Undefined Weak Reference
    _microlib_exit                            - Undefined Weak Reference
    __Vectors_Size                           0x00000188   Number         0  startup_stm32f40_41xxx.o ABSOLUTE
    __Vectors                                0x08000000   Data           4  startup_stm32f40_41xxx.o(RESET)
    __Vectors_End                            0x08000188   Data           0  startup_stm32f40_41xxx.o(RESET)
    __main                                   0x08000189   Thumb Code     0  entry.o(.ARM.Collect$$$$00000000)
    _main_stk                                0x08000189   Thumb Code     0  entry2.o(.ARM.Collect$$$$00000001)
    _main_scatterload                        0x0800018d   Thumb Code     0  entry5.o(.ARM.Collect$$$$00000004)
    __main_after_scatterload                 0x08000191   Thumb Code     0  entry5.o(.ARM.Collect$$$$00000004)
    _main_clock                              0x08000191   Thumb Code     0  entry7b.o(.ARM.Collect$$$$00000008)
    _main_cpp_init                           0x08000191   Thumb Code     0  entry8b.o(.ARM.Collect$$$$0000000A)
    _main_init                               0x08000191   Thumb Code     0  entry9a.o(.ARM.Collect$$$$0000000B)
    __rt_lib_shutdown_fini                   0x08000199   Thumb Code     0  entry12b.o(.ARM.Collect$$$$0000000E)
    __rt_final_cpp                           0x0800019d   Thumb Code     0  entry10a.o(.ARM.Collect$$$$0000000F)
    __rt_final_exit                          0x0800019d   Thumb Code     0  entry11a.o(.ARM.Collect$$$$00000011)
    Reset_Handler                            0x080001a1   Thumb Code     8  startup_stm32f40_41xxx.o(.text)
    ADC_IRQHandler                           0x080001bb   Thumb Code     0  startup_stm32f40_41xxx.o(.text)
    CAN1_RX0_IRQHandler                      0x080001bb   Thumb Code     0  startup_stm32f40_41xxx.o(.text)
    CAN1_RX1_IRQHandler                      0x080001bb   Thumb Code     0  startup_stm32f40_41xxx.o(.text)
    CAN1_SCE_IRQHandler                      0x080001bb   Thumb Code     0  startup_stm32f40_41xxx.o(.text)
    CAN1_TX_IRQHandler                       0x080001bb   Thumb Code     0  startup_stm32f40_41xxx.o(.text)
    CAN2_RX0_IRQHandler                      0x080001bb   Thumb Code     0  startup_stm32f40_41xxx.o(.text)
    CAN2_RX1_IRQHandler                      0x080001bb   Thumb Code     0  startup_stm32f40_41xxx.o(.text)
    CAN2_SCE_IRQHandler                      0x080001bb   Thumb Code     0  startup_stm32f40_41xxx.o(.text)
    CAN2_TX_IRQHandler                       0x080001bb   Thumb Code     0  startup_stm32f40_41xxx.o(.text)
    CRYP_IRQHandler                          0x080001bb   Thumb Code     0  startup_stm32f40_41xxx.o(.text)
    DCMI_IRQHandler                          0x080001bb   Thumb Code     0  startup_stm32f40_41xxx.o(.text)
    DMA1_Stream0_IRQHandler                  0x080001bb   Thumb Code     0  startup_stm32f40_41xxx.o(.text)
    DMA1_Stream1_IRQHandler                  0x080001bb   Thumb Code     0  startup_stm32f40_41xxx.o(.text)
    DMA1_Stream2_IRQHandler                  0x080001bb   Thumb Code     0  startup_stm32f40_41xxx.o(.text)
    DMA1_Stream3_IRQHandler                  0x080001bb   Thumb Code     0  startup_stm32f40_41xxx.o(.text)
    DMA1_Stream4_IRQHandler                  0x080001bb   Thumb Code     0  startup_stm32f40_41xxx.o(.text)
    DMA1_Stream5_IRQHandler                  0x080001bb   Thumb Code     0  startup_stm32f40_41xxx.o(.text)
    DMA1_Stream6_IRQHandler                  0x080001bb   Thumb Code     0  startup_stm32f40_41xxx.o(.text)
    DMA1_Stream7_IRQHandler                  0x080001bb   Thumb Code     0  startup_stm32f40_41xxx.o(.text)
    DMA2_Stream0_IRQHandler                  0x080001bb   Thumb Code     0  startup_stm32f40_41xxx.o(.text)
    DMA2_Stream1_IRQHandler                  0x080001bb   Thumb Code     0  startup_stm32f40_41xxx.o(.text)
    DMA2_Stream2_IRQHandler                  0x080001bb   Thumb Code     0  startup_stm32f40_41xxx.o(.text)
    DMA2_Stream3_IRQHandler                  0x080001bb   Thumb Code     0  startup_stm32f40_41xxx.o(.text)
    DMA2_Stream4_IRQHandler                  0x080001bb   Thumb Code     0  startup_stm32f40_41xxx.o(.text)
    DMA2_Stream5_IRQHandler                  0x080001bb   Thumb Code     0  startup_stm32f40_41xxx.o(.text)
    DMA2_Stream6_IRQHandler                  0x080001bb   Thumb Code     0  startup_stm32f40_41xxx.o(.text)
    DMA2_Stream7_IRQHandler                  0x080001bb   Thumb Code     0  startup_stm32f40_41xxx.o(.text)
    ETH_IRQHandler                           0x080001bb   Thumb Code     0  startup_stm32f40_41xxx.o(.text)
    ETH_WKUP_IRQHandler                      0x080001bb   Thumb Code     0  startup_stm32f40_41xxx.o(.text)
    EXTI0_IRQHandler                         0x080001bb   Thumb Code     0  startup_stm32f40_41xxx.o(.text)
    EXTI15_10_IRQHandler                     0x080001bb   Thumb Code     0  startup_stm32f40_41xxx.o(.text)
    EXTI1_IRQHandler                         0x080001bb   Thumb Code     0  startup_stm32f40_41xxx.o(.text)
    EXTI2_IRQHandler                         0x080001bb   Thumb Code     0  startup_stm32f40_41xxx.o(.text)
    EXTI3_IRQHandler                         0x080001bb   Thumb Code     0  startup_stm32f40_41xxx.o(.text)
    EXTI4_IRQHandler                         0x080001bb   Thumb Code     0  startup_stm32f40_41xxx.o(.text)
    EXTI9_5_IRQHandler                       0x080001bb   Thumb Code     0  startup_stm32f40_41xxx.o(.text)
    FLASH_IRQHandler                         0x080001bb   Thumb Code     0  startup_stm32f40_41xxx.o(.text)
    FPU_IRQHandler                           0x080001bb   Thumb Code     0  startup_stm32f40_41xxx.o(.text)
    FSMC_IRQHandler                          0x080001bb   Thumb Code     0  startup_stm32f40_41xxx.o(.text)
    HASH_RNG_IRQHandler                      0x080001bb   Thumb Code     0  startup_stm32f40_41xxx.o(.text)
    I2C1_ER_IRQHandler                       0x080001bb   Thumb Code     0  startup_stm32f40_41xxx.o(.text)
    I2C1_EV_IRQHandler                       0x080001bb   Thumb Code     0  startup_stm32f40_41xxx.o(.text)
    I2C2_ER_IRQHandler                       0x080001bb   Thumb Code     0  startup_stm32f40_41xxx.o(.text)
    I2C2_EV_IRQHandler                       0x080001bb   Thumb Code     0  startup_stm32f40_41xxx.o(.text)
    I2C3_ER_IRQHandler                       0x080001bb   Thumb Code     0  startup_stm32f40_41xxx.o(.text)
    I2C3_EV_IRQHandler                       0x080001bb   Thumb Code     0  startup_stm32f40_41xxx.o(.text)
    OTG_FS_IRQHandler                        0x080001bb   Thumb Code     0  startup_stm32f40_41xxx.o(.text)
    OTG_FS_WKUP_IRQHandler                   0x080001bb   Thumb Code     0  startup_stm32f40_41xxx.o(.text)
    OTG_HS_EP1_IN_IRQHandler                 0x080001bb   Thumb Code     0  startup_stm32f40_41xxx.o(.text)
    OTG_HS_EP1_OUT_IRQHandler                0x080001bb   Thumb Code     0  startup_stm32f40_41xxx.o(.text)
    OTG_HS_IRQHandler                        0x080001bb   Thumb Code     0  startup_stm32f40_41xxx.o(.text)
    OTG_HS_WKUP_IRQHandler                   0x080001bb   Thumb Code     0  startup_stm32f40_41xxx.o(.text)
    PVD_IRQHandler                           0x080001bb   Thumb Code     0  startup_stm32f40_41xxx.o(.text)
    RCC_IRQHandler                           0x080001bb   Thumb Code     0  startup_stm32f40_41xxx.o(.text)
    RTC_Alarm_IRQHandler                     0x080001bb   Thumb Code     0  startup_stm32f40_41xxx.o(.text)
    RTC_WKUP_IRQHandler                      0x080001bb   Thumb Code     0  startup_stm32f40_41xxx.o(.text)
    SDIO_IRQHandler                          0x080001bb   Thumb Code     0  startup_stm32f40_41xxx.o(.text)
    SPI1_IRQHandler                          0x080001bb   Thumb Code     0  startup_stm32f40_41xxx.o(.text)
    SPI2_IRQHandler                          0x080001bb   Thumb Code     0  startup_stm32f40_41xxx.o(.text)
    SPI3_IRQHandler                          0x080001bb   Thumb Code     0  startup_stm32f40_41xxx.o(.text)
    TAMP_STAMP_IRQHandler                    0x080001bb   Thumb Code     0  startup_stm32f40_41xxx.o(.text)
    TIM1_BRK_TIM9_IRQHandler                 0x080001bb   Thumb Code     0  startup_stm32f40_41xxx.o(.text)
    TIM1_CC_IRQHandler                       0x080001bb   Thumb Code     0  startup_stm32f40_41xxx.o(.text)
    TIM1_TRG_COM_TIM11_IRQHandler            0x080001bb   Thumb Code     0  startup_stm32f40_41xxx.o(.text)
    TIM1_UP_TIM10_IRQHandler                 0x080001bb   Thumb Code     0  startup_stm32f40_41xxx.o(.text)
    TIM2_IRQHandler                          0x080001bb   Thumb Code     0  startup_stm32f40_41xxx.o(.text)
    TIM3_IRQHandler                          0x080001bb   Thumb Code     0  startup_stm32f40_41xxx.o(.text)
    TIM4_IRQHandler                          0x080001bb   Thumb Code     0  startup_stm32f40_41xxx.o(.text)
    TIM5_IRQHandler                          0x080001bb   Thumb Code     0  startup_stm32f40_41xxx.o(.text)
    TIM6_DAC_IRQHandler                      0x080001bb   Thumb Code     0  startup_stm32f40_41xxx.o(.text)
    TIM7_IRQHandler                          0x080001bb   Thumb Code     0  startup_stm32f40_41xxx.o(.text)
    TIM8_BRK_TIM12_IRQHandler                0x080001bb   Thumb Code     0  startup_stm32f40_41xxx.o(.text)
    TIM8_CC_IRQHandler                       0x080001bb   Thumb Code     0  startup_stm32f40_41xxx.o(.text)
    TIM8_TRG_COM_TIM14_IRQHandler            0x080001bb   Thumb Code     0  startup_stm32f40_41xxx.o(.text)
    TIM8_UP_TIM13_IRQHandler                 0x080001bb   Thumb Code     0  startup_stm32f40_41xxx.o(.text)
    UART4_IRQHandler                         0x080001bb   Thumb Code     0  startup_stm32f40_41xxx.o(.text)
    UART5_IRQHandler                         0x080001bb   Thumb Code     0  startup_stm32f40_41xxx.o(.text)
    USART3_IRQHandler                        0x080001bb   Thumb Code     0  startup_stm32f40_41xxx.o(.text)
    USART6_IRQHandler                        0x080001bb   Thumb Code     0  startup_stm32f40_41xxx.o(.text)
    WWDG_IRQHandler                          0x080001bb   Thumb Code     0  startup_stm32f40_41xxx.o(.text)
    __aeabi_ldivmod                          0x080001c5   Thumb Code    98  ldiv.o(.text)
    __aeabi_memset                           0x08000227   Thumb Code    14  memseta.o(.text)
    __aeabi_memset4                          0x08000227   Thumb Code     0  memseta.o(.text)
    __aeabi_memset8                          0x08000227   Thumb Code     0  memseta.o(.text)
    __aeabi_memclr                           0x08000235   Thumb Code     4  memseta.o(.text)
    __aeabi_memclr4                          0x08000235   Thumb Code     0  memseta.o(.text)
    __aeabi_memclr8                          0x08000235   Thumb Code     0  memseta.o(.text)
    _memset$wrapper                          0x08000239   Thumb Code    18  memseta.o(.text)
    memcmp                                   0x0800024b   Thumb Code    26  memcmp.o(.text)
    __aeabi_dmul                             0x08000265   Thumb Code   228  dmul.o(.text)
    __aeabi_f2d                              0x08000349   Thumb Code    38  f2d.o(.text)
    __aeabi_d2f                              0x0800036f   Thumb Code    56  d2f.o(.text)
    __aeabi_uidiv                            0x080003a7   Thumb Code     0  uidiv.o(.text)
    __aeabi_uidivmod                         0x080003a7   Thumb Code    44  uidiv.o(.text)
    __aeabi_uldivmod                         0x080003d3   Thumb Code    98  uldiv.o(.text)
    __I$use$fp                               0x08000435   Thumb Code     0  iusefp.o(.text)
    _float_round                             0x08000435   Thumb Code    18  fepilogue.o(.text)
    _float_epilogue                          0x08000447   Thumb Code    92  fepilogue.o(.text)
    _double_round                            0x080004a3   Thumb Code    30  depilogue.o(.text)
    _double_epilogue                         0x080004c1   Thumb Code   156  depilogue.o(.text)
    __aeabi_dadd                             0x0800055d   Thumb Code   322  dadd.o(.text)
    __aeabi_dsub                             0x0800069f   Thumb Code     6  dadd.o(.text)
    __aeabi_drsub                            0x080006a5   Thumb Code     6  dadd.o(.text)
    __aeabi_ddiv                             0x080006ab   Thumb Code   222  ddiv.o(.text)
    __aeabi_d2ulz                            0x08000789   Thumb Code    48  dfixul.o(.text)
    __aeabi_cdcmpeq                          0x080007b9   Thumb Code     0  cdcmple.o(.text)
    __aeabi_cdcmple                          0x080007b9   Thumb Code    48  cdcmple.o(.text)
    __aeabi_cdrcmple                         0x080007e9   Thumb Code    48  cdrcmple.o(.text)
    __scatterload                            0x08000819   Thumb Code    28  init.o(.text)
    __scatterload_rt2                        0x08000819   Thumb Code     0  init.o(.text)
    __aeabi_llsl                             0x0800083d   Thumb Code    30  llshl.o(.text)
    _ll_shift_l                              0x0800083d   Thumb Code     0  llshl.o(.text)
    __aeabi_llsr                             0x0800085b   Thumb Code    32  llushr.o(.text)
    _ll_ushift_r                             0x0800085b   Thumb Code     0  llushr.o(.text)
    __aeabi_lasr                             0x0800087b   Thumb Code    36  llsshr.o(.text)
    _ll_sshift_r                             0x0800087b   Thumb Code     0  llsshr.o(.text)
    _dsqrt                                   0x0800089f   Thumb Code   162  dsqrt.o(.text)
    Balance_Dir_Contorl                      0x08000941   Thumb Code    64  dev_motor.o(i.Balance_Dir_Contorl)
    Balance_Speed_Contorl                    0x08000981   Thumb Code    24  dev_motor.o(i.Balance_Speed_Contorl)
    BusFault_Handler                         0x080009a1   Thumb Code     4  stm32f4xx_it.o(i.BusFault_Handler)
    DebugMon_Handler                         0x080009a5   Thumb Code     2  stm32f4xx_it.o(i.DebugMon_Handler)
    GPIO_Init                                0x080009a7   Thumb Code   144  stm32f4xx_gpio.o(i.GPIO_Init)
    GPIO_PinAFConfig                         0x08000a37   Thumb Code    70  stm32f4xx_gpio.o(i.GPIO_PinAFConfig)
    GPIO_ReadInputDataBit                    0x08000a7d   Thumb Code    18  stm32f4xx_gpio.o(i.GPIO_ReadInputDataBit)
    GPIO_ResetBits                           0x08000a8f   Thumb Code     4  stm32f4xx_gpio.o(i.GPIO_ResetBits)
    GPIO_SetBits                             0x08000a93   Thumb Code     4  stm32f4xx_gpio.o(i.GPIO_SetBits)
    HardFault_Handler                        0x08000a97   Thumb Code     4  stm32f4xx_it.o(i.HardFault_Handler)
    IIC_Config                               0x08000a9d   Thumb Code    56  dev_iic.o(i.IIC_Config)
    IIC_RxByteData                           0x08000add   Thumb Code   102  dev_iic.o(i.IIC_RxByteData)
    IIC_SDA_IN                               0x08000b4d   Thumb Code    30  dev_iic.o(i.IIC_SDA_IN)
    IIC_SDA_OUT                              0x08000b71   Thumb Code    36  dev_iic.o(i.IIC_SDA_OUT)
    IIC_SendAck                              0x08000b99   Thumb Code    48  dev_iic.o(i.IIC_SendAck)
    IIC_SendByteData                         0x08000bd1   Thumb Code    98  dev_iic.o(i.IIC_SendByteData)
    IIC_SendNoAck                            0x08000c3d   Thumb Code    48  dev_iic.o(i.IIC_SendNoAck)
    IIC_Start                                0x08000c75   Thumb Code    64  dev_iic.o(i.IIC_Start)
    IIC_Stop                                 0x08000cbd   Thumb Code    56  dev_iic.o(i.IIC_Stop)
    IIC_WaitACK                              0x08000cfd   Thumb Code    74  dev_iic.o(i.IIC_WaitACK)
    LedConfig                                0x08000d51   Thumb Code    78  dev_led.o(i.LedConfig)
    LedControl                               0x08000da9   Thumb Code   156  dev_led.o(i.LedControl)
    M1_DIR_Contorl                           0x08000e4d   Thumb Code    76  dev_motor.o(i.M1_DIR_Contorl)
    M1_Encoder_init                          0x08000ea1   Thumb Code   166  dev_motor.o(i.M1_Encoder_init)
    M1_Read_Encoder                          0x08000f4d   Thumb Code    24  dev_motor.o(i.M1_Read_Encoder)
    M2_DIR_Contorl                           0x08000f65   Thumb Code    88  dev_motor.o(i.M2_DIR_Contorl)
    MPU_Get_ID                               0x08000fc1   Thumb Code    30  dev_mpu6050.o(i.MPU_Get_ID)
    MPU_Init                                 0x08000ff5   Thumb Code   122  dev_mpu6050.o(i.MPU_Init)
    MPU_Read_Len                             0x08001089   Thumb Code   138  dev_mpu6050.o(i.MPU_Read_Len)
    MPU_Set_Accel_Fsr                        0x08001113   Thumb Code    16  dev_mpu6050.o(i.MPU_Set_Accel_Fsr)
    MPU_Set_Gyro_Fsr                         0x08001123   Thumb Code    16  dev_mpu6050.o(i.MPU_Set_Gyro_Fsr)
    MPU_Set_LPF                              0x08001133   Thumb Code    58  dev_mpu6050.o(i.MPU_Set_LPF)
    MPU_Set_Rate                             0x0800116d   Thumb Code    58  dev_mpu6050.o(i.MPU_Set_Rate)
    MPU_Write_Byte                           0x080011a7   Thumb Code    84  dev_mpu6050.o(i.MPU_Write_Byte)
    MPU_Write_Len                            0x080011fb   Thumb Code   112  dev_mpu6050.o(i.MPU_Write_Len)
    MemManage_Handler                        0x0800126b   Thumb Code     4  stm32f4xx_it.o(i.MemManage_Handler)
    Motor_Contorl                            0x0800126f   Thumb Code    78  dev_motor.o(i.Motor_Contorl)
    Motor_Dir_init                           0x080012bd   Thumb Code   118  dev_motor.o(i.Motor_Dir_init)
    Motor_Speed_init                         0x08001341   Thumb Code   216  dev_motor.o(i.Motor_Speed_init)
    Motor_init                               0x08001429   Thumb Code    28  dev_motor.o(i.Motor_init)
    NMI_Handler                              0x08001445   Thumb Code     2  stm32f4xx_it.o(i.NMI_Handler)
    NVIC_Init                                0x08001449   Thumb Code   106  misc.o(i.NVIC_Init)
    NVIC_PriorityGroupConfig                 0x080014c1   Thumb Code    10  misc.o(i.NVIC_PriorityGroupConfig)
    OLED_Clear                               0x080014d5   Thumb Code    76  dev_oled.o(i.OLED_Clear)
    OLED_Set_Pos                             0x08001521   Thumb Code    46  dev_oled.o(i.OLED_Set_Pos)
    OLED_ShowChar                            0x08001551   Thumb Code   154  dev_oled.o(i.OLED_ShowChar)
    OLED_ShowString                          0x080015f5   Thumb Code    54  dev_oled.o(i.OLED_ShowString)
    OLED_USAER_SHOW                          0x0800162d   Thumb Code   138  dev_oled.o(i.OLED_USAER_SHOW)
    PendSV_Handler                           0x08001755   Thumb Code     2  stm32f4xx_it.o(i.PendSV_Handler)
    RCC_AHB1PeriphClockCmd                   0x08001759   Thumb Code    26  stm32f4xx_rcc.o(i.RCC_AHB1PeriphClockCmd)
    RCC_APB1PeriphClockCmd                   0x08001779   Thumb Code    26  stm32f4xx_rcc.o(i.RCC_APB1PeriphClockCmd)
    RCC_APB2PeriphClockCmd                   0x08001799   Thumb Code    26  stm32f4xx_rcc.o(i.RCC_APB2PeriphClockCmd)
    RCC_GetClocksFreq                        0x080017b9   Thumb Code   214  stm32f4xx_rcc.o(i.RCC_GetClocksFreq)
    Read_Encoder                             0x080018a1   Thumb Code    18  dev_motor.o(i.Read_Encoder)
    SVC_Handler                              0x080018b3   Thumb Code     2  stm32f4xx_it.o(i.SVC_Handler)
    SysTick_Handler                          0x080019a1   Thumb Code     2  stm32f4xx_it.o(i.SysTick_Handler)
    SysTicks_Config                          0x080019a5   Thumb Code    44  dev_systickstimer.o(i.SysTicks_Config)
    SystemInit                               0x080019d9   Thumb Code    88  system_stm32f4xx.o(i.SystemInit)
    Systicks_Nms                             0x08001a41   Thumb Code    54  dev_systickstimer.o(i.Systicks_Nms)
    Systicks_Nus                             0x08001a79   Thumb Code    72  dev_systickstimer.o(i.Systicks_Nus)
    TIM_ARRPreloadConfig                     0x08001be7   Thumb Code    24  stm32f4xx_tim.o(i.TIM_ARRPreloadConfig)
    TIM_Cmd                                  0x08001bff   Thumb Code    24  stm32f4xx_tim.o(i.TIM_Cmd)
    TIM_EncoderInterfaceConfig               0x08001c17   Thumb Code    66  stm32f4xx_tim.o(i.TIM_EncoderInterfaceConfig)
    TIM_ICInit                               0x08001c59   Thumb Code   110  stm32f4xx_tim.o(i.TIM_ICInit)
    TIM_ICStructInit                         0x08001cc7   Thumb Code    18  stm32f4xx_tim.o(i.TIM_ICStructInit)
    TIM_OC1Init                              0x08001cd9   Thumb Code   114  stm32f4xx_tim.o(i.TIM_OC1Init)
    TIM_OC1PreloadConfig                     0x08001d55   Thumb Code    18  stm32f4xx_tim.o(i.TIM_OC1PreloadConfig)
    TIM_OC3Init                              0x08001d69   Thumb Code   150  stm32f4xx_tim.o(i.TIM_OC3Init)
    TIM_OC3PreloadConfig                     0x08001e09   Thumb Code    18  stm32f4xx_tim.o(i.TIM_OC3PreloadConfig)
    TIM_SetCompare1                          0x08001e1b   Thumb Code     4  stm32f4xx_tim.o(i.TIM_SetCompare1)
    TIM_SetCompare3                          0x08001e1f   Thumb Code     4  stm32f4xx_tim.o(i.TIM_SetCompare3)
    TIM_SetCounter                           0x08001e23   Thumb Code     4  stm32f4xx_tim.o(i.TIM_SetCounter)
    TIM_SetIC1Prescaler                      0x08001e27   Thumb Code    18  stm32f4xx_tim.o(i.TIM_SetIC1Prescaler)
    TIM_SetIC2Prescaler                      0x08001e39   Thumb Code    26  stm32f4xx_tim.o(i.TIM_SetIC2Prescaler)
    TIM_SetIC3Prescaler                      0x08001e53   Thumb Code    18  stm32f4xx_tim.o(i.TIM_SetIC3Prescaler)
    TIM_SetIC4Prescaler                      0x08001e65   Thumb Code    26  stm32f4xx_tim.o(i.TIM_SetIC4Prescaler)
    TIM_TimeBaseInit                         0x08001e81   Thumb Code   104  stm32f4xx_tim.o(i.TIM_TimeBaseInit)
    TIM_TimeBaseStructInit                   0x08001f05   Thumb Code    18  stm32f4xx_tim.o(i.TIM_TimeBaseStructInit)
    Task_100Hz                               0x08001f19   Thumb Code   160  tasks.o(i.Task_100Hz)
    Task_200Hz                               0x08001fd5   Thumb Code    54  tasks.o(i.Task_200Hz)
    USART1_IRQHandler                        0x0800201d   Thumb Code    64  stm32f4xx_it.o(i.USART1_IRQHandler)
    USART2_IRQHandler                        0x08002061   Thumb Code    64  stm32f4xx_it.o(i.USART2_IRQHandler)
    USART_ClearFlag                          0x080020a9   Thumb Code    18  stm32f4xx_usart.o(i.USART_ClearFlag)
    USART_ClearITPendingBit                  0x080020bb   Thumb Code    30  stm32f4xx_usart.o(i.USART_ClearITPendingBit)
    USART_Cmd                                0x080020d9   Thumb Code    24  stm32f4xx_usart.o(i.USART_Cmd)
    USART_GetFlagStatus                      0x080020f1   Thumb Code    26  stm32f4xx_usart.o(i.USART_GetFlagStatus)
    USART_GetITStatus                        0x0800210b   Thumb Code    84  stm32f4xx_usart.o(i.USART_GetITStatus)
    USART_INIT_407                           0x08002161   Thumb Code   472  dev_usart.o(i.USART_INIT_407)
    USART_ITConfig                           0x0800234d   Thumb Code    74  stm32f4xx_usart.o(i.USART_ITConfig)
    USART_Init                               0x08002399   Thumb Code   204  stm32f4xx_usart.o(i.USART_Init)
    USART_ReceiveData                        0x0800246d   Thumb Code    10  stm32f4xx_usart.o(i.USART_ReceiveData)
    USART_SendData                           0x08002477   Thumb Code     8  stm32f4xx_usart.o(i.USART_SendData)
    UsageFault_Handler                       0x0800247f   Thumb Code     4  stm32f4xx_it.o(i.UsageFault_Handler)
    Vertical_Ring_PD                         0x08002485   Thumb Code    52  dev_motor.o(i.Vertical_Ring_PD)
    __0printf                                0x080024c5   Thumb Code    22  printfa.o(i.__0printf)
    __1printf                                0x080024c5   Thumb Code     0  printfa.o(i.__0printf)
    __2printf                                0x080024c5   Thumb Code     0  printfa.o(i.__0printf)
    __c89printf                              0x080024c5   Thumb Code     0  printfa.o(i.__0printf)
    printf                                   0x080024c5   Thumb Code     0  printfa.o(i.__0printf)
    __0sprintf                               0x080024e5   Thumb Code    34  printfa.o(i.__0sprintf)
    __1sprintf                               0x080024e5   Thumb Code     0  printfa.o(i.__0sprintf)
    __2sprintf                               0x080024e5   Thumb Code     0  printfa.o(i.__0sprintf)
    __c89sprintf                             0x080024e5   Thumb Code     0  printfa.o(i.__0sprintf)
    sprintf                                  0x080024e5   Thumb Code     0  printfa.o(i.__0sprintf)
    __ARM_fpclassify                         0x0800250d   Thumb Code    48  fpclassify.o(i.__ARM_fpclassify)
    __hardfp_asin                            0x08002541   Thumb Code   770  asin.o(i.__hardfp_asin)
    __hardfp_atan                            0x080028a1   Thumb Code   622  atan.o(i.__hardfp_atan)
    __hardfp_atan2                           0x08002b79   Thumb Code   448  atan2.o(i.__hardfp_atan2)
    __kernel_poly                            0x08002d79   Thumb Code   248  poly.o(i.__kernel_poly)
    __mathlib_dbl_infnan                     0x08002e71   Thumb Code    20  dunder.o(i.__mathlib_dbl_infnan)
    __mathlib_dbl_infnan2                    0x08002e85   Thumb Code    20  dunder.o(i.__mathlib_dbl_infnan2)
    __mathlib_dbl_invalid                    0x08002e99   Thumb Code    24  dunder.o(i.__mathlib_dbl_invalid)
    __mathlib_dbl_underflow                  0x08002eb9   Thumb Code    24  dunder.o(i.__mathlib_dbl_underflow)
    __scatterload_copy                       0x08002ed9   Thumb Code    14  handlers.o(i.__scatterload_copy)
    __scatterload_null                       0x08002ee7   Thumb Code     2  handlers.o(i.__scatterload_null)
    __scatterload_zeroinit                   0x08002ee9   Thumb Code    14  handlers.o(i.__scatterload_zeroinit)
    __set_errno                              0x08002ef9   Thumb Code     6  errno.o(i.__set_errno)
    atan                                     0x08003859   Thumb Code    16  atan.o(i.atan)
    delay_xms                                0x080038cd   Thumb Code    72  dev_systickstimer.o(i.delay_xms)
    dmp_enable_6x_lp_quat                    0x08003919   Thumb Code    60  inv_mpu_dmp_motion_driver.o(i.dmp_enable_6x_lp_quat)
    dmp_enable_feature                       0x08003955   Thumb Code   530  inv_mpu_dmp_motion_driver.o(i.dmp_enable_feature)
    dmp_enable_gyro_cal                      0x08003b71   Thumb Code    62  inv_mpu_dmp_motion_driver.o(i.dmp_enable_gyro_cal)
    dmp_enable_lp_quat                       0x08003bc9   Thumb Code    60  inv_mpu_dmp_motion_driver.o(i.dmp_enable_lp_quat)
    dmp_load_motion_driver_firmware          0x08003c05   Thumb Code    20  inv_mpu_dmp_motion_driver.o(i.dmp_load_motion_driver_firmware)
    dmp_read_fifo                            0x08003c1d   Thumb Code   456  inv_mpu_dmp_motion_driver.o(i.dmp_read_fifo)
    dmp_set_accel_bias                       0x08003de9   Thumb Code   300  inv_mpu_dmp_motion_driver.o(i.dmp_set_accel_bias)
    dmp_set_fifo_rate                        0x08003f19   Thumb Code    96  inv_mpu_dmp_motion_driver.o(i.dmp_set_fifo_rate)
    dmp_set_gyro_bias                        0x08003f89   Thumb Code   294  inv_mpu_dmp_motion_driver.o(i.dmp_set_gyro_bias)
    dmp_set_orientation                      0x080040b9   Thumb Code   290  inv_mpu_dmp_motion_driver.o(i.dmp_set_orientation)
    dmp_set_shake_reject_thresh              0x080041f1   Thumb Code    56  inv_mpu_dmp_motion_driver.o(i.dmp_set_shake_reject_thresh)
    dmp_set_shake_reject_time                0x08004229   Thumb Code    38  inv_mpu_dmp_motion_driver.o(i.dmp_set_shake_reject_time)
    dmp_set_shake_reject_timeout             0x0800424f   Thumb Code    38  inv_mpu_dmp_motion_driver.o(i.dmp_set_shake_reject_timeout)
    dmp_set_tap_axes                         0x08004275   Thumb Code    70  inv_mpu_dmp_motion_driver.o(i.dmp_set_tap_axes)
    dmp_set_tap_count                        0x080042bb   Thumb Code    38  inv_mpu_dmp_motion_driver.o(i.dmp_set_tap_count)
    dmp_set_tap_thresh                       0x080042e1   Thumb Code   412  inv_mpu_dmp_motion_driver.o(i.dmp_set_tap_thresh)
    dmp_set_tap_time                         0x080044a1   Thumb Code    38  inv_mpu_dmp_motion_driver.o(i.dmp_set_tap_time)
    dmp_set_tap_time_multi                   0x080044c7   Thumb Code    38  inv_mpu_dmp_motion_driver.o(i.dmp_set_tap_time_multi)
    fabs                                     0x080044ed   Thumb Code    24  fabs.o(i.fabs)
    fputc                                    0x08004505   Thumb Code    32  dev_usart.o(i.fputc)
    inv_orientation_matrix_to_scalar         0x08004b81   Thumb Code    40  inv_mpu_user.o(i.inv_orientation_matrix_to_scalar)
    inv_row_2_scale                          0x08004ba9   Thumb Code    78  inv_mpu_user.o(i.inv_row_2_scale)
    main                                     0x08004bf9   Thumb Code   124  main.o(i.main)
    mpu_configure_fifo                       0x08004c99   Thumb Code   106  inv_mpu.o(i.mpu_configure_fifo)
    mpu_dmp_get_data                         0x08004d09   Thumb Code   578  inv_mpu_user.o(i.mpu_dmp_get_data)
    mpu_dmp_init                             0x08004f6d   Thumb Code   142  inv_mpu_user.o(i.mpu_dmp_init)
    mpu_get_accel_fsr                        0x08005001   Thumb Code    72  inv_mpu.o(i.mpu_get_accel_fsr)
    mpu_get_accel_sens                       0x0800504d   Thumb Code    78  inv_mpu.o(i.mpu_get_accel_sens)
    mpu_get_fifo_config                      0x080050a1   Thumb Code    12  inv_mpu.o(i.mpu_get_fifo_config)
    mpu_get_gyro_fsr                         0x080050b1   Thumb Code    64  inv_mpu.o(i.mpu_get_gyro_fsr)
    mpu_get_gyro_sens                        0x080050f5   Thumb Code    74  inv_mpu.o(i.mpu_get_gyro_sens)
    mpu_get_lpf                              0x08005155   Thumb Code    74  inv_mpu.o(i.mpu_get_lpf)
    mpu_get_sample_rate                      0x080051a5   Thumb Code    26  inv_mpu.o(i.mpu_get_sample_rate)
    mpu_init                                 0x080051c5   Thumb Code   418  inv_mpu.o(i.mpu_init)
    mpu_load_firmware                        0x080053b9   Thumb Code   180  inv_mpu.o(i.mpu_load_firmware)
    mpu_lp_accel_mode                        0x08005471   Thumb Code   218  inv_mpu.o(i.mpu_lp_accel_mode)
    mpu_read_fifo_stream                     0x08005551   Thumb Code   186  inv_mpu.o(i.mpu_read_fifo_stream)
    mpu_read_mem                             0x08005611   Thumb Code   122  inv_mpu.o(i.mpu_read_mem)
    mpu_reset_fifo                           0x08005691   Thumb Code   450  inv_mpu.o(i.mpu_reset_fifo)
    mpu_run_self_test                        0x08005859   Thumb Code   278  inv_mpu.o(i.mpu_run_self_test)
    mpu_set_accel_fsr                        0x08005975   Thumb Code   126  inv_mpu.o(i.mpu_set_accel_fsr)
    mpu_set_bypass                           0x080059f9   Thumb Code   328  inv_mpu.o(i.mpu_set_bypass)
    mpu_set_dmp_state                        0x08005b45   Thumb Code   138  inv_mpu.o(i.mpu_set_dmp_state)
    mpu_set_gyro_fsr                         0x08005bd5   Thumb Code   132  inv_mpu.o(i.mpu_set_gyro_fsr)
    mpu_set_int_latched                      0x08005c5d   Thumb Code   102  inv_mpu.o(i.mpu_set_int_latched)
    mpu_set_lpf                              0x08005cc9   Thumb Code   126  inv_mpu.o(i.mpu_set_lpf)
    mpu_set_sample_rate                      0x08005d4d   Thumb Code   152  inv_mpu.o(i.mpu_set_sample_rate)
    mpu_set_sensors                          0x08005de9   Thumb Code   202  inv_mpu.o(i.mpu_set_sensors)
    mpu_write_mem                            0x08005eb9   Thumb Code   122  inv_mpu.o(i.mpu_write_mem)
    oled_GPIO_Init                           0x08005f39   Thumb Code   114  dev_oled.o(i.oled_GPIO_Init)
    oled_Init                                0x08005fbd   Thumb Code    24  dev_oled.o(i.oled_Init)
    oled_Mode_Init                           0x08005fe1   Thumb Code   250  dev_oled.o(i.oled_Mode_Init)
    run_self_test                            0x080060db   Thumb Code   154  inv_mpu_user.o(i.run_self_test)
    sqrt                                     0x08006205   Thumb Code   110  sqrt.o(i.sqrt)
    F6x8                                     0x08006274   Data         552  dev_oled.o(.constdata)
    F8X16                                    0x0800649c   Data        1520  dev_oled.o(.constdata)
    reg                                      0x08006a8c   Data          30  inv_mpu.o(.constdata)
    hw                                       0x08006aaa   Data          12  inv_mpu.o(.constdata)
    test                                     0x08006ab8   Data          40  inv_mpu.o(.constdata)
    __mathlib_zero                           0x080077c0   Data           8  qnan.o(.constdata)
    Region$$Table$$Base                      0x08007818   Number         0  anon$$obj.o(Region$$Table)
    Region$$Table$$Limit                     0x08007838   Number         0  anon$$obj.o(Region$$Table)
    fac_ms                                   0x20000000   Data           4  dev_systickstimer.o(.data)
    fac_us                                   0x20000004   Data           4  dev_systickstimer.o(.data)
    Balance_Kp                               0x20000008   Data           4  dev_motor.o(.data)
    Balance_Kd                               0x2000000c   Data           4  dev_motor.o(.data)
    Gyro_Balance                             0x20000010   Data           2  tasks.o(.data)
    Gyro_Turn                                0x20000012   Data           2  tasks.o(.data)
    Balance_Pwm                              0x20000014   Data           4  tasks.o(.data)
    Velocity_Pwm                             0x20000018   Data           4  tasks.o(.data)
    Turn_Pwm                                 0x2000001c   Data           4  tasks.o(.data)
    acc                                      0x2000005c   Data           6  inv_mpu_user.o(.data)
    gyrodata                                 0x20000062   Data           6  inv_mpu_user.o(.data)
    __stdout                                 0x20000074   Data           4  stdout.o(.data)
    myDmpData                                0x20000098   Data          12  inv_mpu_user.o(.bss)
    __initial_sp                             0x200008a8   Data           0  startup_stm32f40_41xxx.o(STACK)



==============================================================================

Memory Map of the image

  Image Entry point : 0x08000189

  Load Region LR_IROM1 (Base: 0x08000000, Size: 0x000078b4, Max: 0x00100000, ABSOLUTE)

    Execution Region ER_IROM1 (Exec base: 0x08000000, Load base: 0x08000000, Size: 0x00007838, Max: 0x00100000, ABSOLUTE)

    Exec Addr    Load Addr    Size         Type   Attr      Idx    E Section Name        Object

    0x08000000   0x08000000   0x00000188   Data   RO          764    RESET               startup_stm32f40_41xxx.o
    0x08000188   0x08000188   0x00000000   Code   RO         6394  * .ARM.Collect$$$$00000000  mc_w.l(entry.o)
    0x08000188   0x08000188   0x00000004   Code   RO         6721    .ARM.Collect$$$$00000001  mc_w.l(entry2.o)
    0x0800018c   0x0800018c   0x00000004   Code   RO         6724    .ARM.Collect$$$$00000004  mc_w.l(entry5.o)
    0x08000190   0x08000190   0x00000000   Code   RO         6726    .ARM.Collect$$$$00000008  mc_w.l(entry7b.o)
    0x08000190   0x08000190   0x00000000   Code   RO         6728    .ARM.Collect$$$$0000000A  mc_w.l(entry8b.o)
    0x08000190   0x08000190   0x00000008   Code   RO         6729    .ARM.Collect$$$$0000000B  mc_w.l(entry9a.o)
    0x08000198   0x08000198   0x00000004   Code   RO         6736    .ARM.Collect$$$$0000000E  mc_w.l(entry12b.o)
    0x0800019c   0x0800019c   0x00000000   Code   RO         6731    .ARM.Collect$$$$0000000F  mc_w.l(entry10a.o)
    0x0800019c   0x0800019c   0x00000000   Code   RO         6733    .ARM.Collect$$$$00000011  mc_w.l(entry11a.o)
    0x0800019c   0x0800019c   0x00000004   Code   RO         6722    .ARM.Collect$$$$00002712  mc_w.l(entry2.o)
    0x080001a0   0x080001a0   0x00000024   Code   RO          765    .text               startup_stm32f40_41xxx.o
    0x080001c4   0x080001c4   0x00000062   Code   RO         6397    .text               mc_w.l(ldiv.o)
    0x08000226   0x08000226   0x00000024   Code   RO         6399    .text               mc_w.l(memseta.o)
    0x0800024a   0x0800024a   0x0000001a   Code   RO         6401    .text               mc_w.l(memcmp.o)
    0x08000264   0x08000264   0x000000e4   Code   RO         6664    .text               mf_w.l(dmul.o)
    0x08000348   0x08000348   0x00000026   Code   RO         6666    .text               mf_w.l(f2d.o)
    0x0800036e   0x0800036e   0x00000038   Code   RO         6668    .text               mf_w.l(d2f.o)
    0x080003a6   0x080003a6   0x0000002c   Code   RO         6738    .text               mc_w.l(uidiv.o)
    0x080003d2   0x080003d2   0x00000062   Code   RO         6740    .text               mc_w.l(uldiv.o)
    0x08000434   0x08000434   0x00000000   Code   RO         6749    .text               mc_w.l(iusefp.o)
    0x08000434   0x08000434   0x0000006e   Code   RO         6750    .text               mf_w.l(fepilogue.o)
    0x080004a2   0x080004a2   0x000000ba   Code   RO         6752    .text               mf_w.l(depilogue.o)
    0x0800055c   0x0800055c   0x0000014e   Code   RO         6754    .text               mf_w.l(dadd.o)
    0x080006aa   0x080006aa   0x000000de   Code   RO         6756    .text               mf_w.l(ddiv.o)
    0x08000788   0x08000788   0x00000030   Code   RO         6760    .text               mf_w.l(dfixul.o)
    0x080007b8   0x080007b8   0x00000030   Code   RO         6762    .text               mf_w.l(cdcmple.o)
    0x080007e8   0x080007e8   0x00000030   Code   RO         6764    .text               mf_w.l(cdrcmple.o)
    0x08000818   0x08000818   0x00000024   Code   RO         6766    .text               mc_w.l(init.o)
    0x0800083c   0x0800083c   0x0000001e   Code   RO         6768    .text               mc_w.l(llshl.o)
    0x0800085a   0x0800085a   0x00000020   Code   RO         6770    .text               mc_w.l(llushr.o)
    0x0800087a   0x0800087a   0x00000024   Code   RO         6772    .text               mc_w.l(llsshr.o)
    0x0800089e   0x0800089e   0x000000a2   Code   RO         6774    .text               mf_w.l(dsqrt.o)
    0x08000940   0x08000940   0x00000040   Code   RO          401    i.Balance_Dir_Contorl  dev_motor.o
    0x08000980   0x08000980   0x00000020   Code   RO          402    i.Balance_Speed_Contorl  dev_motor.o
    0x080009a0   0x080009a0   0x00000004   Code   RO          192    i.BusFault_Handler  stm32f4xx_it.o
    0x080009a4   0x080009a4   0x00000002   Code   RO          193    i.DebugMon_Handler  stm32f4xx_it.o
    0x080009a6   0x080009a6   0x00000090   Code   RO         2647    i.GPIO_Init         stm32f4xx_gpio.o
    0x08000a36   0x08000a36   0x00000046   Code   RO         2648    i.GPIO_PinAFConfig  stm32f4xx_gpio.o
    0x08000a7c   0x08000a7c   0x00000012   Code   RO         2651    i.GPIO_ReadInputDataBit  stm32f4xx_gpio.o
    0x08000a8e   0x08000a8e   0x00000004   Code   RO         2654    i.GPIO_ResetBits    stm32f4xx_gpio.o
    0x08000a92   0x08000a92   0x00000004   Code   RO         2655    i.GPIO_SetBits      stm32f4xx_gpio.o
    0x08000a96   0x08000a96   0x00000004   Code   RO          194    i.HardFault_Handler  stm32f4xx_it.o
    0x08000a9a   0x08000a9a   0x00000002   PAD
    0x08000a9c   0x08000a9c   0x00000040   Code   RO          497    i.IIC_Config        dev_iic.o
    0x08000adc   0x08000adc   0x00000070   Code   RO          498    i.IIC_RxByteData    dev_iic.o
    0x08000b4c   0x08000b4c   0x00000024   Code   RO          499    i.IIC_SDA_IN        dev_iic.o
    0x08000b70   0x08000b70   0x00000028   Code   RO          500    i.IIC_SDA_OUT       dev_iic.o
    0x08000b98   0x08000b98   0x00000038   Code   RO          501    i.IIC_SendAck       dev_iic.o
    0x08000bd0   0x08000bd0   0x0000006c   Code   RO          502    i.IIC_SendByteData  dev_iic.o
    0x08000c3c   0x08000c3c   0x00000038   Code   RO          503    i.IIC_SendNoAck     dev_iic.o
    0x08000c74   0x08000c74   0x00000048   Code   RO          504    i.IIC_Start         dev_iic.o
    0x08000cbc   0x08000cbc   0x00000040   Code   RO          505    i.IIC_Stop          dev_iic.o
    0x08000cfc   0x08000cfc   0x00000054   Code   RO          506    i.IIC_WaitACK       dev_iic.o
    0x08000d50   0x08000d50   0x00000058   Code   RO          290    i.LedConfig         dev_led.o
    0x08000da8   0x08000da8   0x000000a4   Code   RO          291    i.LedControl        dev_led.o
    0x08000e4c   0x08000e4c   0x00000054   Code   RO          403    i.M1_DIR_Contorl    dev_motor.o
    0x08000ea0   0x08000ea0   0x000000ac   Code   RO          404    i.M1_Encoder_init   dev_motor.o
    0x08000f4c   0x08000f4c   0x00000018   Code   RO          405    i.M1_Read_Encoder   dev_motor.o
    0x08000f64   0x08000f64   0x0000005c   Code   RO          406    i.M2_DIR_Contorl    dev_motor.o
    0x08000fc0   0x08000fc0   0x00000034   Code   RO          575    i.MPU_Get_ID        dev_mpu6050.o
    0x08000ff4   0x08000ff4   0x00000094   Code   RO          576    i.MPU_Init          dev_mpu6050.o
    0x08001088   0x08001088   0x0000008a   Code   RO          578    i.MPU_Read_Len      dev_mpu6050.o
    0x08001112   0x08001112   0x00000010   Code   RO          579    i.MPU_Set_Accel_Fsr  dev_mpu6050.o
    0x08001122   0x08001122   0x00000010   Code   RO          580    i.MPU_Set_Gyro_Fsr  dev_mpu6050.o
    0x08001132   0x08001132   0x0000003a   Code   RO          581    i.MPU_Set_LPF       dev_mpu6050.o
    0x0800116c   0x0800116c   0x0000003a   Code   RO          582    i.MPU_Set_Rate      dev_mpu6050.o
    0x080011a6   0x080011a6   0x00000054   Code   RO          583    i.MPU_Write_Byte    dev_mpu6050.o
    0x080011fa   0x080011fa   0x00000070   Code   RO          584    i.MPU_Write_Len     dev_mpu6050.o
    0x0800126a   0x0800126a   0x00000004   Code   RO          195    i.MemManage_Handler  stm32f4xx_it.o
    0x0800126e   0x0800126e   0x0000004e   Code   RO          407    i.Motor_Contorl     dev_motor.o
    0x080012bc   0x080012bc   0x00000084   Code   RO          408    i.Motor_Dir_init    dev_motor.o
    0x08001340   0x08001340   0x000000e8   Code   RO          409    i.Motor_Speed_init  dev_motor.o
    0x08001428   0x08001428   0x0000001c   Code   RO          410    i.Motor_init        dev_motor.o
    0x08001444   0x08001444   0x00000002   Code   RO          196    i.NMI_Handler       stm32f4xx_it.o
    0x08001446   0x08001446   0x00000002   PAD
    0x08001448   0x08001448   0x00000078   Code   RO          772    i.NVIC_Init         misc.o
    0x080014c0   0x080014c0   0x00000014   Code   RO          773    i.NVIC_PriorityGroupConfig  misc.o
    0x080014d4   0x080014d4   0x0000004c   Code   RO          653    i.OLED_Clear        dev_oled.o
    0x08001520   0x08001520   0x0000002e   Code   RO          654    i.OLED_Set_Pos      dev_oled.o
    0x0800154e   0x0800154e   0x00000002   PAD
    0x08001550   0x08001550   0x000000a4   Code   RO          655    i.OLED_ShowChar     dev_oled.o
    0x080015f4   0x080015f4   0x00000036   Code   RO          656    i.OLED_ShowString   dev_oled.o
    0x0800162a   0x0800162a   0x00000002   PAD
    0x0800162c   0x0800162c   0x000000bc   Code   RO          657    i.OLED_USAER_SHOW   dev_oled.o
    0x080016e8   0x080016e8   0x0000006c   Code   RO          658    i.OLED_WR_Byte      dev_oled.o
    0x08001754   0x08001754   0x00000002   Code   RO          197    i.PendSV_Handler    stm32f4xx_it.o
    0x08001756   0x08001756   0x00000002   PAD
    0x08001758   0x08001758   0x00000020   Code   RO         3573    i.RCC_AHB1PeriphClockCmd  stm32f4xx_rcc.o
    0x08001778   0x08001778   0x00000020   Code   RO         3582    i.RCC_APB1PeriphClockCmd  stm32f4xx_rcc.o
    0x08001798   0x08001798   0x00000020   Code   RO         3585    i.RCC_APB2PeriphClockCmd  stm32f4xx_rcc.o
    0x080017b8   0x080017b8   0x000000e8   Code   RO         3594    i.RCC_GetClocksFreq  stm32f4xx_rcc.o
    0x080018a0   0x080018a0   0x00000012   Code   RO          411    i.Read_Encoder      dev_motor.o
    0x080018b2   0x080018b2   0x00000002   Code   RO          198    i.SVC_Handler       stm32f4xx_it.o
    0x080018b4   0x080018b4   0x000000ec   Code   RO         5777    i.SetSysClock       system_stm32f4xx.o
    0x080019a0   0x080019a0   0x00000002   Code   RO          199    i.SysTick_Handler   stm32f4xx_it.o
    0x080019a2   0x080019a2   0x00000002   PAD
    0x080019a4   0x080019a4   0x00000034   Code   RO          320    i.SysTicks_Config   dev_systickstimer.o
    0x080019d8   0x080019d8   0x00000068   Code   RO         5779    i.SystemInit        system_stm32f4xx.o
    0x08001a40   0x08001a40   0x00000036   Code   RO          321    i.Systicks_Nms      dev_systickstimer.o
    0x08001a76   0x08001a76   0x00000002   PAD
    0x08001a78   0x08001a78   0x0000004c   Code   RO          322    i.Systicks_Nus      dev_systickstimer.o
    0x08001ac4   0x08001ac4   0x0000003a   Code   RO         4953    i.TI1_Config        stm32f4xx_tim.o
    0x08001afe   0x08001afe   0x00000050   Code   RO         4954    i.TI2_Config        stm32f4xx_tim.o
    0x08001b4e   0x08001b4e   0x00000048   Code   RO         4955    i.TI3_Config        stm32f4xx_tim.o
    0x08001b96   0x08001b96   0x00000050   Code   RO         4956    i.TI4_Config        stm32f4xx_tim.o
    0x08001be6   0x08001be6   0x00000018   Code   RO         4957    i.TIM_ARRPreloadConfig  stm32f4xx_tim.o
    0x08001bfe   0x08001bfe   0x00000018   Code   RO         4969    i.TIM_Cmd           stm32f4xx_tim.o
    0x08001c16   0x08001c16   0x00000042   Code   RO         4978    i.TIM_EncoderInterfaceConfig  stm32f4xx_tim.o
    0x08001c58   0x08001c58   0x0000006e   Code   RO         4992    i.TIM_ICInit        stm32f4xx_tim.o
    0x08001cc6   0x08001cc6   0x00000012   Code   RO         4993    i.TIM_ICStructInit  stm32f4xx_tim.o
    0x08001cd8   0x08001cd8   0x0000007c   Code   RO         4998    i.TIM_OC1Init       stm32f4xx_tim.o
    0x08001d54   0x08001d54   0x00000012   Code   RO         5001    i.TIM_OC1PreloadConfig  stm32f4xx_tim.o
    0x08001d66   0x08001d66   0x00000002   PAD
    0x08001d68   0x08001d68   0x000000a0   Code   RO         5008    i.TIM_OC3Init       stm32f4xx_tim.o
    0x08001e08   0x08001e08   0x00000012   Code   RO         5011    i.TIM_OC3PreloadConfig  stm32f4xx_tim.o
    0x08001e1a   0x08001e1a   0x00000004   Code   RO         5031    i.TIM_SetCompare1   stm32f4xx_tim.o
    0x08001e1e   0x08001e1e   0x00000004   Code   RO         5033    i.TIM_SetCompare3   stm32f4xx_tim.o
    0x08001e22   0x08001e22   0x00000004   Code   RO         5035    i.TIM_SetCounter    stm32f4xx_tim.o
    0x08001e26   0x08001e26   0x00000012   Code   RO         5036    i.TIM_SetIC1Prescaler  stm32f4xx_tim.o
    0x08001e38   0x08001e38   0x0000001a   Code   RO         5037    i.TIM_SetIC2Prescaler  stm32f4xx_tim.o
    0x08001e52   0x08001e52   0x00000012   Code   RO         5038    i.TIM_SetIC3Prescaler  stm32f4xx_tim.o
    0x08001e64   0x08001e64   0x0000001a   Code   RO         5039    i.TIM_SetIC4Prescaler  stm32f4xx_tim.o
    0x08001e7e   0x08001e7e   0x00000002   PAD
    0x08001e80   0x08001e80   0x00000084   Code   RO         5041    i.TIM_TimeBaseInit  stm32f4xx_tim.o
    0x08001f04   0x08001f04   0x00000012   Code   RO         5042    i.TIM_TimeBaseStructInit  stm32f4xx_tim.o
    0x08001f16   0x08001f16   0x00000002   PAD
    0x08001f18   0x08001f18   0x000000bc   Code   RO          731    i.Task_100Hz        tasks.o
    0x08001fd4   0x08001fd4   0x00000048   Code   RO          732    i.Task_200Hz        tasks.o
    0x0800201c   0x0800201c   0x00000044   Code   RO          200    i.USART1_IRQHandler  stm32f4xx_it.o
    0x08002060   0x08002060   0x00000048   Code   RO          201    i.USART2_IRQHandler  stm32f4xx_it.o
    0x080020a8   0x080020a8   0x00000012   Code   RO         5519    i.USART_ClearFlag   stm32f4xx_usart.o
    0x080020ba   0x080020ba   0x0000001e   Code   RO         5520    i.USART_ClearITPendingBit  stm32f4xx_usart.o
    0x080020d8   0x080020d8   0x00000018   Code   RO         5523    i.USART_Cmd         stm32f4xx_usart.o
    0x080020f0   0x080020f0   0x0000001a   Code   RO         5526    i.USART_GetFlagStatus  stm32f4xx_usart.o
    0x0800210a   0x0800210a   0x00000054   Code   RO         5527    i.USART_GetITStatus  stm32f4xx_usart.o
    0x0800215e   0x0800215e   0x00000002   PAD
    0x08002160   0x08002160   0x000001ec   Code   RO          371    i.USART_INIT_407    dev_usart.o
    0x0800234c   0x0800234c   0x0000004a   Code   RO         5529    i.USART_ITConfig    stm32f4xx_usart.o
    0x08002396   0x08002396   0x00000002   PAD
    0x08002398   0x08002398   0x000000d4   Code   RO         5530    i.USART_Init        stm32f4xx_usart.o
    0x0800246c   0x0800246c   0x0000000a   Code   RO         5537    i.USART_ReceiveData  stm32f4xx_usart.o
    0x08002476   0x08002476   0x00000008   Code   RO         5540    i.USART_SendData    stm32f4xx_usart.o
    0x0800247e   0x0800247e   0x00000004   Code   RO          202    i.UsageFault_Handler  stm32f4xx_it.o
    0x08002482   0x08002482   0x00000002   PAD
    0x08002484   0x08002484   0x00000040   Code   RO          412    i.Vertical_Ring_PD  dev_motor.o
    0x080024c4   0x080024c4   0x00000020   Code   RO         6636    i.__0printf         mc_w.l(printfa.o)
    0x080024e4   0x080024e4   0x00000028   Code   RO         6638    i.__0sprintf        mc_w.l(printfa.o)
    0x0800250c   0x0800250c   0x00000030   Code   RO         6704    i.__ARM_fpclassify  m_wm.l(fpclassify.o)
    0x0800253c   0x0800253c   0x00000004   PAD
    0x08002540   0x08002540   0x00000360   Code   RO         6368    i.__hardfp_asin     m_wm.l(asin.o)
    0x080028a0   0x080028a0   0x000002d8   Code   RO         6670    i.__hardfp_atan     m_wm.l(atan.o)
    0x08002b78   0x08002b78   0x00000200   Code   RO         6382    i.__hardfp_atan2    m_wm.l(atan2.o)
    0x08002d78   0x08002d78   0x000000f8   Code   RO         6706    i.__kernel_poly     m_wm.l(poly.o)
    0x08002e70   0x08002e70   0x00000014   Code   RO         6685    i.__mathlib_dbl_infnan  m_wm.l(dunder.o)
    0x08002e84   0x08002e84   0x00000014   Code   RO         6686    i.__mathlib_dbl_infnan2  m_wm.l(dunder.o)
    0x08002e98   0x08002e98   0x00000020   Code   RO         6687    i.__mathlib_dbl_invalid  m_wm.l(dunder.o)
    0x08002eb8   0x08002eb8   0x00000020   Code   RO         6690    i.__mathlib_dbl_underflow  m_wm.l(dunder.o)
    0x08002ed8   0x08002ed8   0x0000000e   Code   RO         6778    i.__scatterload_copy  mc_w.l(handlers.o)
    0x08002ee6   0x08002ee6   0x00000002   Code   RO         6779    i.__scatterload_null  mc_w.l(handlers.o)
    0x08002ee8   0x08002ee8   0x0000000e   Code   RO         6780    i.__scatterload_zeroinit  mc_w.l(handlers.o)
    0x08002ef6   0x08002ef6   0x00000002   PAD
    0x08002ef8   0x08002ef8   0x0000000c   Code   RO         6744    i.__set_errno       mc_w.l(errno.o)
    0x08002f04   0x08002f04   0x00000184   Code   RO         6643    i._fp_digits        mc_w.l(printfa.o)
    0x08003088   0x08003088   0x000006b4   Code   RO         6644    i._printf_core      mc_w.l(printfa.o)
    0x0800373c   0x0800373c   0x00000024   Code   RO         6645    i._printf_post_padding  mc_w.l(printfa.o)
    0x08003760   0x08003760   0x0000002e   Code   RO         6646    i._printf_pre_padding  mc_w.l(printfa.o)
    0x0800378e   0x0800378e   0x0000000a   Code   RO         6648    i._sputc            mc_w.l(printfa.o)
    0x08003798   0x08003798   0x000000c0   Code   RO         5818    i.accel_self_test   inv_mpu.o
    0x08003858   0x08003858   0x00000010   Code   RO         6672    i.atan              m_wm.l(atan.o)
    0x08003868   0x08003868   0x00000064   Code   RO         6123    i.decode_gesture    inv_mpu_dmp_motion_driver.o
    0x080038cc   0x080038cc   0x0000004c   Code   RO          323    i.delay_xms         dev_systickstimer.o
    0x08003918   0x08003918   0x0000003c   Code   RO         6124    i.dmp_enable_6x_lp_quat  inv_mpu_dmp_motion_driver.o
    0x08003954   0x08003954   0x0000021c   Code   RO         6125    i.dmp_enable_feature  inv_mpu_dmp_motion_driver.o
    0x08003b70   0x08003b70   0x00000058   Code   RO         6126    i.dmp_enable_gyro_cal  inv_mpu_dmp_motion_driver.o
    0x08003bc8   0x08003bc8   0x0000003c   Code   RO         6127    i.dmp_enable_lp_quat  inv_mpu_dmp_motion_driver.o
    0x08003c04   0x08003c04   0x00000018   Code   RO         6132    i.dmp_load_motion_driver_firmware  inv_mpu_dmp_motion_driver.o
    0x08003c1c   0x08003c1c   0x000001cc   Code   RO         6133    i.dmp_read_fifo     inv_mpu_dmp_motion_driver.o
    0x08003de8   0x08003de8   0x00000130   Code   RO         6136    i.dmp_set_accel_bias  inv_mpu_dmp_motion_driver.o
    0x08003f18   0x08003f18   0x00000070   Code   RO         6137    i.dmp_set_fifo_rate  inv_mpu_dmp_motion_driver.o
    0x08003f88   0x08003f88   0x00000130   Code   RO         6138    i.dmp_set_gyro_bias  inv_mpu_dmp_motion_driver.o
    0x080040b8   0x080040b8   0x00000138   Code   RO         6140    i.dmp_set_orientation  inv_mpu_dmp_motion_driver.o
    0x080041f0   0x080041f0   0x00000038   Code   RO         6143    i.dmp_set_shake_reject_thresh  inv_mpu_dmp_motion_driver.o
    0x08004228   0x08004228   0x00000026   Code   RO         6144    i.dmp_set_shake_reject_time  inv_mpu_dmp_motion_driver.o
    0x0800424e   0x0800424e   0x00000026   Code   RO         6145    i.dmp_set_shake_reject_timeout  inv_mpu_dmp_motion_driver.o
    0x08004274   0x08004274   0x00000046   Code   RO         6146    i.dmp_set_tap_axes  inv_mpu_dmp_motion_driver.o
    0x080042ba   0x080042ba   0x00000026   Code   RO         6147    i.dmp_set_tap_count  inv_mpu_dmp_motion_driver.o
    0x080042e0   0x080042e0   0x000001c0   Code   RO         6148    i.dmp_set_tap_thresh  inv_mpu_dmp_motion_driver.o
    0x080044a0   0x080044a0   0x00000026   Code   RO         6149    i.dmp_set_tap_time  inv_mpu_dmp_motion_driver.o
    0x080044c6   0x080044c6   0x00000026   Code   RO         6150    i.dmp_set_tap_time_multi  inv_mpu_dmp_motion_driver.o
    0x080044ec   0x080044ec   0x00000018   Code   RO         6700    i.fabs              m_wm.l(fabs.o)
    0x08004504   0x08004504   0x00000024   Code   RO          372    i.fputc             dev_usart.o
    0x08004528   0x08004528   0x000000d0   Code   RO         5819    i.get_accel_prod_shift  inv_mpu.o
    0x080045f8   0x080045f8   0x0000046c   Code   RO         5820    i.get_st_biases     inv_mpu.o
    0x08004a64   0x08004a64   0x0000011c   Code   RO         5821    i.gyro_self_test    inv_mpu.o
    0x08004b80   0x08004b80   0x00000028   Code   RO         6316    i.inv_orientation_matrix_to_scalar  inv_mpu_user.o
    0x08004ba8   0x08004ba8   0x0000004e   Code   RO         6317    i.inv_row_2_scale   inv_mpu_user.o
    0x08004bf6   0x08004bf6   0x00000002   PAD
    0x08004bf8   0x08004bf8   0x000000a0   Code   RO            4    i.main              main.o
    0x08004c98   0x08004c98   0x00000070   Code   RO         5822    i.mpu_configure_fifo  inv_mpu.o
    0x08004d08   0x08004d08   0x00000264   Code   RO         6318    i.mpu_dmp_get_data  inv_mpu_user.o
    0x08004f6c   0x08004f6c   0x00000094   Code   RO         6319    i.mpu_dmp_init      inv_mpu_user.o
    0x08005000   0x08005000   0x0000004c   Code   RO         5823    i.mpu_get_accel_fsr  inv_mpu.o
    0x0800504c   0x0800504c   0x00000054   Code   RO         5825    i.mpu_get_accel_sens  inv_mpu.o
    0x080050a0   0x080050a0   0x00000010   Code   RO         5830    i.mpu_get_fifo_config  inv_mpu.o
    0x080050b0   0x080050b0   0x00000044   Code   RO         5831    i.mpu_get_gyro_fsr  inv_mpu.o
    0x080050f4   0x080050f4   0x00000060   Code   RO         5833    i.mpu_get_gyro_sens  inv_mpu.o
    0x08005154   0x08005154   0x00000050   Code   RO         5835    i.mpu_get_lpf       inv_mpu.o
    0x080051a4   0x080051a4   0x00000020   Code   RO         5837    i.mpu_get_sample_rate  inv_mpu.o
    0x080051c4   0x080051c4   0x000001f4   Code   RO         5839    i.mpu_init          inv_mpu.o
    0x080053b8   0x080053b8   0x000000b8   Code   RO         5840    i.mpu_load_firmware  inv_mpu.o
    0x08005470   0x08005470   0x000000e0   Code   RO         5841    i.mpu_lp_accel_mode  inv_mpu.o
    0x08005550   0x08005550   0x000000c0   Code   RO         5844    i.mpu_read_fifo_stream  inv_mpu.o
    0x08005610   0x08005610   0x00000080   Code   RO         5845    i.mpu_read_mem      inv_mpu.o
    0x08005690   0x08005690   0x000001c8   Code   RO         5848    i.mpu_reset_fifo    inv_mpu.o
    0x08005858   0x08005858   0x0000011c   Code   RO         5849    i.mpu_run_self_test  inv_mpu.o
    0x08005974   0x08005974   0x00000084   Code   RO         5851    i.mpu_set_accel_fsr  inv_mpu.o
    0x080059f8   0x080059f8   0x0000014c   Code   RO         5852    i.mpu_set_bypass    inv_mpu.o
    0x08005b44   0x08005b44   0x00000090   Code   RO         5854    i.mpu_set_dmp_state  inv_mpu.o
    0x08005bd4   0x08005bd4   0x00000088   Code   RO         5855    i.mpu_set_gyro_fsr  inv_mpu.o
    0x08005c5c   0x08005c5c   0x0000006c   Code   RO         5856    i.mpu_set_int_latched  inv_mpu.o
    0x08005cc8   0x08005cc8   0x00000084   Code   RO         5858    i.mpu_set_lpf       inv_mpu.o
    0x08005d4c   0x08005d4c   0x0000009c   Code   RO         5859    i.mpu_set_sample_rate  inv_mpu.o
    0x08005de8   0x08005de8   0x000000d0   Code   RO         5860    i.mpu_set_sensors   inv_mpu.o
    0x08005eb8   0x08005eb8   0x00000080   Code   RO         5861    i.mpu_write_mem     inv_mpu.o
    0x08005f38   0x08005f38   0x00000084   Code   RO          659    i.oled_GPIO_Init    dev_oled.o
    0x08005fbc   0x08005fbc   0x00000024   Code   RO          660    i.oled_Init         dev_oled.o
    0x08005fe0   0x08005fe0   0x000000fa   Code   RO          661    i.oled_Mode_Init    dev_oled.o
    0x080060da   0x080060da   0x0000009a   Code   RO         6320    i.run_self_test     inv_mpu_user.o
    0x08006174   0x08006174   0x00000090   Code   RO         5862    i.set_int_enable    inv_mpu.o
    0x08006204   0x08006204   0x0000006e   Code   RO         6711    i.sqrt              m_wm.l(sqrt.o)
    0x08006272   0x08006272   0x00000002   Code   RO         6151    i.stm32f4_mpu_dmp_get_clock_ms  inv_mpu_dmp_motion_driver.o
    0x08006274   0x08006274   0x00000818   Data   RO          662    .constdata          dev_oled.o
    0x08006a8c   0x08006a8c   0x00000054   Data   RO         5865    .constdata          inv_mpu.o
    0x08006ae0   0x08006ae0   0x00000bf6   Data   RO         6153    .constdata          inv_mpu_dmp_motion_driver.o
    0x080076d6   0x080076d6   0x00000002   PAD
    0x080076d8   0x080076d8   0x00000050   Data   RO         6371    .constdata          m_wm.l(asin.o)
    0x08007728   0x08007728   0x00000098   Data   RO         6673    .constdata          m_wm.l(atan.o)
    0x080077c0   0x080077c0   0x00000008   Data   RO         6708    .constdata          m_wm.l(qnan.o)
    0x080077c8   0x080077c8   0x0000004d   Data   RO         5866    .conststring        inv_mpu.o
    0x08007815   0x08007815   0x00000003   PAD
    0x08007818   0x08007818   0x00000020   Data   RO         6776    Region$$Table       anon$$obj.o


    Execution Region RW_IRAM1 (Exec base: 0x20000000, Load base: 0x08007838, Size: 0x000008a8, Max: 0x00020000, ABSOLUTE)

    Exec Addr    Load Addr    Size         Type   Attr      Idx    E Section Name        Object

    0x20000000   0x08007838   0x00000008   Data   RW          325    .data               dev_systickstimer.o
    0x20000008   0x08007840   0x00000008   Data   RW          413    .data               dev_motor.o
    0x20000010   0x08007848   0x00000010   Data   RW          734    .data               tasks.o
    0x20000020   0x08007858   0x00000010   Data   RW         3626    .data               stm32f4xx_rcc.o
    0x20000030   0x08007868   0x0000002c   Data   RW         5867    .data               inv_mpu.o
    0x2000005c   0x08007894   0x00000015   Data   RW         6322    .data               inv_mpu_user.o
    0x20000071   0x080078a9   0x00000003   PAD
    0x20000074   0x080078ac   0x00000004   Data   RW         6737    .data               mc_w.l(stdout.o)
    0x20000078   0x080078b0   0x00000004   Data   RW         6745    .data               mc_w.l(errno.o)
    0x2000007c        -       0x0000000c   Zero   RW          733    .bss                tasks.o
    0x20000088        -       0x00000010   Zero   RW         6152    .bss                inv_mpu_dmp_motion_driver.o
    0x20000098        -       0x0000000c   Zero   RW         6321    .bss                inv_mpu_user.o
    0x200000a4   0x080078b4   0x00000004   PAD
    0x200000a8        -       0x00000800   Zero   RW          762    STACK               startup_stm32f40_41xxx.o


==============================================================================

Image component sizes


      Code (inc. data)   RO Data    RW Data    ZI Data      Debug   Object Name

       692         80          0          0          0       5459   dev_iic.o
       252         18          0          0          0       1201   dev_led.o
      1020         68          0          8          0       7599   dev_motor.o
       682         48          0          0          0       6208   dev_mpu6050.o
      1054        102       2072          0          0       6840   dev_oled.o
       258         16          0          8          0       2576   dev_systickstimer.o
       528         24          0          0          0       1985   dev_usart.o
      5968        298        161         44          0      26587   inv_mpu.o
      3130        138       3062          0         16      21050   inv_mpu_dmp_motion_driver.o
      1032         40          0         21         12       5448   inv_mpu_user.o
       160         36          0          0          0     297352   main.o
       140         24          0          0          0       1711   misc.o
        36          8        392          0       2048        924   startup_stm32f40_41xxx.o
       240          0          0          0          0       3851   stm32f4xx_gpio.o
       166         12          0          0          0       5122   stm32f4xx_it.o
       328         36          0         16          0       4947   stm32f4xx_rcc.o
      1102         48          0          0          0      15749   stm32f4xx_tim.o
       486          8          0          0          0       7233   stm32f4xx_usart.o
       340         32          0          0          0       1825   system_stm32f4xx.o
       260         46          0         16         12       1537   tasks.o

    ----------------------------------------------------------------------
     17902       1082       5724        116       2092     425204   Object Totals
         0          0         32          0          0          0   (incl. Generated)
        28          0          5          3          4          0   (incl. Padding)

    ----------------------------------------------------------------------

      Code (inc. data)   RO Data    RW Data    ZI Data      Debug   Library Member Name

       864         94         80          0          0        280   asin.o
       744        106        152          0          0        352   atan.o
       512         64          0          0          0        208   atan2.o
       104         16          0          0          0        496   dunder.o
        24          0          0          0          0        124   fabs.o
        48          0          0          0          0        124   fpclassify.o
       248          0          0          0          0        152   poly.o
         0          0          8          0          0          0   qnan.o
       110          0          0          0          0        148   sqrt.o
         0          0          0          0          0          0   entry.o
         0          0          0          0          0          0   entry10a.o
         0          0          0          0          0          0   entry11a.o
         4          0          0          0          0          0   entry12b.o
         8          4          0          0          0          0   entry2.o
         4          0          0          0          0          0   entry5.o
         0          0          0          0          0          0   entry7b.o
         0          0          0          0          0          0   entry8b.o
         8          4          0          0          0          0   entry9a.o
        12          6          0          4          0         68   errno.o
        30          0          0          0          0          0   handlers.o
        36          8          0          0          0         68   init.o
         0          0          0          0          0          0   iusefp.o
        98          0          0          0          0         84   ldiv.o
        30          0          0          0          0         68   llshl.o
        36          0          0          0          0         68   llsshr.o
        32          0          0          0          0         68   llushr.o
        26          0          0          0          0         80   memcmp.o
        36          0          0          0          0        108   memseta.o
      2268         96          0          0          0        616   printfa.o
         0          0          0          4          0          0   stdout.o
        44          0          0          0          0         80   uidiv.o
        98          0          0          0          0         92   uldiv.o
        48          0          0          0          0         68   cdcmple.o
        48          0          0          0          0         68   cdrcmple.o
        56          0          0          0          0         88   d2f.o
       334          0          0          0          0        148   dadd.o
       222          0          0          0          0        100   ddiv.o
       186          0          0          0          0        176   depilogue.o
        48          0          0          0          0         68   dfixul.o
       228          0          0          0          0         96   dmul.o
       162          0          0          0          0        100   dsqrt.o
        38          0          0          0          0         68   f2d.o
       110          0          0          0          0        168   fepilogue.o

    ----------------------------------------------------------------------
      6910        398        240          8          0       4432   Library Totals
         6          0          0          0          0          0   (incl. Padding)

    ----------------------------------------------------------------------

      Code (inc. data)   RO Data    RW Data    ZI Data      Debug   Library Name

      2654        280        240          0          0       1884   m_wm.l
      2770        118          0          8          0       1400   mc_w.l
      1480          0          0          0          0       1148   mf_w.l

    ----------------------------------------------------------------------
      6910        398        240          8          0       4432   Library Totals

    ----------------------------------------------------------------------

==============================================================================


      Code (inc. data)   RO Data    RW Data    ZI Data      Debug   

     24812       1480       5964        124       2092     412040   Grand Totals
     24812       1480       5964        124       2092     412040   ELF Image Totals
     24812       1480       5964        124          0          0   ROM Totals

==============================================================================

    Total RO  Size (Code + RO Data)                30776 (  30.05kB)
    Total RW  Size (RW Data + ZI Data)              2216 (   2.16kB)
    Total ROM Size (Code + RO Data + RW Data)      30900 (  30.18kB)

==============================================================================

