Component: ARM Compiler 5.05 update 1 (build 106) Tool: armlink [4d0efa]

==============================================================================

Section Cross References

    main.o(i.main) refers to stm32f4xx_rcc.o(i.RCC_DeInit) for RCC_DeInit
    main.o(i.main) refers to dev_led.o(i.LedConfig) for LedConfig
    main.o(i.main) refers to rcc.o(i.Rcc_Config) for Rcc_Config
    main.o(i.main) refers to dev_systickstimer.o(i.SysTicks_Config) for SysTicks_Config
    main.o(i.main) refers to misc.o(i.NVIC_PriorityGroupConfig) for NVIC_PriorityGroupConfig
    main.o(i.main) refers to dev_usart1.o(i.USART_INIT_407) for USART_INIT_407
    main.o(i.main) refers to printf8.o(i.__0printf$8) for __2printf
    main.o(i.main) refers to dev_tftlcd.o(i.LCD_Init) for LCD_Init
    main.o(i.main) refers to dev_tftlcd.o(i.LCD_ShowFontHZ) for LCD_ShowFontHZ
    main.o(i.main) refers to dev_tftlcd.o(i.LCD_DrawLine) for LCD_DrawLine
    stm32f4xx_it.o(i.USART1_IRQHandler) refers to stm32f4xx_usart.o(i.USART_GetITStatus) for USART_GetITStatus
    stm32f4xx_it.o(i.USART1_IRQHandler) refers to stm32f4xx_usart.o(i.USART_ClearITPendingBit) for USART_ClearITPendingBit
    stm32f4xx_it.o(i.USART1_IRQHandler) refers to stm32f4xx_usart.o(i.USART_ReceiveData) for USART_ReceiveData
    stm32f4xx_it.o(i.USART1_IRQHandler) refers to strncmp.o(.text) for strncmp
    stm32f4xx_it.o(i.USART1_IRQHandler) refers to dactyligram.o(i.Add_FR) for Add_FR
    stm32f4xx_it.o(i.USART1_IRQHandler) refers to stm32f4xx_gpio.o(i.GPIO_ReadInputDataBit) for GPIO_ReadInputDataBit
    stm32f4xx_it.o(i.USART1_IRQHandler) refers to dactyligram.o(i.Press_FR) for Press_FR
    stm32f4xx_it.o(i.USART1_IRQHandler) refers to memseta.o(.text) for __aeabi_memclr
    stm32f4xx_it.o(i.USART1_IRQHandler) refers to stm32f4xx_it.o(.data) for rxcount
    stm32f4xx_it.o(i.USART1_IRQHandler) refers to stm32f4xx_it.o(.bss) for data_arry
    stm32f4xx_it.o(i.USART2_IRQHandler) refers to stm32f4xx_usart.o(i.USART_GetITStatus) for USART_GetITStatus
    stm32f4xx_it.o(i.USART2_IRQHandler) refers to stm32f4xx_usart.o(i.USART_ClearITPendingBit) for USART_ClearITPendingBit
    stm32f4xx_it.o(i.USART2_IRQHandler) refers to stm32f4xx_usart.o(i.USART_ReceiveData) for USART_ReceiveData
    stm32f4xx_it.o(i.USART2_IRQHandler) refers to stm32f4xx_usart.o(i.USART_SendData) for USART_SendData
    stm32f4xx_it.o(i.USART3_IRQHandler) refers to stm32f4xx_usart.o(i.USART_GetITStatus) for USART_GetITStatus
    stm32f4xx_it.o(i.USART3_IRQHandler) refers to stm32f4xx_usart.o(i.USART_ClearITPendingBit) for USART_ClearITPendingBit
    stm32f4xx_it.o(i.USART3_IRQHandler) refers to stm32f4xx_usart.o(i.USART_ReceiveData) for USART_ReceiveData
    stm32f4xx_it.o(i.USART3_IRQHandler) refers to dactyligram.o(.data) for gFpmRxCnt
    stm32f4xx_it.o(i.USART3_IRQHandler) refers to dactyligram.o(.bss) for gFpmRxBuf
    dev_led.o(i.LedClose) refers to stm32f4xx_gpio.o(i.GPIO_SetBits) for GPIO_SetBits
    dev_led.o(i.LedConfig) refers to stm32f4xx_rcc.o(i.RCC_AHB1PeriphClockCmd) for RCC_AHB1PeriphClockCmd
    dev_led.o(i.LedConfig) refers to stm32f4xx_gpio.o(i.GPIO_Init) for GPIO_Init
    dev_led.o(i.LedConfig) refers to stm32f4xx_gpio.o(i.GPIO_SetBits) for GPIO_SetBits
    dev_led.o(i.LedConfig) refers to stm32f4xx_gpio.o(i.GPIO_ResetBits) for GPIO_ResetBits
    dev_led.o(i.LedOpen) refers to stm32f4xx_gpio.o(i.GPIO_ResetBits) for GPIO_ResetBits
    rcc.o(i.Rcc_Config) refers to stm32f4xx_rcc.o(i.RCC_HSEConfig) for RCC_HSEConfig
    rcc.o(i.Rcc_Config) refers to stm32f4xx_rcc.o(i.RCC_WaitForHSEStartUp) for RCC_WaitForHSEStartUp
    rcc.o(i.Rcc_Config) refers to stm32f4xx_rcc.o(i.RCC_PLLConfig) for RCC_PLLConfig
    rcc.o(i.Rcc_Config) refers to stm32f4xx_rcc.o(i.RCC_PLLCmd) for RCC_PLLCmd
    rcc.o(i.Rcc_Config) refers to stm32f4xx_rcc.o(i.RCC_GetFlagStatus) for RCC_GetFlagStatus
    rcc.o(i.Rcc_Config) refers to stm32f4xx_rcc.o(i.RCC_HCLKConfig) for RCC_HCLKConfig
    rcc.o(i.Rcc_Config) refers to stm32f4xx_rcc.o(i.RCC_PCLK1Config) for RCC_PCLK1Config
    rcc.o(i.Rcc_Config) refers to stm32f4xx_rcc.o(i.RCC_PCLK2Config) for RCC_PCLK2Config
    rcc.o(i.Rcc_Config) refers to stm32f4xx_rcc.o(i.RCC_SYSCLKConfig) for RCC_SYSCLKConfig
    rcc.o(i.Rcc_Config) refers to stm32f4xx_rcc.o(i.RCC_GetSYSCLKSource) for RCC_GetSYSCLKSource
    dev_systickstimer.o(i.SysTicks_Config) refers to dev_systickstimer.o(.data) for fac_us
    dev_systickstimer.o(i.Systicks_Nms) refers to dev_systickstimer.o(i.delay_xms) for delay_xms
    dev_systickstimer.o(i.Systicks_Nus) refers to dev_systickstimer.o(.data) for fac_us
    dev_systickstimer.o(i.delay_xms) refers to dev_systickstimer.o(.data) for fac_ms
    dev_usart1.o(i.MyUSART_SendStr) refers to dev_usart1.o(i.MyUSART_Sendbyte) for MyUSART_Sendbyte
    dev_usart1.o(i.MyUSART_SendStr) refers to stm32f4xx_usart.o(i.USART_GetFlagStatus) for USART_GetFlagStatus
    dev_usart1.o(i.USART1_INIT407) refers to stm32f4xx_rcc.o(i.RCC_AHB1PeriphClockCmd) for RCC_AHB1PeriphClockCmd
[...]
    Removing stm32f4xx_rtc.o(i.RTC_OutputTypeConfig), (28 bytes).
    Removing stm32f4xx_rtc.o(i.RTC_ReadBackupRegister), (32 bytes).
    Removing stm32f4xx_rtc.o(i.RTC_RefClockCmd), (80 bytes).
    Removing stm32f4xx_rtc.o(i.RTC_SetAlarm), (236 bytes).
    Removing stm32f4xx_rtc.o(i.RTC_SetDate), (200 bytes).
    Removing stm32f4xx_rtc.o(i.RTC_SetTime), (208 bytes).
    Removing stm32f4xx_rtc.o(i.RTC_SetWakeUpCounter), (28 bytes).
    Removing stm32f4xx_rtc.o(i.RTC_SmoothCalibConfig), (96 bytes).
    Removing stm32f4xx_rtc.o(i.RTC_StructInit), (14 bytes).
    Removing stm32f4xx_rtc.o(i.RTC_SynchroShiftConfig), (124 bytes).
    Removing stm32f4xx_rtc.o(i.RTC_TamperCmd), (32 bytes).
    Removing stm32f4xx_rtc.o(i.RTC_TamperFilterConfig), (28 bytes).
    Removing stm32f4xx_rtc.o(i.RTC_TamperPinSelection), (28 bytes).
    Removing stm32f4xx_rtc.o(i.RTC_TamperPinsPrechargeDuration), (28 bytes).
    Removing stm32f4xx_rtc.o(i.RTC_TamperPullUpCmd), (36 bytes).
    Removing stm32f4xx_rtc.o(i.RTC_TamperSamplingFreqConfig), (28 bytes).
    Removing stm32f4xx_rtc.o(i.RTC_TamperTriggerConfig), (36 bytes).
    Removing stm32f4xx_rtc.o(i.RTC_TimeStampCmd), (56 bytes).
    Removing stm32f4xx_rtc.o(i.RTC_TimeStampOnTamperDetectionCmd), (36 bytes).
    Removing stm32f4xx_rtc.o(i.RTC_TimeStampPinSelection), (28 bytes).
    Removing stm32f4xx_rtc.o(i.RTC_TimeStructInit), (12 bytes).
    Removing stm32f4xx_rtc.o(i.RTC_WaitForSynchro), (96 bytes).
    Removing stm32f4xx_rtc.o(i.RTC_WakeUpClockConfig), (48 bytes).
    Removing stm32f4xx_rtc.o(i.RTC_WakeUpCmd), (120 bytes).
    Removing stm32f4xx_rtc.o(i.RTC_WriteBackupRegister), (28 bytes).
    Removing stm32f4xx_rtc.o(i.RTC_WriteProtectionCmd), (28 bytes).
    Removing stm32f4xx_sai.o(.rev16_text), (4 bytes).
    Removing stm32f4xx_sai.o(.revsh_text), (4 bytes).
    Removing stm32f4xx_sai.o(.rrx_text), (6 bytes).
    Removing stm32f4xx_sai.o(i.SAI_ClearFlag), (8 bytes).
    Removing stm32f4xx_sai.o(i.SAI_ClearITPendingBit), (8 bytes).
    Removing stm32f4xx_sai.o(i.SAI_Cmd), (22 bytes).
    Removing stm32f4xx_sai.o(i.SAI_CompandingModeConfig), (16 bytes).
    Removing stm32f4xx_sai.o(i.SAI_DMACmd), (22 bytes).
    Removing stm32f4xx_sai.o(i.SAI_DeInit), (36 bytes).
    Removing stm32f4xx_sai.o(i.SAI_FlushFIFO), (10 bytes).
    Removing stm32f4xx_sai.o(i.SAI_FrameInit), (44 bytes).
    Removing stm32f4xx_sai.o(i.SAI_FrameStructInit), (18 bytes).
    Removing stm32f4xx_sai.o(i.SAI_GetCmdStatus), (20 bytes).
    Removing stm32f4xx_sai.o(i.SAI_GetFIFOStatus), (12 bytes).
    Removing stm32f4xx_sai.o(i.SAI_GetFlagStatus), (18 bytes).
    Removing stm32f4xx_sai.o(i.SAI_GetITStatus), (30 bytes).
    Removing stm32f4xx_sai.o(i.SAI_ITConfig), (18 bytes).
    Removing stm32f4xx_sai.o(i.SAI_Init), (76 bytes).
    Removing stm32f4xx_sai.o(i.SAI_MonoModeConfig), (18 bytes).
    Removing stm32f4xx_sai.o(i.SAI_MuteFrameCounterConfig), (18 bytes).
    Removing stm32f4xx_sai.o(i.SAI_MuteModeCmd), (22 bytes).
    Removing stm32f4xx_sai.o(i.SAI_MuteValueConfig), (16 bytes).
    Removing stm32f4xx_sai.o(i.SAI_ReceiveData), (6 bytes).
    Removing stm32f4xx_sai.o(i.SAI_SendData), (4 bytes).
    Removing stm32f4xx_sai.o(i.SAI_SlotInit), (36 bytes).
    Removing stm32f4xx_sai.o(i.SAI_SlotStructInit), (16 bytes).
    Removing stm32f4xx_sai.o(i.SAI_StructInit), (30 bytes).
    Removing stm32f4xx_sai.o(i.SAI_TRIStateConfig), (18 bytes).
    Removing stm32f4xx_sdio.o(.rev16_text), (4 bytes).
    Removing stm32f4xx_sdio.o(.revsh_text), (4 bytes).
    Removing stm32f4xx_sdio.o(.rrx_text), (6 bytes).
    Removing stm32f4xx_sdio.o(i.SDIO_CEATAITCmd), (16 bytes).
    Removing stm32f4xx_sdio.o(i.SDIO_ClearFlag), (12 bytes).
    Removing stm32f4xx_sdio.o(i.SDIO_ClearITPendingBit), (12 bytes).
    Removing stm32f4xx_sdio.o(i.SDIO_ClockCmd), (12 bytes).
    Removing stm32f4xx_sdio.o(i.SDIO_CmdStructInit), (14 bytes).
    Removing stm32f4xx_sdio.o(i.SDIO_CommandCompletionCmd), (12 bytes).
    Removing stm32f4xx_sdio.o(i.SDIO_DMACmd), (12 bytes).
    Removing stm32f4xx_sdio.o(i.SDIO_DataConfig), (52 bytes).
    Removing stm32f4xx_sdio.o(i.SDIO_DataStructInit), (20 bytes).
    Removing stm32f4xx_sdio.o(i.SDIO_DeInit), (22 bytes).
    Removing stm32f4xx_sdio.o(i.SDIO_GetCommandResponse), (12 bytes).
    Removing stm32f4xx_sdio.o(i.SDIO_GetDataCounter), (12 bytes).
    Removing stm32f4xx_sdio.o(i.SDIO_GetFIFOCount), (12 bytes).
    Removing stm32f4xx_sdio.o(i.SDIO_GetFlagStatus), (24 bytes).
    Removing stm32f4xx_sdio.o(i.SDIO_GetITStatus), (24 bytes).
    Removing stm32f4xx_sdio.o(i.SDIO_GetPowerState), (16 bytes).
    Removing stm32f4xx_sdio.o(i.SDIO_GetResponse), (24 bytes).
    Removing stm32f4xx_sdio.o(i.SDIO_ITConfig), (32 bytes).
    Removing stm32f4xx_sdio.o(i.SDIO_Init), (48 bytes).
    Removing stm32f4xx_sdio.o(i.SDIO_ReadData), (12 bytes).
    Removing stm32f4xx_sdio.o(i.SDIO_SendCEATACmd), (12 bytes).
    Removing stm32f4xx_sdio.o(i.SDIO_SendCommand), (44 bytes).
    Removing stm32f4xx_sdio.o(i.SDIO_SendSDIOSuspendCmd), (12 bytes).
    Removing stm32f4xx_sdio.o(i.SDIO_SetPowerState), (12 bytes).
    Removing stm32f4xx_sdio.o(i.SDIO_SetSDIOOperation), (12 bytes).
    Removing stm32f4xx_sdio.o(i.SDIO_SetSDIOReadWaitMode), (12 bytes).
    Removing stm32f4xx_sdio.o(i.SDIO_StartSDIOReadWait), (12 bytes).
    Removing stm32f4xx_sdio.o(i.SDIO_StopSDIOReadWait), (12 bytes).
    Removing stm32f4xx_sdio.o(i.SDIO_StructInit), (16 bytes).
    Removing stm32f4xx_sdio.o(i.SDIO_WriteData), (12 bytes).
    Removing stm32f4xx_spdifrx.o(.rev16_text), (4 bytes).
    Removing stm32f4xx_spdifrx.o(.revsh_text), (4 bytes).
    Removing stm32f4xx_spdifrx.o(.rrx_text), (6 bytes).
    Removing stm32f4xx_spi.o(.rev16_text), (4 bytes).
    Removing stm32f4xx_spi.o(.revsh_text), (4 bytes).
    Removing stm32f4xx_spi.o(.rrx_text), (6 bytes).
    Removing stm32f4xx_spi.o(i.I2S_Cmd), (24 bytes).
    Removing stm32f4xx_spi.o(i.I2S_FullDuplexConfig), (80 bytes).
    Removing stm32f4xx_spi.o(i.I2S_Init), (408 bytes).
    Removing stm32f4xx_spi.o(i.I2S_StructInit), (20 bytes).
    Removing stm32f4xx_spi.o(i.SPI_BiDirectionalLineConfig), (28 bytes).
    Removing stm32f4xx_spi.o(i.SPI_CalculateCRC), (24 bytes).
    Removing stm32f4xx_spi.o(i.SPI_Cmd), (24 bytes).
    Removing stm32f4xx_spi.o(i.SPI_DataSizeConfig), (18 bytes).
    Removing stm32f4xx_spi.o(i.SPI_GetCRC), (16 bytes).
    Removing stm32f4xx_spi.o(i.SPI_GetCRCPolynomial), (6 bytes).
    Removing stm32f4xx_spi.o(i.SPI_I2S_ClearFlag), (6 bytes).
    Removing stm32f4xx_spi.o(i.SPI_I2S_ClearITPendingBit), (20 bytes).
    Removing stm32f4xx_spi.o(i.SPI_I2S_DMACmd), (18 bytes).
    Removing stm32f4xx_spi.o(i.SPI_I2S_DeInit), (176 bytes).
    Removing stm32f4xx_spi.o(i.SPI_I2S_GetFlagStatus), (18 bytes).
    Removing stm32f4xx_spi.o(i.SPI_I2S_GetITStatus), (52 bytes).
    Removing stm32f4xx_spi.o(i.SPI_I2S_ITConfig), (32 bytes).
    Removing stm32f4xx_spi.o(i.SPI_I2S_ReceiveData), (6 bytes).
    Removing stm32f4xx_spi.o(i.SPI_I2S_SendData), (4 bytes).
    Removing stm32f4xx_spi.o(i.SPI_Init), (60 bytes).
    Removing stm32f4xx_spi.o(i.SPI_NSSInternalSoftwareConfig), (30 bytes).
    Removing stm32f4xx_spi.o(i.SPI_SSOutputCmd), (24 bytes).
    Removing stm32f4xx_spi.o(i.SPI_StructInit), (24 bytes).
    Removing stm32f4xx_spi.o(i.SPI_TIModeCmd), (24 bytes).
    Removing stm32f4xx_spi.o(i.SPI_TransmitCRC), (10 bytes).
    Removing stm32f4xx_syscfg.o(.rev16_text), (4 bytes).
    Removing stm32f4xx_syscfg.o(.revsh_text), (4 bytes).
    Removing stm32f4xx_syscfg.o(.rrx_text), (6 bytes).
    Removing stm32f4xx_syscfg.o(i.SYSCFG_CompensationCellCmd), (12 bytes).
    Removing stm32f4xx_syscfg.o(i.SYSCFG_DeInit), (22 bytes).
    Removing stm32f4xx_syscfg.o(i.SYSCFG_ETH_MediaInterfaceConfig), (12 bytes).
    Removing stm32f4xx_syscfg.o(i.SYSCFG_EXTILineConfig), (64 bytes).
    Removing stm32f4xx_syscfg.o(i.SYSCFG_GetCompensationCellStatus), (24 bytes).
    Removing stm32f4xx_syscfg.o(i.SYSCFG_MemoryRemapConfig), (12 bytes).
    Removing stm32f4xx_syscfg.o(i.SYSCFG_MemorySwappingBank), (12 bytes).
    Removing stm32f4xx_tim.o(.rev16_text), (4 bytes).
    Removing stm32f4xx_tim.o(.revsh_text), (4 bytes).
    Removing stm32f4xx_tim.o(.rrx_text), (6 bytes).
    Removing stm32f4xx_tim.o(i.TI1_Config), (58 bytes).
    Removing stm32f4xx_tim.o(i.TI2_Config), (80 bytes).
    Removing stm32f4xx_tim.o(i.TI3_Config), (72 bytes).
    Removing stm32f4xx_tim.o(i.TI4_Config), (80 bytes).
    Removing stm32f4xx_tim.o(i.TIM_ARRPreloadConfig), (24 bytes).
    Removing stm32f4xx_tim.o(i.TIM_BDTRConfig), (32 bytes).
    Removing stm32f4xx_tim.o(i.TIM_BDTRStructInit), (18 bytes).
    Removing stm32f4xx_tim.o(i.TIM_CCPreloadControl), (24 bytes).
    Removing stm32f4xx_tim.o(i.TIM_CCxCmd), (30 bytes).
    Removing stm32f4xx_tim.o(i.TIM_CCxNCmd), (30 bytes).
    Removing stm32f4xx_tim.o(i.TIM_ClearFlag), (6 bytes).
    Removing stm32f4xx_tim.o(i.TIM_ClearITPendingBit), (6 bytes).
    Removing stm32f4xx_tim.o(i.TIM_ClearOC1Ref), (18 bytes).
    Removing stm32f4xx_tim.o(i.TIM_ClearOC2Ref), (24 bytes).
    Removing stm32f4xx_tim.o(i.TIM_ClearOC3Ref), (18 bytes).
    Removing stm32f4xx_tim.o(i.TIM_ClearOC4Ref), (24 bytes).
    Removing stm32f4xx_tim.o(i.TIM_Cmd), (24 bytes).
    Removing stm32f4xx_tim.o(i.TIM_CounterModeConfig), (18 bytes).
    Removing stm32f4xx_tim.o(i.TIM_CtrlPWMOutputs), (30 bytes).
    Removing stm32f4xx_tim.o(i.TIM_DMACmd), (18 bytes).
    Removing stm32f4xx_tim.o(i.TIM_DMAConfig), (10 bytes).
    Removing stm32f4xx_tim.o(i.TIM_DeInit), (400 bytes).
    Removing stm32f4xx_tim.o(i.TIM_ETRClockMode1Config), (54 bytes).
    Removing stm32f4xx_tim.o(i.TIM_ETRClockMode2Config), (32 bytes).
    Removing stm32f4xx_tim.o(i.TIM_ETRConfig), (28 bytes).
    Removing stm32f4xx_tim.o(i.TIM_EncoderInterfaceConfig), (66 bytes).
    Removing stm32f4xx_tim.o(i.TIM_ForcedOC1Config), (18 bytes).
    Removing stm32f4xx_tim.o(i.TIM_ForcedOC2Config), (26 bytes).
    Removing stm32f4xx_tim.o(i.TIM_ForcedOC3Config), (18 bytes).
    Removing stm32f4xx_tim.o(i.TIM_ForcedOC4Config), (26 bytes).
    Removing stm32f4xx_tim.o(i.TIM_GenerateEvent), (4 bytes).
    Removing stm32f4xx_tim.o(i.TIM_GetCapture1), (6 bytes).
    Removing stm32f4xx_tim.o(i.TIM_GetCapture2), (6 bytes).
    Removing stm32f4xx_tim.o(i.TIM_GetCapture3), (6 bytes).
    Removing stm32f4xx_tim.o(i.TIM_GetCapture4), (6 bytes).
    Removing stm32f4xx_tim.o(i.TIM_GetCounter), (6 bytes).
    Removing stm32f4xx_tim.o(i.TIM_GetFlagStatus), (18 bytes).
    Removing stm32f4xx_tim.o(i.TIM_GetITStatus), (34 bytes).
    Removing stm32f4xx_tim.o(i.TIM_GetPrescaler), (6 bytes).
    Removing stm32f4xx_tim.o(i.TIM_ICInit), (110 bytes).
    Removing stm32f4xx_tim.o(i.TIM_ICStructInit), (18 bytes).
    Removing stm32f4xx_tim.o(i.TIM_ITConfig), (18 bytes).
    Removing stm32f4xx_tim.o(i.TIM_ITRxExternalClockConfig), (24 bytes).
    Removing stm32f4xx_tim.o(i.TIM_InternalClockConfig), (12 bytes).
    Removing stm32f4xx_tim.o(i.TIM_OC1FastConfig), (18 bytes).
    Removing stm32f4xx_tim.o(i.TIM_OC1Init), (124 bytes).
    Removing stm32f4xx_tim.o(i.TIM_OC1NPolarityConfig), (18 bytes).
    Removing stm32f4xx_tim.o(i.TIM_OC1PolarityConfig), (18 bytes).
    Removing stm32f4xx_tim.o(i.TIM_OC1PreloadConfig), (18 bytes).
    Removing stm32f4xx_tim.o(i.TIM_OC2FastConfig), (26 bytes).
    Removing stm32f4xx_tim.o(i.TIM_OC2Init), (164 bytes).
    Removing stm32f4xx_tim.o(i.TIM_OC2NPolarityConfig), (26 bytes).
    Removing stm32f4xx_tim.o(i.TIM_OC2PolarityConfig), (26 bytes).
    Removing stm32f4xx_tim.o(i.TIM_OC2PreloadConfig), (26 bytes).
    Removing stm32f4xx_tim.o(i.TIM_OC3FastConfig), (18 bytes).
    Removing stm32f4xx_tim.o(i.TIM_OC3Init), (160 bytes).
    Removing stm32f4xx_tim.o(i.TIM_OC3NPolarityConfig), (26 bytes).
    Removing stm32f4xx_tim.o(i.TIM_OC3PolarityConfig), (26 bytes).
    Removing stm32f4xx_tim.o(i.TIM_OC3PreloadConfig), (18 bytes).
    Removing stm32f4xx_tim.o(i.TIM_OC4FastConfig), (26 bytes).
    Removing stm32f4xx_tim.o(i.TIM_OC4Init), (120 bytes).
    Removing stm32f4xx_tim.o(i.TIM_OC4PolarityConfig), (26 bytes).
    Removing stm32f4xx_tim.o(i.TIM_OC4PreloadConfig), (26 bytes).
    Removing stm32f4xx_tim.o(i.TIM_OCStructInit), (20 bytes).
    Removing stm32f4xx_tim.o(i.TIM_PWMIConfig), (124 bytes).
    Removing stm32f4xx_tim.o(i.TIM_PrescalerConfig), (6 bytes).
    Removing stm32f4xx_tim.o(i.TIM_RemapConfig), (6 bytes).
    Removing stm32f4xx_tim.o(i.TIM_SelectCCDMA), (24 bytes).
    Removing stm32f4xx_tim.o(i.TIM_SelectCOM), (24 bytes).
    Removing stm32f4xx_tim.o(i.TIM_SelectHallSensor), (24 bytes).
    Removing stm32f4xx_tim.o(i.TIM_SelectInputTrigger), (18 bytes).
    Removing stm32f4xx_tim.o(i.TIM_SelectMasterSlaveMode), (18 bytes).
    Removing stm32f4xx_tim.o(i.TIM_SelectOCxM), (86 bytes).
    Removing stm32f4xx_tim.o(i.TIM_SelectOnePulseMode), (18 bytes).
    Removing stm32f4xx_tim.o(i.TIM_SelectOutputTrigger), (18 bytes).
    Removing stm32f4xx_tim.o(i.TIM_SelectSlaveMode), (18 bytes).
    Removing stm32f4xx_tim.o(i.TIM_SetAutoreload), (4 bytes).
    Removing stm32f4xx_tim.o(i.TIM_SetClockDivision), (18 bytes).
    Removing stm32f4xx_tim.o(i.TIM_SetCompare1), (4 bytes).
    Removing stm32f4xx_tim.o(i.TIM_SetCompare2), (4 bytes).
    Removing stm32f4xx_tim.o(i.TIM_SetCompare3), (4 bytes).
    Removing stm32f4xx_tim.o(i.TIM_SetCompare4), (4 bytes).
    Removing stm32f4xx_tim.o(i.TIM_SetCounter), (4 bytes).
    Removing stm32f4xx_tim.o(i.TIM_SetIC1Prescaler), (18 bytes).
    Removing stm32f4xx_tim.o(i.TIM_SetIC2Prescaler), (26 bytes).
    Removing stm32f4xx_tim.o(i.TIM_SetIC3Prescaler), (18 bytes).
    Removing stm32f4xx_tim.o(i.TIM_SetIC4Prescaler), (26 bytes).
    Removing stm32f4xx_tim.o(i.TIM_TIxExternalClockConfig), (62 bytes).
    Removing stm32f4xx_tim.o(i.TIM_TimeBaseInit), (132 bytes).
    Removing stm32f4xx_tim.o(i.TIM_TimeBaseStructInit), (18 bytes).
    Removing stm32f4xx_tim.o(i.TIM_UpdateDisableConfig), (24 bytes).
    Removing stm32f4xx_tim.o(i.TIM_UpdateRequestConfig), (24 bytes).
    Removing stm32f4xx_usart.o(.rev16_text), (4 bytes).
    Removing stm32f4xx_usart.o(.revsh_text), (4 bytes).
    Removing stm32f4xx_usart.o(.rrx_text), (6 bytes).
    Removing stm32f4xx_usart.o(i.USART_ClockInit), (32 bytes).
    Removing stm32f4xx_usart.o(i.USART_ClockStructInit), (12 bytes).
    Removing stm32f4xx_usart.o(i.USART_DMACmd), (18 bytes).
    Removing stm32f4xx_usart.o(i.USART_DeInit), (240 bytes).
    Removing stm32f4xx_usart.o(i.USART_HalfDuplexCmd), (24 bytes).
    Removing stm32f4xx_usart.o(i.USART_IrDACmd), (24 bytes).
    Removing stm32f4xx_usart.o(i.USART_IrDAConfig), (18 bytes).
    Removing stm32f4xx_usart.o(i.USART_LINBreakDetectLengthConfig), (18 bytes).
    Removing stm32f4xx_usart.o(i.USART_LINCmd), (24 bytes).
    Removing stm32f4xx_usart.o(i.USART_OneBitMethodCmd), (24 bytes).
    Removing stm32f4xx_usart.o(i.USART_OverSampling8Cmd), (22 bytes).
    Removing stm32f4xx_usart.o(i.USART_ReceiverWakeUpCmd), (24 bytes).
    Removing stm32f4xx_usart.o(i.USART_SendBreak), (10 bytes).
    Removing stm32f4xx_usart.o(i.USART_SetAddress), (18 bytes).
    Removing stm32f4xx_usart.o(i.USART_SetGuardTime), (16 bytes).
    Removing stm32f4xx_usart.o(i.USART_SetPrescaler), (16 bytes).
    Removing stm32f4xx_usart.o(i.USART_SmartCardCmd), (24 bytes).
    Removing stm32f4xx_usart.o(i.USART_SmartCardNACKCmd), (24 bytes).
    Removing stm32f4xx_usart.o(i.USART_StructInit), (24 bytes).
    Removing stm32f4xx_usart.o(i.USART_WakeUpConfig), (18 bytes).
    Removing stm32f4xx_wwdg.o(.rev16_text), (4 bytes).
    Removing stm32f4xx_wwdg.o(.revsh_text), (4 bytes).
    Removing stm32f4xx_wwdg.o(.rrx_text), (6 bytes).
    Removing stm32f4xx_wwdg.o(i.WWDG_ClearFlag), (12 bytes).
    Removing stm32f4xx_wwdg.o(i.WWDG_DeInit), (22 bytes).
    Removing stm32f4xx_wwdg.o(i.WWDG_Enable), (16 bytes).
    Removing stm32f4xx_wwdg.o(i.WWDG_EnableIT), (12 bytes).
    Removing stm32f4xx_wwdg.o(i.WWDG_GetFlagStatus), (20 bytes).
    Removing stm32f4xx_wwdg.o(i.WWDG_SetCounter), (16 bytes).
    Removing stm32f4xx_wwdg.o(i.WWDG_SetPrescaler), (24 bytes).
    Removing stm32f4xx_wwdg.o(i.WWDG_SetWindowValue), (40 bytes).
    Removing system_stm32f4xx.o(.rev16_text), (4 bytes).
    Removing system_stm32f4xx.o(.revsh_text), (4 bytes).
    Removing system_stm32f4xx.o(.rrx_text), (6 bytes).
    Removing system_stm32f4xx.o(i.SystemCoreClockUpdate), (192 bytes).
    Removing system_stm32f4xx.o(.data), (20 bytes).
    Removing dadd.o(.text), (334 bytes).
    Removing dmul.o(.text), (228 bytes).
    Removing ddiv.o(.text), (222 bytes).
    Removing dfixul.o(.text), (48 bytes).
    Removing cdrcmple.o(.text), (48 bytes).
    Removing depilogue.o(.text), (186 bytes).

857 unused section(s) (total 38656 bytes) removed from the image.

==============================================================================

Image Symbol Table

    Local Symbols

    Symbol Name                              Value     Ov Type        Size  Object(Section)

    ../clib/microlib/ctype/ctype.c           0x00000000   Number         0  isalpha_o.o ABSOLUTE
    ../clib/microlib/ctype/ctype.c           0x00000000   Number         0  isxdigit_o.o ABSOLUTE
    ../clib/microlib/ctype/ctype.c           0x00000000   Number         0  isupper_o.o ABSOLUTE
    ../clib/microlib/ctype/ctype.c           0x00000000   Number         0  isspace_o.o ABSOLUTE
    ../clib/microlib/ctype/ctype.c           0x00000000   Number         0  ispunct_o.o ABSOLUTE
    ../clib/microlib/ctype/ctype.c           0x00000000   Number         0  isprint_o.o ABSOLUTE
    ../clib/microlib/ctype/ctype.c           0x00000000   Number         0  islower_o.o ABSOLUTE
    ../clib/microlib/ctype/ctype.c           0x00000000   Number         0  isgraph_o.o ABSOLUTE
    ../clib/microlib/ctype/ctype.c           0x00000000   Number         0  isdigit_o.o ABSOLUTE
    ../clib/microlib/ctype/ctype.c           0x00000000   Number         0  iscntrl_o.o ABSOLUTE
    ../clib/microlib/ctype/ctype.c           0x00000000   Number         0  ctype_o.o ABSOLUTE
    ../clib/microlib/ctype/ctype.c           0x00000000   Number         0  isalnum_o.o ABSOLUTE
    ../clib/microlib/ctype/ctype.c           0x00000000   Number         0  isblank_o.o ABSOLUTE
    ../clib/microlib/division.c              0x00000000   Number         0  uidiv.o ABSOLUTE
    ../clib/microlib/division.c              0x00000000   Number         0  uldiv.o ABSOLUTE
    ../clib/microlib/errno.c                 0x00000000   Number         0  errno.o ABSOLUTE
    ../clib/microlib/init/entry.s            0x00000000   Number         0  entry2.o ABSOLUTE
    ../clib/microlib/init/entry.s            0x00000000   Number         0  entry5.o ABSOLUTE
    ../clib/microlib/init/entry.s            0x00000000   Number         0  entry7a.o ABSOLUTE
    ../clib/microlib/init/entry.s            0x00000000   Number         0  entry7b.o ABSOLUTE
    ../clib/microlib/init/entry.s            0x00000000   Number         0  entry8a.o ABSOLUTE
    ../clib/microlib/init/entry.s            0x00000000   Number         0  entry8b.o ABSOLUTE
    ../clib/microlib/init/entry.s            0x00000000   Number         0  entry9a.o ABSOLUTE
    ../clib/microlib/init/entry.s            0x00000000   Number         0  entry9b.o ABSOLUTE
    ../clib/microlib/init/entry.s            0x00000000   Number         0  entry10a.o ABSOLUTE
    ../clib/microlib/init/entry.s            0x00000000   Number         0  entry10b.o ABSOLUTE
    ../clib/microlib/init/entry.s            0x00000000   Number         0  entry11a.o ABSOLUTE
    ../clib/microlib/init/entry.s            0x00000000   Number         0  entry.o ABSOLUTE
    ../clib/microlib/init/entry.s            0x00000000   Number         0  entry11b.o ABSOLUTE
    ../clib/microlib/longlong.c              0x00000000   Number         0  llshl.o ABSOLUTE
    ../clib/microlib/longlong.c              0x00000000   Number         0  llushr.o ABSOLUTE
    ../clib/microlib/longlong.c              0x00000000   Number         0  llsshr.o ABSOLUTE
    ../clib/microlib/printf/printf.c         0x00000000   Number         0  printf7.o ABSOLUTE
    ../clib/microlib/printf/printf.c         0x00000000   Number         0  printf6.o ABSOLUTE
    ../clib/microlib/printf/printf.c         0x00000000   Number         0  printf5.o ABSOLUTE
    ../clib/microlib/printf/printf.c         0x00000000   Number         0  printf4.o ABSOLUTE
    ../clib/microlib/printf/printf.c         0x00000000   Number         0  printf3.o ABSOLUTE
    ../clib/microlib/printf/printf.c         0x00000000   Number         0  printf2.o ABSOLUTE
    ../clib/microlib/printf/printf.c         0x00000000   Number         0  printf1.o ABSOLUTE
    ../clib/microlib/printf/printf.c         0x00000000   Number         0  printfb.o ABSOLUTE
    ../clib/microlib/printf/printf.c         0x00000000   Number         0  printf0.o ABSOLUTE
    ../clib/microlib/printf/printf.c         0x00000000   Number         0  printfa.o ABSOLUTE
    ../clib/microlib/printf/printf.c         0x00000000   Number         0  printf8.o ABSOLUTE
    ../clib/microlib/printf/stubs.s          0x00000000   Number         0  stubs.o ABSOLUTE
    ../clib/microlib/stdio/streams.c         0x00000000   Number         0  stdout.o ABSOLUTE
    ../clib/microlib/string/memcpy.c         0x00000000   Number         0  memcpya.o ABSOLUTE
    ../clib/microlib/string/memcpy.c         0x00000000   Number         0  memcpyb.o ABSOLUTE
    ../clib/microlib/string/memset.c         0x00000000   Number         0  memseta.o ABSOLUTE
    ../clib/microlib/string/strcpy.c         0x00000000   Number         0  strcpy.o ABSOLUTE
    ../clib/microlib/string/strlen.c         0x00000000   Number         0  strlen.o ABSOLUTE
    ../clib/microlib/string/strncmp.c        0x00000000   Number         0  strncmp.o ABSOLUTE
    ../clib/microlib/string/strstr.c         0x00000000   Number         0  strstr.o ABSOLUTE
    ../clib/microlib/string/strtok.c         0x00000000   Number         0  strtok.o ABSOLUTE
    ../clib/microlib/string/strtok.c         0x00000000   Number         0  strtok_r.o ABSOLUTE
    ../clib/microlib/stubs.s                 0x00000000   Number         0  iusefp.o ABSOLUTE
    ../clib/scanf.c                          0x00000000   Number         0  _strtoul.o ABSOLUTE
    ../clib/scanf.c                          0x00000000   Number         0  strtol.o ABSOLUTE
    ../clib/scanf.c                          0x00000000   Number         0  _chval.o ABSOLUTE
    ../clib/scanf.c                          0x00000000   Number         0  atoi.o ABSOLUTE
    ../fplib/microlib/fpadd.c                0x00000000   Number         0  dadd.o ABSOLUTE
    ../fplib/microlib/fpdiv.c                0x00000000   Number         0  ddiv.o ABSOLUTE
    ../fplib/microlib/fpepilogue.c           0x00000000   Number         0  depilogue.o ABSOLUTE
    ../fplib/microlib/fpfix.c                0x00000000   Number         0  dfixul.o ABSOLUTE
    ../fplib/microlib/fpmul.c                0x00000000   Number         0  dmul.o ABSOLUTE
    ..\\apps\\main.c                         0x00000000   Number         0  main.o ABSOLUTE
    ..\\apps\\stm32f4xx_it.c                 0x00000000   Number         0  stm32f4xx_it.o ABSOLUTE
    ..\\drivers\\src\\dactyligram.c          0x00000000   Number         0  dactyligram.o ABSOLUTE
    ..\\drivers\\src\\data.c                 0x00000000   Number         0  data.o ABSOLUTE
    ..\\drivers\\src\\dev_esp8266.c          0x00000000   Number         0  dev_esp8266.o ABSOLUTE
    ..\\drivers\\src\\dev_led.c              0x00000000   Number         0  dev_led.o ABSOLUTE
    ..\\drivers\\src\\dev_systickstimer.c    0x00000000   Number         0  dev_systickstimer.o ABSOLUTE
    ..\\drivers\\src\\dev_tftlcd.c           0x00000000   Number         0  dev_tftlcd.o ABSOLUTE
    ..\\drivers\\src\\dev_usart1.c           0x00000000   Number         0  dev_usart1.o ABSOLUTE
    ..\\drivers\\src\\rcc.c                  0x00000000   Number         0  rcc.o ABSOLUTE
    ..\\librarise\\CMSIS\\Device\\ST\\STM32F4xx\\Source\\Templates\\system_stm32f4xx.c 0x00000000   Number         0  system_stm32f4xx.o ABSOLUTE
    ..\\librarise\\STM32F4xx_StdPeriph_Driver\\src\\misc.c 0x00000000   Number         0  misc.o ABSOLUTE
    ..\\librarise\\STM32F4xx_StdPeriph_Driver\\src\\stm32f4xx_adc.c 0x00000000   Number         0  stm32f4xx_adc.o ABSOLUTE
    ..\\librarise\\STM32F4xx_StdPeriph_Driver\\src\\stm32f4xx_can.c 0x00000000   Number         0  stm32f4xx_can.o ABSOLUTE
    ..\\librarise\\STM32F4xx_StdPeriph_Driver\\src\\stm32f4xx_cec.c 0x00000000   Number         0  stm32f4xx_cec.o ABSOLUTE
    ..\\librarise\\STM32F4xx_StdPeriph_Driver\\src\\stm32f4xx_crc.c 0x00000000   Number         0  stm32f4xx_crc.o ABSOLUTE
    ..\\librarise\\STM32F4xx_StdPeriph_Driver\\src\\stm32f4xx_cryp.c 0x00000000   Number         0  stm32f4xx_cryp.o ABSOLUTE
    ..\\librarise\\STM32F4xx_StdPeriph_Driver\\src\\stm32f4xx_cryp_aes.c 0x00000000   Number         0  stm32f4xx_cryp_aes.o ABSOLUTE
    ..\\librarise\\STM32F4xx_StdPeriph_Driver\\src\\stm32f4xx_cryp_des.c 0x00000000   Number         0  stm32f4xx_cryp_des.o ABSOLUTE
    ..\\librarise\\STM32F4xx_StdPeriph_Driver\\src\\stm32f4xx_cryp_tdes.c 0x00000000   Number         0  stm32f4xx_cryp_tdes.o ABSOLUTE
    ..\\librarise\\STM32F4xx_StdPeriph_Driver\\src\\stm32f4xx_dac.c 0x00000000   Number         0  stm32f4xx_dac.o ABSOLUTE
    ..\\librarise\\STM32F4xx_StdPeriph_Driver\\src\\stm32f4xx_dbgmcu.c 0x00000000   Number         0  stm32f4xx_dbgmcu.o ABSOLUTE
    ..\\librarise\\STM32F4xx_StdPeriph_Driver\\src\\stm32f4xx_dcmi.c 0x00000000   Number         0  stm32f4xx_dcmi.o ABSOLUTE
    ..\\librarise\\STM32F4xx_StdPeriph_Driver\\src\\stm32f4xx_dfsdm.c 0x00000000   Number         0  stm32f4xx_dfsdm.o ABSOLUTE
    ..\\librarise\\STM32F4xx_StdPeriph_Driver\\src\\stm32f4xx_dma.c 0x00000000   Number         0  stm32f4xx_dma.o ABSOLUTE
    ..\\librarise\\STM32F4xx_StdPeriph_Driver\\src\\stm32f4xx_dma2d.c 0x00000000   Number         0  stm32f4xx_dma2d.o ABSOLUTE
    ..\\librarise\\STM32F4xx_StdPeriph_Driver\\src\\stm32f4xx_dsi.c 0x00000000   Number         0  stm32f4xx_dsi.o ABSOLUTE
    ..\\librarise\\STM32F4xx_StdPeriph_Driver\\src\\stm32f4xx_exti.c 0x00000000   Number         0  stm32f4xx_exti.o ABSOLUTE
    ..\\librarise\\STM32F4xx_StdPeriph_Driver\\src\\stm32f4xx_flash.c 0x00000000   Number         0  stm32f4xx_flash.o ABSOLUTE
    ..\\librarise\\STM32F4xx_StdPeriph_Driver\\src\\stm32f4xx_flash_ramfunc.c 0x00000000   Number         0  stm32f4xx_flash_ramfunc.o ABSOLUTE
    ..\\librarise\\STM32F4xx_StdPeriph_Driver\\src\\stm32f4xx_fmpi2c.c 0x00000000   Number         0  stm32f4xx_fmpi2c.o ABSOLUTE
    ..\\librarise\\STM32F4xx_StdPeriph_Driver\\src\\stm32f4xx_fsmc.c 0x00000000   Number         0  stm32f4xx_fsmc.o ABSOLUTE
    ..\\librarise\\STM32F4xx_StdPeriph_Driver\\src\\stm32f4xx_gpio.c 0x00000000   Number         0  stm32f4xx_gpio.o ABSOLUTE
    ..\\librarise\\STM32F4xx_StdPeriph_Driver\\src\\stm32f4xx_hash.c 0x00000000   Number         0  stm32f4xx_hash.o ABSOLUTE
    ..\\librarise\\STM32F4xx_StdPeriph_Driver\\src\\stm32f4xx_hash_md5.c 0x00000000   Number         0  stm32f4xx_hash_md5.o ABSOLUTE
    ..\\librarise\\STM32F4xx_StdPeriph_Driver\\src\\stm32f4xx_hash_sha1.c 0x00000000   Number         0  stm32f4xx_hash_sha1.o ABSOLUTE
    ..\\librarise\\STM32F4xx_StdPeriph_Driver\\src\\stm32f4xx_i2c.c 0x00000000   Number         0  stm32f4xx_i2c.o ABSOLUTE
    ..\\librarise\\STM32F4xx_StdPeriph_Driver\\src\\stm32f4xx_iwdg.c 0x00000000   Number         0  stm32f4xx_iwdg.o ABSOLUTE
    ..\\librarise\\STM32F4xx_StdPeriph_Driver\\src\\stm32f4xx_lptim.c 0x00000000   Number         0  stm32f4xx_lptim.o ABSOLUTE
    ..\\librarise\\STM32F4xx_StdPeriph_Driver\\src\\stm32f4xx_ltdc.c 0x00000000   Number         0  stm32f4xx_ltdc.o ABSOLUTE
    ..\\librarise\\STM32F4xx_StdPeriph_Driver\\src\\stm32f4xx_pwr.c 0x00000000   Number         0  stm32f4xx_pwr.o ABSOLUTE
    ..\\librarise\\STM32F4xx_StdPeriph_Driver\\src\\stm32f4xx_qspi.c 0x00000000   Number         0  stm32f4xx_qspi.o ABSOLUTE
    ..\\librarise\\STM32F4xx_StdPeriph_Driver\\src\\stm32f4xx_rcc.c 0x00000000   Number         0  stm32f4xx_rcc.o ABSOLUTE
    ..\\librarise\\STM32F4xx_StdPeriph_Driver\\src\\stm32f4xx_rng.c 0x00000000   Number         0  stm32f4xx_rng.o ABSOLUTE
    ..\\librarise\\STM32F4xx_StdPeriph_Driver\\src\\stm32f4xx_rtc.c 0x00000000   Number         0  stm32f4xx_rtc.o ABSOLUTE
    ..\\librarise\\STM32F4xx_StdPeriph_Driver\\src\\stm32f4xx_sai.c 0x00000000   Number         0  stm32f4xx_sai.o ABSOLUTE
    ..\\librarise\\STM32F4xx_StdPeriph_Driver\\src\\stm32f4xx_sdio.c 0x00000000   Number         0  stm32f4xx_sdio.o ABSOLUTE
    ..\\librarise\\STM32F4xx_StdPeriph_Driver\\src\\stm32f4xx_spdifrx.c 0x00000000   Number         0  stm32f4xx_spdifrx.o ABSOLUTE
    ..\\librarise\\STM32F4xx_StdPeriph_Driver\\src\\stm32f4xx_spi.c 0x00000000   Number         0  stm32f4xx_spi.o ABSOLUTE
    ..\\librarise\\STM32F4xx_StdPeriph_Driver\\src\\stm32f4xx_syscfg.c 0x00000000   Number         0  stm32f4xx_syscfg.o ABSOLUTE
    ..\\librarise\\STM32F4xx_StdPeriph_Driver\\src\\stm32f4xx_tim.c 0x00000000   Number         0  stm32f4xx_tim.o ABSOLUTE
    ..\\librarise\\STM32F4xx_StdPeriph_Driver\\src\\stm32f4xx_usart.c 0x00000000   Number         0  stm32f4xx_usart.o ABSOLUTE
    ..\\librarise\\STM32F4xx_StdPeriph_Driver\\src\\stm32f4xx_wwdg.c 0x00000000   Number         0  stm32f4xx_wwdg.o ABSOLUTE
    ..\apps\main.c                           0x00000000   Number         0  main.o ABSOLUTE
    ..\apps\stm32f4xx_it.c                   0x00000000   Number         0  stm32f4xx_it.o ABSOLUTE
    ..\drivers\src\dactyligram.c             0x00000000   Number         0  dactyligram.o ABSOLUTE
    ..\drivers\src\data.c                    0x00000000   Number         0  data.o ABSOLUTE
    ..\drivers\src\dev_esp8266.c             0x00000000   Number         0  dev_esp8266.o ABSOLUTE
    ..\drivers\src\dev_led.c                 0x00000000   Number         0  dev_led.o ABSOLUTE
    ..\drivers\src\dev_systickstimer.c       0x00000000   Number         0  dev_systickstimer.o ABSOLUTE
    ..\drivers\src\dev_tftlcd.c              0x00000000   Number         0  dev_tftlcd.o ABSOLUTE
    ..\drivers\src\dev_usart1.c              0x00000000   Number         0  dev_usart1.o ABSOLUTE
    ..\drivers\src\rcc.c                     0x00000000   Number         0  rcc.o ABSOLUTE
    ..\librarise\CMSIS\Device\ST\STM32F4xx\Source\Templates\arm\startup_stm32f40_41xxx.s 0x00000000   Number         0  startup_stm32f40_41xxx.o ABSOLUTE
    ..\librarise\CMSIS\Device\ST\STM32F4xx\Source\Templates\system_stm32f4xx.c 0x00000000   Number         0  system_stm32f4xx.o ABSOLUTE
    ..\librarise\STM32F4xx_StdPeriph_Driver\src\misc.c 0x00000000   Number         0  misc.o ABSOLUTE
    ..\librarise\STM32F4xx_StdPeriph_Driver\src\stm32f4xx_adc.c 0x00000000   Number         0  stm32f4xx_adc.o ABSOLUTE
    ..\librarise\STM32F4xx_StdPeriph_Driver\src\stm32f4xx_can.c 0x00000000   Number         0  stm32f4xx_can.o ABSOLUTE
    ..\librarise\STM32F4xx_StdPeriph_Driver\src\stm32f4xx_cec.c 0x00000000   Number         0  stm32f4xx_cec.o ABSOLUTE
    ..\librarise\STM32F4xx_StdPeriph_Driver\src\stm32f4xx_crc.c 0x00000000   Number         0  stm32f4xx_crc.o ABSOLUTE
    ..\librarise\STM32F4xx_StdPeriph_Driver\src\stm32f4xx_cryp.c 0x00000000   Number         0  stm32f4xx_cryp.o ABSOLUTE
    ..\librarise\STM32F4xx_StdPeriph_Driver\src\stm32f4xx_cryp_aes.c 0x00000000   Number         0  stm32f4xx_cryp_aes.o ABSOLUTE
    ..\librarise\STM32F4xx_StdPeriph_Driver\src\stm32f4xx_cryp_des.c 0x00000000   Number         0  stm32f4xx_cryp_des.o ABSOLUTE
    ..\librarise\STM32F4xx_StdPeriph_Driver\src\stm32f4xx_cryp_tdes.c 0x00000000   Number         0  stm32f4xx_cryp_tdes.o ABSOLUTE
    ..\librarise\STM32F4xx_StdPeriph_Driver\src\stm32f4xx_dac.c 0x00000000   Number         0  stm32f4xx_dac.o ABSOLUTE
    ..\librarise\STM32F4xx_StdPeriph_Driver\src\stm32f4xx_dbgmcu.c 0x00000000   Number         0  stm32f4xx_dbgmcu.o ABSOLUTE
    ..\librarise\STM32F4xx_StdPeriph_Driver\src\stm32f4xx_dcmi.c 0x00000000   Number         0  stm32f4xx_dcmi.o ABSOLUTE
    ..\librarise\STM32F4xx_StdPeriph_Driver\src\stm32f4xx_dfsdm.c 0x00000000   Number         0  stm32f4xx_dfsdm.o ABSOLUTE
    ..\librarise\STM32F4xx_StdPeriph_Driver\src\stm32f4xx_dma.c 0x00000000   Number         0  stm32f4xx_dma.o ABSOLUTE
    ..\librarise\STM32F4xx_StdPeriph_Driver\src\stm32f4xx_dma2d.c 0x00000000   Number         0  stm32f4xx_dma2d.o ABSOLUTE
    ..\librarise\STM32F4xx_StdPeriph_Driver\src\stm32f4xx_dsi.c 0x00000000   Number         0  stm32f4xx_dsi.o ABSOLUTE
    ..\librarise\STM32F4xx_StdPeriph_Driver\src\stm32f4xx_exti.c 0x00000000   Number         0  stm32f4xx_exti.o ABSOLUTE
    ..\librarise\STM32F4xx_StdPeriph_Driver\src\stm32f4xx_flash.c 0x00000000   Number         0  stm32f4xx_flash.o ABSOLUTE
    ..\librarise\STM32F4xx_StdPeriph_Driver\src\stm32f4xx_flash_ramfunc.c 0x00000000   Number         0  stm32f4xx_flash_ramfunc.o ABSOLUTE
    ..\librarise\STM32F4xx_StdPeriph_Driver\src\stm32f4xx_fmpi2c.c 0x00000000   Number         0  stm32f4xx_fmpi2c.o ABSOLUTE
    ..\librarise\STM32F4xx_StdPeriph_Driver\src\stm32f4xx_fsmc.c 0x00000000   Number         0  stm32f4xx_fsmc.o ABSOLUTE
    ..\librarise\STM32F4xx_StdPeriph_Driver\src\stm32f4xx_gpio.c 0x00000000   Number         0  stm32f4xx_gpio.o ABSOLUTE
    ..\librarise\STM32F4xx_StdPeriph_Driver\src\stm32f4xx_hash.c 0x00000000   Number         0  stm32f4xx_hash.o ABSOLUTE
    ..\librarise\STM32F4xx_StdPeriph_Driver\src\stm32f4xx_hash_md5.c 0x00000000   Number         0  stm32f4xx_hash_md5.o ABSOLUTE
    ..\librarise\STM32F4xx_StdPeriph_Driver\src\stm32f4xx_hash_sha1.c 0x00000000   Number         0  stm32f4xx_hash_sha1.o ABSOLUTE
    ..\librarise\STM32F4xx_StdPeriph_Driver\src\stm32f4xx_i2c.c 0x00000000   Number         0  stm32f4xx_i2c.o ABSOLUTE
    ..\librarise\STM32F4xx_StdPeriph_Driver\src\stm32f4xx_iwdg.c 0x00000000   Number         0  stm32f4xx_iwdg.o ABSOLUTE
    ..\librarise\STM32F4xx_StdPeriph_Driver\src\stm32f4xx_lptim.c 0x00000000   Number         0  stm32f4xx_lptim.o ABSOLUTE
    ..\librarise\STM32F4xx_StdPeriph_Driver\src\stm32f4xx_ltdc.c 0x00000000   Number         0  stm32f4xx_ltdc.o ABSOLUTE
    ..\librarise\STM32F4xx_StdPeriph_Driver\src\stm32f4xx_pwr.c 0x00000000   Number         0  stm32f4xx_pwr.o ABSOLUTE
    ..\librarise\STM32F4xx_StdPeriph_Driver\src\stm32f4xx_qspi.c 0x00000000   Number         0  stm32f4xx_qspi.o ABSOLUTE
    ..\librarise\STM32F4xx_StdPeriph_Driver\src\stm32f4xx_rcc.c 0x00000000   Number         0  stm32f4xx_rcc.o ABSOLUTE
    ..\librarise\STM32F4xx_StdPeriph_Driver\src\stm32f4xx_rng.c 0x00000000   Number         0  stm32f4xx_rng.o ABSOLUTE
    ..\librarise\STM32F4xx_StdPeriph_Driver\src\stm32f4xx_rtc.c 0x00000000   Number         0  stm32f4xx_rtc.o ABSOLUTE
    ..\librarise\STM32F4xx_StdPeriph_Driver\src\stm32f4xx_sai.c 0x00000000   Number         0  stm32f4xx_sai.o ABSOLUTE
    ..\librarise\STM32F4xx_StdPeriph_Driver\src\stm32f4xx_sdio.c 0x00000000   Number         0  stm32f4xx_sdio.o ABSOLUTE
    ..\librarise\STM32F4xx_StdPeriph_Driver\src\stm32f4xx_spdifrx.c 0x00000000   Number         0  stm32f4xx_spdifrx.o ABSOLUTE
    ..\librarise\STM32F4xx_StdPeriph_Driver\src\stm32f4xx_spi.c 0x00000000   Number         0  stm32f4xx_spi.o ABSOLUTE
    ..\librarise\STM32F4xx_StdPeriph_Driver\src\stm32f4xx_syscfg.c 0x00000000   Number         0  stm32f4xx_syscfg.o ABSOLUTE
    ..\librarise\STM32F4xx_StdPeriph_Driver\src\stm32f4xx_tim.c 0x00000000   Number         0  stm32f4xx_tim.o ABSOLUTE
    ..\librarise\STM32F4xx_StdPeriph_Driver\src\stm32f4xx_usart.c 0x00000000   Number         0  stm32f4xx_usart.o ABSOLUTE
    ..\librarise\STM32F4xx_StdPeriph_Driver\src\stm32f4xx_wwdg.c 0x00000000   Number         0  stm32f4xx_wwdg.o ABSOLUTE
    cdrcmple.s                               0x00000000   Number         0  cdrcmple.o ABSOLUTE
    dc.s                                     0x00000000   Number         0  dc.o ABSOLUTE
    handlers.s                               0x00000000   Number         0  handlers.o ABSOLUTE
    init.s                                   0x00000000   Number         0  init.o ABSOLUTE
    RESET                                    0x08010000   Section      392  startup_stm32f40_41xxx.o(RESET)
    .ARM.Collect$$$$00000000                 0x08010188   Section        0  entry.o(.ARM.Collect$$$$00000000)
    .ARM.Collect$$$$00000001                 0x08010188   Section        4  entry2.o(.ARM.Collect$$$$00000001)
    .ARM.Collect$$$$00000004                 0x0801018c   Section        4  entry5.o(.ARM.Collect$$$$00000004)
    .ARM.Collect$$$$00000008                 0x08010190   Section        0  entry7b.o(.ARM.Collect$$$$00000008)
    .ARM.Collect$$$$0000000A                 0x08010190   Section        0  entry8b.o(.ARM.Collect$$$$0000000A)
    .ARM.Collect$$$$0000000B                 0x08010190   Section        8  entry9a.o(.ARM.Collect$$$$0000000B)
    .ARM.Collect$$$$0000000D                 0x08010198   Section        0  entry10a.o(.ARM.Collect$$$$0000000D)
    .ARM.Collect$$$$0000000F                 0x08010198   Section        0  entry11a.o(.ARM.Collect$$$$0000000F)
    .ARM.Collect$$$$00002712                 0x08010198   Section        4  entry2.o(.ARM.Collect$$$$00002712)
    __lit__00000000                          0x08010198   Data           4  entry2.o(.ARM.Collect$$$$00002712)
    .text                                    0x0801019c   Section       36  startup_stm32f40_41xxx.o(.text)
    $v0                                      0x0801019c   Number         0  startup_stm32f40_41xxx.o(.text)
    .text                                    0x080101c0   Section        0  memseta.o(.text)
    .text                                    0x080101e4   Section        0  strncmp.o(.text)
    .text                                    0x08010202   Section        0  uldiv.o(.text)
    .text                                    0x08010264   Section       36  init.o(.text)
    .text                                    0x08010288   Section        0  llshl.o(.text)
    .text                                    0x080102a6   Section        0  llushr.o(.text)
    i.Add_FR                                 0x080102c8   Section        0  dactyligram.o(i.Add_FR)
    i.BusFault_Handler                       0x0801055c   Section        0  stm32f4xx_it.o(i.BusFault_Handler)
    i.DebugMon_Handler                       0x08010560   Section        0  stm32f4xx_it.o(i.DebugMon_Handler)
    i.FSMC_NORSRAMCmd                        0x08010564   Section        0  stm32f4xx_fsmc.o(i.FSMC_NORSRAMCmd)
    i.FSMC_NORSRAMInit                       0x08010598   Section        0  stm32f4xx_fsmc.o(i.FSMC_NORSRAMInit)
    i.GPIO_Init                              0x080106bc   Section        0  stm32f4xx_gpio.o(i.GPIO_Init)
    i.GPIO_PinAFConfig                       0x0801074c   Section        0  stm32f4xx_gpio.o(i.GPIO_PinAFConfig)
    i.GPIO_ReadInputDataBit                  0x08010792   Section        0  stm32f4xx_gpio.o(i.GPIO_ReadInputDataBit)
    i.GPIO_ResetBits                         0x080107a4   Section        0  stm32f4xx_gpio.o(i.GPIO_ResetBits)
    i.GPIO_SetBits                           0x080107a8   Section        0  stm32f4xx_gpio.o(i.GPIO_SetBits)
    i.HardFault_Handler                      0x080107ac   Section        0  stm32f4xx_it.o(i.HardFault_Handler)
    i.JudgeStr                               0x080107b0   Section        0  dactyligram.o(i.JudgeStr)
    JudgeStr                                 0x080107b1   Thumb Code    56  dactyligram.o(i.JudgeStr)
    i.LCD_Clear                              0x080107f0   Section        0  dev_tftlcd.o(i.LCD_Clear)
    i.LCD_Display_Dir                        0x08010838   Section        0  dev_tftlcd.o(i.LCD_Display_Dir)
    i.LCD_DrawFRONT_COLOR                    0x0801089c   Section        0  dev_tftlcd.o(i.LCD_DrawFRONT_COLOR)
    i.LCD_DrawLine                           0x080108b8   Section        0  dev_tftlcd.o(i.LCD_DrawLine)
    i.LCD_DrawPoint                          0x08010968   Section        0  dev_tftlcd.o(i.LCD_DrawPoint)
    i.LCD_Init                               0x08010988   Section        0  dev_tftlcd.o(i.LCD_Init)
    i.LCD_ReadData                           0x08010ba8   Section        0  dev_tftlcd.o(i.LCD_ReadData)
    i.LCD_Set_Window                         0x08010bc4   Section        0  dev_tftlcd.o(i.LCD_Set_Window)
    i.LCD_ShowFontHZ                         0x08010c90   Section        0  dev_tftlcd.o(i.LCD_ShowFontHZ)
    i.LCD_WriteCmd                           0x08010d78   Section        0  dev_tftlcd.o(i.LCD_WriteCmd)
    LCD_WriteCmd                             0x08010d79   Thumb Code    18  dev_tftlcd.o(i.LCD_WriteCmd)
    i.LCD_WriteData                          0x08010d90   Section        0  dev_tftlcd.o(i.LCD_WriteData)
    LCD_WriteData                            0x08010d91   Thumb Code    18  dev_tftlcd.o(i.LCD_WriteData)
    i.LCD_WriteData_Color                    0x08010da8   Section        0  dev_tftlcd.o(i.LCD_WriteData_Color)
    i.LedConfig                              0x08010dc0   Section        0  dev_led.o(i.LedConfig)
    i.MYUSART_SendData                       0x08010e04   Section        0  dactyligram.o(i.MYUSART_SendData)
    MYUSART_SendData                         0x08010e05   Thumb Code    22  dactyligram.o(i.MYUSART_SendData)
    i.MemManage_Handler                      0x08010e20   Section        0  stm32f4xx_it.o(i.MemManage_Handler)
    i.MyUSART_Sendbyte                       0x08010e24   Section        0  dev_usart1.o(i.MyUSART_Sendbyte)
    i.NMI_Handler                            0x08010e34   Section        0  stm32f4xx_it.o(i.NMI_Handler)
    i.NVIC_Init                              0x08010e38   Section        0  misc.o(i.NVIC_Init)
    i.NVIC_PriorityGroupConfig               0x08010eb0   Section        0  misc.o(i.NVIC_PriorityGroupConfig)
    i.PS_GenChar                             0x08010ec4   Section        0  dactyligram.o(i.PS_GenChar)
    i.PS_GetImage                            0x08010f24   Section        0  dactyligram.o(i.PS_GetImage)
    i.PS_HighSpeedSearch                     0x08010f64   Section        0  dactyligram.o(i.PS_HighSpeedSearch)
    i.PS_Match                               0x08010fec   Section        0  dactyligram.o(i.PS_Match)
    i.PS_RegModel                            0x0801102c   Section        0  dactyligram.o(i.PS_RegModel)
    i.PS_StoreChar                           0x0801106c   Section        0  dactyligram.o(i.PS_StoreChar)
    i.PendSV_Handler                         0x080110d0   Section        0  stm32f4xx_it.o(i.PendSV_Handler)
    i.Press_FR                               0x080110d4   Section        0  dactyligram.o(i.Press_FR)
    i.RCC_AHB1PeriphClockCmd                 0x08011174   Section        0  stm32f4xx_rcc.o(i.RCC_AHB1PeriphClockCmd)
    i.RCC_AHB3PeriphClockCmd                 0x08011194   Section        0  stm32f4xx_rcc.o(i.RCC_AHB3PeriphClockCmd)
    i.RCC_APB1PeriphClockCmd                 0x080111b4   Section        0  stm32f4xx_rcc.o(i.RCC_APB1PeriphClockCmd)
    i.RCC_APB2PeriphClockCmd                 0x080111d4   Section        0  stm32f4xx_rcc.o(i.RCC_APB2PeriphClockCmd)
    i.RCC_DeInit                             0x080111f4   Section        0  stm32f4xx_rcc.o(i.RCC_DeInit)
    i.RCC_GetClocksFreq                      0x08011258   Section        0  stm32f4xx_rcc.o(i.RCC_GetClocksFreq)
    i.RCC_GetFlagStatus                      0x08011340   Section        0  stm32f4xx_rcc.o(i.RCC_GetFlagStatus)
    i.RCC_GetSYSCLKSource                    0x08011380   Section        0  stm32f4xx_rcc.o(i.RCC_GetSYSCLKSource)
    i.RCC_HCLKConfig                         0x08011390   Section        0  stm32f4xx_rcc.o(i.RCC_HCLKConfig)
    i.RCC_HSEConfig                          0x080113a8   Section        0  stm32f4xx_rcc.o(i.RCC_HSEConfig)
    i.RCC_PCLK1Config                        0x080113b8   Section        0  stm32f4xx_rcc.o(i.RCC_PCLK1Config)
    i.RCC_PCLK2Config                        0x080113d0   Section        0  stm32f4xx_rcc.o(i.RCC_PCLK2Config)
    i.RCC_PLLCmd                             0x080113e8   Section        0  stm32f4xx_rcc.o(i.RCC_PLLCmd)
    i.RCC_PLLConfig                          0x080113f4   Section        0  stm32f4xx_rcc.o(i.RCC_PLLConfig)
    i.RCC_SYSCLKConfig                       0x08011418   Section        0  stm32f4xx_rcc.o(i.RCC_SYSCLKConfig)
    i.RCC_WaitForHSEStartUp                  0x08011430   Section        0  stm32f4xx_rcc.o(i.RCC_WaitForHSEStartUp)
    i.Rcc_Config                             0x08011468   Section        0  rcc.o(i.Rcc_Config)
    i.SVC_Handler                            0x080114c6   Section        0  stm32f4xx_it.o(i.SVC_Handler)
    i.SendAddr                               0x080114c8   Section        0  dactyligram.o(i.SendAddr)
    SendAddr                                 0x080114c9   Thumb Code    46  dactyligram.o(i.SendAddr)
    i.SendCheck                              0x080114fc   Section        0  dactyligram.o(i.SendCheck)
    SendCheck                                0x080114fd   Thumb Code    18  dactyligram.o(i.SendCheck)
    i.SendFlag                               0x0801150e   Section        0  dactyligram.o(i.SendFlag)
    SendFlag                                 0x0801150f   Thumb Code    12  dactyligram.o(i.SendFlag)
    i.SendHead                               0x0801151a   Section        0  dactyligram.o(i.SendHead)
    SendHead                                 0x0801151b   Thumb Code    16  dactyligram.o(i.SendHead)
    i.SendLength                             0x0801152a   Section        0  dactyligram.o(i.SendLength)
    SendLength                               0x0801152b   Thumb Code    20  dactyligram.o(i.SendLength)
    i.Sendcmd                                0x0801153e   Section        0  dactyligram.o(i.Sendcmd)
    Sendcmd                                  0x0801153f   Thumb Code    12  dactyligram.o(i.Sendcmd)
    i.SetSysClock                            0x0801154c   Section        0  system_stm32f4xx.o(i.SetSysClock)
    SetSysClock                              0x0801154d   Thumb Code   220  system_stm32f4xx.o(i.SetSysClock)
    i.SysTick_Handler                        0x08011638   Section        0  stm32f4xx_it.o(i.SysTick_Handler)
    i.SysTicks_Config                        0x0801163c   Section        0  dev_systickstimer.o(i.SysTicks_Config)
    i.SystemInit                             0x08011670   Section        0  system_stm32f4xx.o(i.SystemInit)
    i.Systicks_Nms                           0x080116d8   Section        0  dev_systickstimer.o(i.Systicks_Nms)
    i.USART1_IRQHandler                      0x08011710   Section        0  stm32f4xx_it.o(i.USART1_IRQHandler)
    i.USART2_IRQHandler                      0x080117b4   Section        0  stm32f4xx_it.o(i.USART2_IRQHandler)
    i.USART3_IRQHandler                      0x080117fc   Section        0  stm32f4xx_it.o(i.USART3_IRQHandler)
    i.USART_ClearFlag                        0x08011850   Section        0  stm32f4xx_usart.o(i.USART_ClearFlag)
    i.USART_ClearITPendingBit                0x08011862   Section        0  stm32f4xx_usart.o(i.USART_ClearITPendingBit)
    i.USART_Cmd                              0x08011880   Section        0  stm32f4xx_usart.o(i.USART_Cmd)
    i.USART_GetFlagStatus                    0x08011898   Section        0  stm32f4xx_usart.o(i.USART_GetFlagStatus)
    i.USART_GetITStatus                      0x080118b2   Section        0  stm32f4xx_usart.o(i.USART_GetITStatus)
    i.USART_INIT_407                         0x08011908   Section        0  dev_usart1.o(i.USART_INIT_407)
    i.USART_ITConfig                         0x08011b08   Section        0  stm32f4xx_usart.o(i.USART_ITConfig)
    i.USART_Init                             0x08011b54   Section        0  stm32f4xx_usart.o(i.USART_Init)
    i.USART_ReceiveData                      0x08011c28   Section        0  stm32f4xx_usart.o(i.USART_ReceiveData)
    i.USART_SendData                         0x08011c32   Section        0  stm32f4xx_usart.o(i.USART_SendData)
    i.UsageFault_Handler                     0x08011c3a   Section        0  stm32f4xx_it.o(i.UsageFault_Handler)
    i.__0printf$8                            0x08011c40   Section        0  printf8.o(i.__0printf$8)
    i.__scatterload_copy                     0x08011c60   Section       14  handlers.o(i.__scatterload_copy)
    i.__scatterload_null                     0x08011c6e   Section        2  handlers.o(i.__scatterload_null)
    i.__scatterload_zeroinit                 0x08011c70   Section       14  handlers.o(i.__scatterload_zeroinit)
    i._printf_core                           0x08011c80   Section        0  printf8.o(i._printf_core)
    _printf_core                             0x08011c81   Thumb Code   996  printf8.o(i._printf_core)
    i._printf_post_padding                   0x08012090   Section        0  printf8.o(i._printf_post_padding)
    _printf_post_padding                     0x08012091   Thumb Code    36  printf8.o(i._printf_post_padding)
    i._printf_pre_padding                    0x080120b4   Section        0  printf8.o(i._printf_pre_padding)
    _printf_pre_padding                      0x080120b5   Thumb Code    46  printf8.o(i._printf_pre_padding)
    i.delay_xms                              0x080120e4   Section        0  dev_systickstimer.o(i.delay_xms)
    i.fputc                                  0x08012130   Section        0  dev_usart1.o(i.fputc)
    i.lcdFsmcInit                            0x08012154   Section        0  dev_tftlcd.o(i.lcdFsmcInit)
    lcdFsmcInit                              0x08012155   Thumb Code   130  dev_tftlcd.o(i.lcdFsmcInit)
    i.lcdGpioInit                            0x080121d8   Section        0  dev_tftlcd.o(i.lcdGpioInit)
    lcdGpioInit                              0x080121d9   Thumb Code   412  dev_tftlcd.o(i.lcdGpioInit)
    i.main                                   0x08012388   Section        0  main.o(i.main)
    .constdata                               0x08012430   Section     1534  data.o(.constdata)
    .data                                    0x20000000   Section        8  stm32f4xx_it.o(.data)
    .data                                    0x20000008   Section        8  dev_systickstimer.o(.data)
    .data                                    0x20000010   Section       12  dev_tftlcd.o(.data)
    .data                                    0x2000001c   Section        6  dactyligram.o(.data)
    .data                                    0x20000022   Section       16  stm32f4xx_rcc.o(.data)
    APBAHBPrescTable                         0x20000022   Data          16  stm32f4xx_rcc.o(.data)
    .data                                    0x20000034   Section        4  stdout.o(.data)
    .bss                                     0x20000038   Section     1000  stm32f4xx_it.o(.bss)
    .bss                                     0x20000420   Section       12  dactyligram.o(.bss)
    STACK                                    0x20000430   Section     1024  startup_stm32f40_41xxx.o(STACK)

    Global Symbols

    Symbol Name                              Value     Ov Type        Size  Object(Section)

    BuildAttributes$$THM_ISAv4$E$P$D$K$B$S$7EM$VFPi3$EXTD16$VFPS$VFMA$PE$A:L22UL41UL21$X:L11$S22US41US21$IEEE1$IW$USESV6$~STKCKD$USESV7$~SHL$OSPACE$ROPI$EBA8$MICROLIB$REQ8$PRES8$EABIv2 0x00000000   Number         0  anon$$obj.o ABSOLUTE
    __ARM_use_no_argv                        0x00000000   Number         0  main.o ABSOLUTE
    _printf_a                                0x00000000   Number         0  stubs.o ABSOLUTE
    _printf_c                                0x00000000   Number         0  stubs.o ABSOLUTE
    _printf_charcount                        0x00000000   Number         0  stubs.o ABSOLUTE
    _printf_d                                0x00000000   Number         0  stubs.o ABSOLUTE
    _printf_e                                0x00000000   Number         0  stubs.o ABSOLUTE
    _printf_f                                0x00000000   Number         0  stubs.o ABSOLUTE
    _printf_flags                            0x00000000   Number         0  stubs.o ABSOLUTE
    _printf_fp_dec                           0x00000000   Number         0  stubs.o ABSOLUTE
    _printf_fp_hex                           0x00000000   Number         0  stubs.o ABSOLUTE
    _printf_g                                0x00000000   Number         0  stubs.o ABSOLUTE
    _printf_i                                0x00000000   Number         0  stubs.o ABSOLUTE
    _printf_int_dec                          0x00000000   Number         0  stubs.o ABSOLUTE
    _printf_l                                0x00000000   Number         0  stubs.o ABSOLUTE
    _printf_lc                               0x00000000   Number         0  stubs.o ABSOLUTE
    _printf_ll                               0x00000000   Number         0  stubs.o ABSOLUTE
    _printf_lld                              0x00000000   Number         0  stubs.o ABSOLUTE
    _printf_lli                              0x00000000   Number         0  stubs.o ABSOLUTE
    _printf_llo                              0x00000000   Number         0  stubs.o ABSOLUTE
    _printf_llu                              0x00000000   Number         0  stubs.o ABSOLUTE
    _printf_llx                              0x00000000   Number         0  stubs.o ABSOLUTE
    _printf_longlong_dec                     0x00000000   Number         0  stubs.o ABSOLUTE
    _printf_longlong_hex                     0x00000000   Number         0  stubs.o ABSOLUTE
    _printf_longlong_oct                     0x00000000   Number         0  stubs.o ABSOLUTE
    _printf_ls                               0x00000000   Number         0  stubs.o ABSOLUTE
    _printf_mbtowc                           0x00000000   Number         0  stubs.o ABSOLUTE
    _printf_n                                0x00000000   Number         0  stubs.o ABSOLUTE
    _printf_o                                0x00000000   Number         0  stubs.o ABSOLUTE
    _printf_p                                0x00000000   Number         0  stubs.o ABSOLUTE
    _printf_percent                          0x00000000   Number         0  stubs.o ABSOLUTE
    _printf_pre_padding                      0x00000000   Number         0  stubs.o ABSOLUTE
    _printf_return_value                     0x00000000   Number         0  stubs.o ABSOLUTE
    _printf_s                                0x00000000   Number         0  stubs.o ABSOLUTE
    _printf_sizespec                         0x00000000   Number         0  stubs.o ABSOLUTE
    _printf_str                              0x00000000   Number         0  stubs.o ABSOLUTE
    _printf_truncate_signed                  0x00000000   Number         0  stubs.o ABSOLUTE
    _printf_truncate_unsigned                0x00000000   Number         0  stubs.o ABSOLUTE
    _printf_u                                0x00000000   Number         0  stubs.o ABSOLUTE
    _printf_wc                               0x00000000   Number         0  stubs.o ABSOLUTE
    _printf_wctomb                           0x00000000   Number         0  stubs.o ABSOLUTE
    _printf_widthprec                        0x00000000   Number         0  stubs.o ABSOLUTE
    _printf_x                                0x00000000   Number         0  stubs.o ABSOLUTE
    __cpp_initialize__aeabi_                  - Undefined Weak Reference
    __cxa_finalize                            - Undefined Weak Reference
    __decompress                              - Undefined Weak Reference
    _clock_init                               - Undefined Weak Reference
    _microlib_exit                            - Undefined Weak Reference
    __Vectors_Size                           0x00000188   Number         0  startup_stm32f40_41xxx.o ABSOLUTE
    __Vectors                                0x08010000   Data           4  startup_stm32f40_41xxx.o(RESET)
    __Vectors_End                            0x08010188   Data           0  startup_stm32f40_41xxx.o(RESET)
    __main                                   0x08010189   Thumb Code     0  entry.o(.ARM.Collect$$$$00000000)
    _main_stk                                0x08010189   Thumb Code     0  entry2.o(.ARM.Collect$$$$00000001)
    _main_scatterload                        0x0801018d   Thumb Code     0  entry5.o(.ARM.Collect$$$$00000004)
    __main_after_scatterload                 0x08010191   Thumb Code     0  entry5.o(.ARM.Collect$$$$00000004)
    _main_clock                              0x08010191   Thumb Code     0  entry7b.o(.ARM.Collect$$$$00000008)
    _main_cpp_init                           0x08010191   Thumb Code     0  entry8b.o(.ARM.Collect$$$$0000000A)
    _main_init                               0x08010191   Thumb Code     0  entry9a.o(.ARM.Collect$$$$0000000B)
    __rt_final_cpp                           0x08010199   Thumb Code     0  entry10a.o(.ARM.Collect$$$$0000000D)
    __rt_final_exit                          0x08010199   Thumb Code     0  entry11a.o(.ARM.Collect$$$$0000000F)
    Reset_Handler                            0x0801019d   Thumb Code     8  startup_stm32f40_41xxx.o(.text)
    ADC_IRQHandler                           0x080101b7   Thumb Code     0  startup_stm32f40_41xxx.o(.text)
    CAN1_RX0_IRQHandler                      0x080101b7   Thumb Code     0  startup_stm32f40_41xxx.o(.text)
    CAN1_RX1_IRQHandler                      0x080101b7   Thumb Code     0  startup_stm32f40_41xxx.o(.text)
    CAN1_SCE_IRQHandler                      0x080101b7   Thumb Code     0  startup_stm32f40_41xxx.o(.text)
    CAN1_TX_IRQHandler                       0x080101b7   Thumb Code     0  startup_stm32f40_41xxx.o(.text)
    CAN2_RX0_IRQHandler                      0x080101b7   Thumb Code     0  startup_stm32f40_41xxx.o(.text)
    CAN2_RX1_IRQHandler                      0x080101b7   Thumb Code     0  startup_stm32f40_41xxx.o(.text)
    CAN2_SCE_IRQHandler                      0x080101b7   Thumb Code     0  startup_stm32f40_41xxx.o(.text)
    CAN2_TX_IRQHandler                       0x080101b7   Thumb Code     0  startup_stm32f40_41xxx.o(.text)
    CRYP_IRQHandler                          0x080101b7   Thumb Code     0  startup_stm32f40_41xxx.o(.text)
    DCMI_IRQHandler                          0x080101b7   Thumb Code     0  startup_stm32f40_41xxx.o(.text)
    DMA1_Stream0_IRQHandler                  0x080101b7   Thumb Code     0  startup_stm32f40_41xxx.o(.text)
    DMA1_Stream1_IRQHandler                  0x080101b7   Thumb Code     0  startup_stm32f40_41xxx.o(.text)
    DMA1_Stream2_IRQHandler                  0x080101b7   Thumb Code     0  startup_stm32f40_41xxx.o(.text)
    DMA1_Stream3_IRQHandler                  0x080101b7   Thumb Code     0  startup_stm32f40_41xxx.o(.text)
    DMA1_Stream4_IRQHandler                  0x080101b7   Thumb Code     0  startup_stm32f40_41xxx.o(.text)
    DMA1_Stream5_IRQHandler                  0x080101b7   Thumb Code     0  startup_stm32f40_41xxx.o(.text)
    DMA1_Stream6_IRQHandler                  0x080101b7   Thumb Code     0  startup_stm32f40_41xxx.o(.text)
    DMA1_Stream7_IRQHandler                  0x080101b7   Thumb Code     0  startup_stm32f40_41xxx.o(.text)
    DMA2_Stream0_IRQHandler                  0x080101b7   Thumb Code     0  startup_stm32f40_41xxx.o(.text)
    DMA2_Stream1_IRQHandler                  0x080101b7   Thumb Code     0  startup_stm32f40_41xxx.o(.text)
    DMA2_Stream2_IRQHandler                  0x080101b7   Thumb Code     0  startup_stm32f40_41xxx.o(.text)
    DMA2_Stream3_IRQHandler                  0x080101b7   Thumb Code     0  startup_stm32f40_41xxx.o(.text)
    DMA2_Stream4_IRQHandler                  0x080101b7   Thumb Code     0  startup_stm32f40_41xxx.o(.text)
    DMA2_Stream5_IRQHandler                  0x080101b7   Thumb Code     0  startup_stm32f40_41xxx.o(.text)
    DMA2_Stream6_IRQHandler                  0x080101b7   Thumb Code     0  startup_stm32f40_41xxx.o(.text)
    DMA2_Stream7_IRQHandler                  0x080101b7   Thumb Code     0  startup_stm32f40_41xxx.o(.text)
    ETH_IRQHandler                           0x080101b7   Thumb Code     0  startup_stm32f40_41xxx.o(.text)
    ETH_WKUP_IRQHandler                      0x080101b7   Thumb Code     0  startup_stm32f40_41xxx.o(.text)
    EXTI0_IRQHandler                         0x080101b7   Thumb Code     0  startup_stm32f40_41xxx.o(.text)
    EXTI15_10_IRQHandler                     0x080101b7   Thumb Code     0  startup_stm32f40_41xxx.o(.text)
    EXTI1_IRQHandler                         0x080101b7   Thumb Code     0  startup_stm32f40_41xxx.o(.text)
    EXTI2_IRQHandler                         0x080101b7   Thumb Code     0  startup_stm32f40_41xxx.o(.text)
    EXTI3_IRQHandler                         0x080101b7   Thumb Code     0  startup_stm32f40_41xxx.o(.text)
    EXTI4_IRQHandler                         0x080101b7   Thumb Code     0  startup_stm32f40_41xxx.o(.text)
    EXTI9_5_IRQHandler                       0x080101b7   Thumb Code     0  startup_stm32f40_41xxx.o(.text)
    FLASH_IRQHandler                         0x080101b7   Thumb Code     0  startup_stm32f40_41xxx.o(.text)
    FPU_IRQHandler                           0x080101b7   Thumb Code     0  startup_stm32f40_41xxx.o(.text)
    FSMC_IRQHandler                          0x080101b7   Thumb Code     0  startup_stm32f40_41xxx.o(.text)
    HASH_RNG_IRQHandler                      0x080101b7   Thumb Code     0  startup_stm32f40_41xxx.o(.text)
    I2C1_ER_IRQHandler                       0x080101b7   Thumb Code     0  startup_stm32f40_41xxx.o(.text)
    I2C1_EV_IRQHandler                       0x080101b7   Thumb Code     0  startup_stm32f40_41xxx.o(.text)
    I2C2_ER_IRQHandler                       0x080101b7   Thumb Code     0  startup_stm32f40_41xxx.o(.text)
    I2C2_EV_IRQHandler                       0x080101b7   Thumb Code     0  startup_stm32f40_41xxx.o(.text)
    I2C3_ER_IRQHandler                       0x080101b7   Thumb Code     0  startup_stm32f40_41xxx.o(.text)
    I2C3_EV_IRQHandler                       0x080101b7   Thumb Code     0  startup_stm32f40_41xxx.o(.text)
    OTG_FS_IRQHandler                        0x080101b7   Thumb Code     0  startup_stm32f40_41xxx.o(.text)
    OTG_FS_WKUP_IRQHandler                   0x080101b7   Thumb Code     0  startup_stm32f40_41xxx.o(.text)
    OTG_HS_EP1_IN_IRQHandler                 0x080101b7   Thumb Code     0  startup_stm32f40_41xxx.o(.text)
    OTG_HS_EP1_OUT_IRQHandler                0x080101b7   Thumb Code     0  startup_stm32f40_41xxx.o(.text)
    OTG_HS_IRQHandler                        0x080101b7   Thumb Code     0  startup_stm32f40_41xxx.o(.text)
    OTG_HS_WKUP_IRQHandler                   0x080101b7   Thumb Code     0  startup_stm32f40_41xxx.o(.text)
    PVD_IRQHandler                           0x080101b7   Thumb Code     0  startup_stm32f40_41xxx.o(.text)
    RCC_IRQHandler                           0x080101b7   Thumb Code     0  startup_stm32f40_41xxx.o(.text)
    RTC_Alarm_IRQHandler                     0x080101b7   Thumb Code     0  startup_stm32f40_41xxx.o(.text)
    RTC_WKUP_IRQHandler                      0x080101b7   Thumb Code     0  startup_stm32f40_41xxx.o(.text)
    SDIO_IRQHandler                          0x080101b7   Thumb Code     0  startup_stm32f40_41xxx.o(.text)
    SPI1_IRQHandler                          0x080101b7   Thumb Code     0  startup_stm32f40_41xxx.o(.text)
    SPI2_IRQHandler                          0x080101b7   Thumb Code     0  startup_stm32f40_41xxx.o(.text)
    SPI3_IRQHandler                          0x080101b7   Thumb Code     0  startup_stm32f40_41xxx.o(.text)
    TAMP_STAMP_IRQHandler                    0x080101b7   Thumb Code     0  startup_stm32f40_41xxx.o(.text)
    TIM1_BRK_TIM9_IRQHandler                 0x080101b7   Thumb Code     0  startup_stm32f40_41xxx.o(.text)
    TIM1_CC_IRQHandler                       0x080101b7   Thumb Code     0  startup_stm32f40_41xxx.o(.text)
    TIM1_TRG_COM_TIM11_IRQHandler            0x080101b7   Thumb Code     0  startup_stm32f40_41xxx.o(.text)
    TIM1_UP_TIM10_IRQHandler                 0x080101b7   Thumb Code     0  startup_stm32f40_41xxx.o(.text)
    TIM2_IRQHandler                          0x080101b7   Thumb Code     0  startup_stm32f40_41xxx.o(.text)
    TIM3_IRQHandler                          0x080101b7   Thumb Code     0  startup_stm32f40_41xxx.o(.text)
    TIM4_IRQHandler                          0x080101b7   Thumb Code     0  startup_stm32f40_41xxx.o(.text)
    TIM5_IRQHandler                          0x080101b7   Thumb Code     0  startup_stm32f40_41xxx.o(.text)
    TIM6_DAC_IRQHandler                      0x080101b7   Thumb Code     0  startup_stm32f40_41xxx.o(.text)
    TIM7_IRQHandler                          0x080101b7   Thumb Code     0  startup_stm32f40_41xxx.o(.text)
    TIM8_BRK_TIM12_IRQHandler                0x080101b7   Thumb Code     0  startup_stm32f40_41xxx.o(.text)
    TIM8_CC_IRQHandler                       0x080101b7   Thumb Code     0  startup_stm32f40_41xxx.o(.text)
    TIM8_TRG_COM_TIM14_IRQHandler            0x080101b7   Thumb Code     0  startup_stm32f40_41xxx.o(.text)
    TIM8_UP_TIM13_IRQHandler                 0x080101b7   Thumb Code     0  startup_stm32f40_41xxx.o(.text)
    UART4_IRQHandler                         0x080101b7   Thumb Code     0  startup_stm32f40_41xxx.o(.text)
    UART5_IRQHandler                         0x080101b7   Thumb Code     0  startup_stm32f40_41xxx.o(.text)
    USART6_IRQHandler                        0x080101b7   Thumb Code     0  startup_stm32f40_41xxx.o(.text)
    WWDG_IRQHandler                          0x080101b7   Thumb Code     0  startup_stm32f40_41xxx.o(.text)
    __aeabi_memset                           0x080101c1   Thumb Code    14  memseta.o(.text)
    __aeabi_memset4                          0x080101c1   Thumb Code     0  memseta.o(.text)
    __aeabi_memset8                          0x080101c1   Thumb Code     0  memseta.o(.text)
    __aeabi_memclr                           0x080101cf   Thumb Code     4  memseta.o(.text)
    __aeabi_memclr4                          0x080101cf   Thumb Code     0  memseta.o(.text)
    __aeabi_memclr8                          0x080101cf   Thumb Code     0  memseta.o(.text)
    _memset$wrapper                          0x080101d3   Thumb Code    18  memseta.o(.text)
    strncmp                                  0x080101e5   Thumb Code    30  strncmp.o(.text)
    __aeabi_uldivmod                         0x08010203   Thumb Code    98  uldiv.o(.text)
    __scatterload                            0x08010265   Thumb Code    28  init.o(.text)
    __scatterload_rt2                        0x08010265   Thumb Code     0  init.o(.text)
    __aeabi_llsl                             0x08010289   Thumb Code    30  llshl.o(.text)
    _ll_shift_l                              0x08010289   Thumb Code     0  llshl.o(.text)
    __aeabi_llsr                             0x080102a7   Thumb Code    32  llushr.o(.text)
    _ll_ushift_r                             0x080102a7   Thumb Code     0  llushr.o(.text)
    Add_FR                                   0x080102c9   Thumb Code   332  dactyligram.o(i.Add_FR)
    BusFault_Handler                         0x0801055d   Thumb Code     4  stm32f4xx_it.o(i.BusFault_Handler)
    DebugMon_Handler                         0x08010561   Thumb Code     2  stm32f4xx_it.o(i.DebugMon_Handler)
    FSMC_NORSRAMCmd                          0x08010565   Thumb Code    46  stm32f4xx_fsmc.o(i.FSMC_NORSRAMCmd)
    FSMC_NORSRAMInit                         0x08010599   Thumb Code   282  stm32f4xx_fsmc.o(i.FSMC_NORSRAMInit)
    GPIO_Init                                0x080106bd   Thumb Code   144  stm32f4xx_gpio.o(i.GPIO_Init)
    GPIO_PinAFConfig                         0x0801074d   Thumb Code    70  stm32f4xx_gpio.o(i.GPIO_PinAFConfig)
    GPIO_ReadInputDataBit                    0x08010793   Thumb Code    18  stm32f4xx_gpio.o(i.GPIO_ReadInputDataBit)
    GPIO_ResetBits                           0x080107a5   Thumb Code     4  stm32f4xx_gpio.o(i.GPIO_ResetBits)
    GPIO_SetBits                             0x080107a9   Thumb Code     4  stm32f4xx_gpio.o(i.GPIO_SetBits)
    HardFault_Handler                        0x080107ad   Thumb Code     4  stm32f4xx_it.o(i.HardFault_Handler)
    LCD_Clear                                0x080107f1   Thumb Code    68  dev_tftlcd.o(i.LCD_Clear)
    LCD_Display_Dir                          0x08010839   Thumb Code    96  dev_tftlcd.o(i.LCD_Display_Dir)
    LCD_DrawFRONT_COLOR                      0x0801089d   Thumb Code    28  dev_tftlcd.o(i.LCD_DrawFRONT_COLOR)
    LCD_DrawLine                             0x080108b9   Thumb Code   176  dev_tftlcd.o(i.LCD_DrawLine)
    LCD_DrawPoint                            0x08010969   Thumb Code    28  dev_tftlcd.o(i.LCD_DrawPoint)
    LCD_Init                                 0x08010989   Thumb Code   496  dev_tftlcd.o(i.LCD_Init)
    LCD_ReadData                             0x08010ba9   Thumb Code    24  dev_tftlcd.o(i.LCD_ReadData)
    LCD_Set_Window                           0x08010bc5   Thumb Code   200  dev_tftlcd.o(i.LCD_Set_Window)
    LCD_ShowFontHZ                           0x08010c91   Thumb Code   220  dev_tftlcd.o(i.LCD_ShowFontHZ)
    LCD_WriteData_Color                      0x08010da9   Thumb Code    18  dev_tftlcd.o(i.LCD_WriteData_Color)
    LedConfig                                0x08010dc1   Thumb Code    64  dev_led.o(i.LedConfig)
    MemManage_Handler                        0x08010e21   Thumb Code     4  stm32f4xx_it.o(i.MemManage_Handler)
    MyUSART_Sendbyte                         0x08010e25   Thumb Code    16  dev_usart1.o(i.MyUSART_Sendbyte)
    NMI_Handler                              0x08010e35   Thumb Code     2  stm32f4xx_it.o(i.NMI_Handler)
    NVIC_Init                                0x08010e39   Thumb Code   106  misc.o(i.NVIC_Init)
    NVIC_PriorityGroupConfig                 0x08010eb1   Thumb Code    10  misc.o(i.NVIC_PriorityGroupConfig)
    PS_GenChar                               0x08010ec5   Thumb Code    76  dactyligram.o(i.PS_GenChar)
    PS_GetImage                              0x08010f25   Thumb Code    58  dactyligram.o(i.PS_GetImage)
    PS_HighSpeedSearch                       0x08010f65   Thumb Code   128  dactyligram.o(i.PS_HighSpeedSearch)
    PS_Match                                 0x08010fed   Thumb Code    58  dactyligram.o(i.PS_Match)
    PS_RegModel                              0x0801102d   Thumb Code    58  dactyligram.o(i.PS_RegModel)
    PS_StoreChar                             0x0801106d   Thumb Code    94  dactyligram.o(i.PS_StoreChar)
    PendSV_Handler                           0x080110d1   Thumb Code     2  stm32f4xx_it.o(i.PendSV_Handler)
    Press_FR                                 0x080110d5   Thumb Code    88  dactyligram.o(i.Press_FR)
    RCC_AHB1PeriphClockCmd                   0x08011175   Thumb Code    26  stm32f4xx_rcc.o(i.RCC_AHB1PeriphClockCmd)
    RCC_AHB3PeriphClockCmd                   0x08011195   Thumb Code    26  stm32f4xx_rcc.o(i.RCC_AHB3PeriphClockCmd)
    RCC_APB1PeriphClockCmd                   0x080111b5   Thumb Code    26  stm32f4xx_rcc.o(i.RCC_APB1PeriphClockCmd)
    RCC_APB2PeriphClockCmd                   0x080111d5   Thumb Code    26  stm32f4xx_rcc.o(i.RCC_APB2PeriphClockCmd)
    RCC_DeInit                               0x080111f5   Thumb Code    82  stm32f4xx_rcc.o(i.RCC_DeInit)
    RCC_GetClocksFreq                        0x08011259   Thumb Code   214  stm32f4xx_rcc.o(i.RCC_GetClocksFreq)
    RCC_GetFlagStatus                        0x08011341   Thumb Code    60  stm32f4xx_rcc.o(i.RCC_GetFlagStatus)
    RCC_GetSYSCLKSource                      0x08011381   Thumb Code    10  stm32f4xx_rcc.o(i.RCC_GetSYSCLKSource)
    RCC_HCLKConfig                           0x08011391   Thumb Code    18  stm32f4xx_rcc.o(i.RCC_HCLKConfig)
    RCC_HSEConfig                            0x080113a9   Thumb Code    12  stm32f4xx_rcc.o(i.RCC_HSEConfig)
    RCC_PCLK1Config                          0x080113b9   Thumb Code    18  stm32f4xx_rcc.o(i.RCC_PCLK1Config)
    RCC_PCLK2Config                          0x080113d1   Thumb Code    20  stm32f4xx_rcc.o(i.RCC_PCLK2Config)
    RCC_PLLCmd                               0x080113e9   Thumb Code     6  stm32f4xx_rcc.o(i.RCC_PLLCmd)
    RCC_PLLConfig                            0x080113f5   Thumb Code    30  stm32f4xx_rcc.o(i.RCC_PLLConfig)
    RCC_SYSCLKConfig                         0x08011419   Thumb Code    18  stm32f4xx_rcc.o(i.RCC_SYSCLKConfig)
    RCC_WaitForHSEStartUp                    0x08011431   Thumb Code    56  stm32f4xx_rcc.o(i.RCC_WaitForHSEStartUp)
    Rcc_Config                               0x08011469   Thumb Code    94  rcc.o(i.Rcc_Config)
    SVC_Handler                              0x080114c7   Thumb Code     2  stm32f4xx_it.o(i.SVC_Handler)
    SysTick_Handler                          0x08011639   Thumb Code     2  stm32f4xx_it.o(i.SysTick_Handler)
    SysTicks_Config                          0x0801163d   Thumb Code    44  dev_systickstimer.o(i.SysTicks_Config)
    SystemInit                               0x08011671   Thumb Code    88  system_stm32f4xx.o(i.SystemInit)
    Systicks_Nms                             0x080116d9   Thumb Code    54  dev_systickstimer.o(i.Systicks_Nms)
    USART1_IRQHandler                        0x08011711   Thumb Code   138  stm32f4xx_it.o(i.USART1_IRQHandler)
    USART2_IRQHandler                        0x080117b5   Thumb Code    64  stm32f4xx_it.o(i.USART2_IRQHandler)
    USART3_IRQHandler                        0x080117fd   Thumb Code    72  stm32f4xx_it.o(i.USART3_IRQHandler)
    USART_ClearFlag                          0x08011851   Thumb Code    18  stm32f4xx_usart.o(i.USART_ClearFlag)
    USART_ClearITPendingBit                  0x08011863   Thumb Code    30  stm32f4xx_usart.o(i.USART_ClearITPendingBit)
    USART_Cmd                                0x08011881   Thumb Code    24  stm32f4xx_usart.o(i.USART_Cmd)
    USART_GetFlagStatus                      0x08011899   Thumb Code    26  stm32f4xx_usart.o(i.USART_GetFlagStatus)
    USART_GetITStatus                        0x080118b3   Thumb Code    84  stm32f4xx_usart.o(i.USART_GetITStatus)
    USART_INIT_407                           0x08011909   Thumb Code   490  dev_usart1.o(i.USART_INIT_407)
    USART_ITConfig                           0x08011b09   Thumb Code    74  stm32f4xx_usart.o(i.USART_ITConfig)
    USART_Init                               0x08011b55   Thumb Code   204  stm32f4xx_usart.o(i.USART_Init)
    USART_ReceiveData                        0x08011c29   Thumb Code    10  stm32f4xx_usart.o(i.USART_ReceiveData)
    USART_SendData                           0x08011c33   Thumb Code     8  stm32f4xx_usart.o(i.USART_SendData)
    UsageFault_Handler                       0x08011c3b   Thumb Code     4  stm32f4xx_it.o(i.UsageFault_Handler)
    __0printf$8                              0x08011c41   Thumb Code    22  printf8.o(i.__0printf$8)
    __1printf$8                              0x08011c41   Thumb Code     0  printf8.o(i.__0printf$8)
    __2printf                                0x08011c41   Thumb Code     0  printf8.o(i.__0printf$8)
    __scatterload_copy                       0x08011c61   Thumb Code    14  handlers.o(i.__scatterload_copy)
    __scatterload_null                       0x08011c6f   Thumb Code     2  handlers.o(i.__scatterload_null)
    __scatterload_zeroinit                   0x08011c71   Thumb Code    14  handlers.o(i.__scatterload_zeroinit)
    delay_xms                                0x080120e5   Thumb Code    72  dev_systickstimer.o(i.delay_xms)
    fputc                                    0x08012131   Thumb Code    32  dev_usart1.o(i.fputc)
    main                                     0x08012389   Thumb Code   110  main.o(i.main)
    CnChar32x29                              0x08012430   Data        1534  data.o(.constdata)
    Region$$Table$$Base                      0x08012a30   Number         0  anon$$obj.o(Region$$Table)
    Region$$Table$$Limit                     0x08012a50   Number         0  anon$$obj.o(Region$$Table)
    rxcount                                  0x20000000   Data           4  stm32f4xx_it.o(.data)
    temp                                     0x20000004   Data           4  stm32f4xx_it.o(.data)
    fac_ms                                   0x20000008   Data           4  dev_systickstimer.o(.data)
    fac_us                                   0x2000000c   Data           4  dev_systickstimer.o(.data)
    tftlcd_data                              0x20000010   Data           8  dev_tftlcd.o(.data)
    FRONT_COLOR                              0x20000018   Data           2  dev_tftlcd.o(.data)
    BACK_COLOR                               0x2000001a   Data           2  dev_tftlcd.o(.data)
    AS608Addr                                0x2000001c   Data           4  dactyligram.o(.data)
    gFpmRxCnt                                0x20000020   Data           1  dactyligram.o(.data)
    ID                                       0x20000021   Data           1  dactyligram.o(.data)
    __stdout                                 0x20000034   Data           4  stdout.o(.data)
    data_arry                                0x20000038   Data         500  stm32f4xx_it.o(.bss)
    wifi_arry                                0x2000022c   Data         500  stm32f4xx_it.o(.bss)
    gFpmRxBuf                                0x20000420   Data          12  dactyligram.o(.bss)
    __initial_sp                             0x20000830   Data           0  startup_stm32f40_41xxx.o(STACK)



==============================================================================

Memory Map of the image

  Image Entry point : 0x08010189

  Load Region LR_IROM1 (Base: 0x08010000, Size: 0x00002a88, Max: 0x00070000, ABSOLUTE)

    Execution Region ER_IROM1 (Base: 0x08010000, Size: 0x00002a50, Max: 0x00070000, ABSOLUTE)

    Base Addr    Size         Type   Attr      Idx    E Section Name        Object

    0x08010000   0x00000188   Data   RO          775    RESET               startup_stm32f40_41xxx.o
    0x08010188   0x00000000   Code   RO         5826  * .ARM.Collect$$$$00000000  mc_w.l(entry.o)
    0x08010188   0x00000004   Code   RO         6112    .ARM.Collect$$$$00000001  mc_w.l(entry2.o)
    0x0801018c   0x00000004   Code   RO         6115    .ARM.Collect$$$$00000004  mc_w.l(entry5.o)
    0x08010190   0x00000000   Code   RO         6117    .ARM.Collect$$$$00000008  mc_w.l(entry7b.o)
    0x08010190   0x00000000   Code   RO         6119    .ARM.Collect$$$$0000000A  mc_w.l(entry8b.o)
    0x08010190   0x00000008   Code   RO         6120    .ARM.Collect$$$$0000000B  mc_w.l(entry9a.o)
    0x08010198   0x00000000   Code   RO         6122    .ARM.Collect$$$$0000000D  mc_w.l(entry10a.o)
    0x08010198   0x00000000   Code   RO         6124    .ARM.Collect$$$$0000000F  mc_w.l(entry11a.o)
    0x08010198   0x00000004   Code   RO         6113    .ARM.Collect$$$$00002712  mc_w.l(entry2.o)
    0x0801019c   0x00000024   Code   RO          776    .text               startup_stm32f40_41xxx.o
    0x080101c0   0x00000024   Code   RO         5831    .text               mc_w.l(memseta.o)
    0x080101e4   0x0000001e   Code   RO         5839    .text               mc_w.l(strncmp.o)
    0x08010202   0x00000062   Code   RO         6129    .text               mc_w.l(uldiv.o)
    0x08010264   0x00000024   Code   RO         6151    .text               mc_w.l(init.o)
    0x08010288   0x0000001e   Code   RO         6153    .text               mc_w.l(llshl.o)
    0x080102a6   0x00000020   Code   RO         6155    .text               mc_w.l(llushr.o)
    0x080102c6   0x00000002   PAD
    0x080102c8   0x00000294   Code   RO          633    i.Add_FR            dactyligram.o
    0x0801055c   0x00000004   Code   RO          178    i.BusFault_Handler  stm32f4xx_it.o
    0x08010560   0x00000002   Code   RO          179    i.DebugMon_Handler  stm32f4xx_it.o
    0x08010562   0x00000002   PAD
    0x08010564   0x00000034   Code   RO         2533    i.FSMC_NORSRAMCmd   stm32f4xx_fsmc.o
    0x08010598   0x00000124   Code   RO         2535    i.FSMC_NORSRAMInit  stm32f4xx_fsmc.o
    0x080106bc   0x00000090   Code   RO         2658    i.GPIO_Init         stm32f4xx_gpio.o
    0x0801074c   0x00000046   Code   RO         2659    i.GPIO_PinAFConfig  stm32f4xx_gpio.o
    0x08010792   0x00000012   Code   RO         2662    i.GPIO_ReadInputDataBit  stm32f4xx_gpio.o
    0x080107a4   0x00000004   Code   RO         2665    i.GPIO_ResetBits    stm32f4xx_gpio.o
    0x080107a8   0x00000004   Code   RO         2666    i.GPIO_SetBits      stm32f4xx_gpio.o
    0x080107ac   0x00000004   Code   RO          180    i.HardFault_Handler  stm32f4xx_it.o
    0x080107b0   0x00000040   Code   RO          634    i.JudgeStr          dactyligram.o
    0x080107f0   0x00000048   Code   RO          517    i.LCD_Clear         dev_tftlcd.o
    0x08010838   0x00000064   Code   RO          518    i.LCD_Display_Dir   dev_tftlcd.o
    0x0801089c   0x0000001c   Code   RO          519    i.LCD_DrawFRONT_COLOR  dev_tftlcd.o
    0x080108b8   0x000000b0   Code   RO          520    i.LCD_DrawLine      dev_tftlcd.o
    0x08010968   0x00000020   Code   RO          521    i.LCD_DrawPoint     dev_tftlcd.o
    0x08010988   0x00000220   Code   RO          523    i.LCD_Init          dev_tftlcd.o
    0x08010ba8   0x0000001c   Code   RO          524    i.LCD_ReadData      dev_tftlcd.o
    0x08010bc4   0x000000cc   Code   RO          525    i.LCD_Set_Window    dev_tftlcd.o
    0x08010c90   0x000000e8   Code   RO          526    i.LCD_ShowFontHZ    dev_tftlcd.o
    0x08010d78   0x00000018   Code   RO          527    i.LCD_WriteCmd      dev_tftlcd.o
    0x08010d90   0x00000018   Code   RO          529    i.LCD_WriteData     dev_tftlcd.o
    0x08010da8   0x00000018   Code   RO          530    i.LCD_WriteData_Color  dev_tftlcd.o
    0x08010dc0   0x00000044   Code   RO          286    i.LedConfig         dev_led.o
    0x08010e04   0x0000001c   Code   RO          635    i.MYUSART_SendData  dactyligram.o
    0x08010e20   0x00000004   Code   RO          181    i.MemManage_Handler  stm32f4xx_it.o
    0x08010e24   0x00000010   Code   RO          397    i.MyUSART_Sendbyte  dev_usart1.o
    0x08010e34   0x00000002   Code   RO          182    i.NMI_Handler       stm32f4xx_it.o
    0x08010e36   0x00000002   PAD
    0x08010e38   0x00000078   Code   RO          783    i.NVIC_Init         misc.o
    0x08010eb0   0x00000014   Code   RO          784    i.NVIC_PriorityGroupConfig  misc.o
    0x08010ec4   0x00000060   Code   RO          636    i.PS_GenChar        dactyligram.o
    0x08010f24   0x00000040   Code   RO          637    i.PS_GetImage       dactyligram.o
    0x08010f64   0x00000088   Code   RO          638    i.PS_HighSpeedSearch  dactyligram.o
    0x08010fec   0x00000040   Code   RO          639    i.PS_Match          dactyligram.o
    0x0801102c   0x00000040   Code   RO          640    i.PS_RegModel       dactyligram.o
    0x0801106c   0x00000064   Code   RO          642    i.PS_StoreChar      dactyligram.o
    0x080110d0   0x00000002   Code   RO          183    i.PendSV_Handler    stm32f4xx_it.o
    0x080110d2   0x00000002   PAD
    0x080110d4   0x000000a0   Code   RO          643    i.Press_FR          dactyligram.o
    0x08011174   0x00000020   Code   RO         3584    i.RCC_AHB1PeriphClockCmd  stm32f4xx_rcc.o
    0x08011194   0x00000020   Code   RO         3590    i.RCC_AHB3PeriphClockCmd  stm32f4xx_rcc.o
    0x080111b4   0x00000020   Code   RO         3593    i.RCC_APB1PeriphClockCmd  stm32f4xx_rcc.o
    0x080111d4   0x00000020   Code   RO         3596    i.RCC_APB2PeriphClockCmd  stm32f4xx_rcc.o
    0x080111f4   0x00000064   Code   RO         3604    i.RCC_DeInit        stm32f4xx_rcc.o
    0x08011258   0x000000e8   Code   RO         3605    i.RCC_GetClocksFreq  stm32f4xx_rcc.o
    0x08011340   0x00000040   Code   RO         3606    i.RCC_GetFlagStatus  stm32f4xx_rcc.o
    0x08011380   0x00000010   Code   RO         3608    i.RCC_GetSYSCLKSource  stm32f4xx_rcc.o
    0x08011390   0x00000018   Code   RO         3609    i.RCC_HCLKConfig    stm32f4xx_rcc.o
    0x080113a8   0x00000010   Code   RO         3610    i.RCC_HSEConfig     stm32f4xx_rcc.o
    0x080113b8   0x00000018   Code   RO         3620    i.RCC_PCLK1Config   stm32f4xx_rcc.o
    0x080113d0   0x00000018   Code   RO         3621    i.RCC_PCLK2Config   stm32f4xx_rcc.o
    0x080113e8   0x0000000c   Code   RO         3622    i.RCC_PLLCmd        stm32f4xx_rcc.o
    0x080113f4   0x00000024   Code   RO         3623    i.RCC_PLLConfig     stm32f4xx_rcc.o
    0x08011418   0x00000018   Code   RO         3634    i.RCC_SYSCLKConfig  stm32f4xx_rcc.o
    0x08011430   0x00000038   Code   RO         3636    i.RCC_WaitForHSEStartUp  stm32f4xx_rcc.o
    0x08011468   0x0000005e   Code   RO          321    i.Rcc_Config        rcc.o
    0x080114c6   0x00000002   Code   RO          184    i.SVC_Handler       stm32f4xx_it.o
    0x080114c8   0x00000034   Code   RO          644    i.SendAddr          dactyligram.o
    0x080114fc   0x00000012   Code   RO          645    i.SendCheck         dactyligram.o
    0x0801150e   0x0000000c   Code   RO          646    i.SendFlag          dactyligram.o
    0x0801151a   0x00000010   Code   RO          647    i.SendHead          dactyligram.o
    0x0801152a   0x00000014   Code   RO          648    i.SendLength        dactyligram.o
    0x0801153e   0x0000000c   Code   RO          649    i.Sendcmd           dactyligram.o
    0x0801154a   0x00000002   PAD
    0x0801154c   0x000000ec   Code   RO         5788    i.SetSysClock       system_stm32f4xx.o
    0x08011638   0x00000002   Code   RO          185    i.SysTick_Handler   stm32f4xx_it.o
    0x0801163a   0x00000002   PAD
    0x0801163c   0x00000034   Code   RO          345    i.SysTicks_Config   dev_systickstimer.o
    0x08011670   0x00000068   Code   RO         5790    i.SystemInit        system_stm32f4xx.o
    0x080116d8   0x00000036   Code   RO          346    i.Systicks_Nms      dev_systickstimer.o
    0x0801170e   0x00000002   PAD
    0x08011710   0x000000a4   Code   RO          186    i.USART1_IRQHandler  stm32f4xx_it.o
    0x080117b4   0x00000048   Code   RO          187    i.USART2_IRQHandler  stm32f4xx_it.o
    0x080117fc   0x00000054   Code   RO          188    i.USART3_IRQHandler  stm32f4xx_it.o
    0x08011850   0x00000012   Code   RO         5530    i.USART_ClearFlag   stm32f4xx_usart.o
    0x08011862   0x0000001e   Code   RO         5531    i.USART_ClearITPendingBit  stm32f4xx_usart.o
    0x08011880   0x00000018   Code   RO         5534    i.USART_Cmd         stm32f4xx_usart.o
    0x08011898   0x0000001a   Code   RO         5537    i.USART_GetFlagStatus  stm32f4xx_usart.o
    0x080118b2   0x00000054   Code   RO         5538    i.USART_GetITStatus  stm32f4xx_usart.o
    0x08011906   0x00000002   PAD
    0x08011908   0x00000200   Code   RO          400    i.USART_INIT_407    dev_usart1.o
    0x08011b08   0x0000004a   Code   RO         5540    i.USART_ITConfig    stm32f4xx_usart.o
    0x08011b52   0x00000002   PAD
    0x08011b54   0x000000d4   Code   RO         5541    i.USART_Init        stm32f4xx_usart.o
    0x08011c28   0x0000000a   Code   RO         5548    i.USART_ReceiveData  stm32f4xx_usart.o
    0x08011c32   0x00000008   Code   RO         5551    i.USART_SendData    stm32f4xx_usart.o
    0x08011c3a   0x00000004   Code   RO          189    i.UsageFault_Handler  stm32f4xx_it.o
    0x08011c3e   0x00000002   PAD
    0x08011c40   0x00000020   Code   RO         6056    i.__0printf$8       mc_w.l(printf8.o)
    0x08011c60   0x0000000e   Code   RO         6195    i.__scatterload_copy  mc_w.l(handlers.o)
    0x08011c6e   0x00000002   Code   RO         6196    i.__scatterload_null  mc_w.l(handlers.o)
    0x08011c70   0x0000000e   Code   RO         6197    i.__scatterload_zeroinit  mc_w.l(handlers.o)
    0x08011c7e   0x00000002   PAD
    0x08011c80   0x00000410   Code   RO         6063    i._printf_core      mc_w.l(printf8.o)
    0x08012090   0x00000024   Code   RO         6064    i._printf_post_padding  mc_w.l(printf8.o)
    0x080120b4   0x0000002e   Code   RO         6065    i._printf_pre_padding  mc_w.l(printf8.o)
    0x080120e2   0x00000002   PAD
    0x080120e4   0x0000004c   Code   RO          348    i.delay_xms         dev_systickstimer.o
    0x08012130   0x00000024   Code   RO          401    i.fputc             dev_usart1.o
    0x08012154   0x00000082   Code   RO          531    i.lcdFsmcInit       dev_tftlcd.o
    0x080121d6   0x00000002   PAD
    0x080121d8   0x000001b0   Code   RO          532    i.lcdGpioInit       dev_tftlcd.o
    0x08012388   0x000000a8   Code   RO            4    i.main              main.o
    0x08012430   0x000005fe   Data   RO          752    .constdata          data.o
    0x08012a2e   0x00000002   PAD
    0x08012a30   0x00000020   Data   RO         6193    Region$$Table       anon$$obj.o


    Execution Region RW_IRAM1 (Base: 0x20000000, Size: 0x00000830, Max: 0x00020000, ABSOLUTE)

    Base Addr    Size         Type   Attr      Idx    E Section Name        Object

    0x20000000   0x00000008   Data   RW          191    .data               stm32f4xx_it.o
    0x20000008   0x00000008   Data   RW          350    .data               dev_systickstimer.o
    0x20000010   0x0000000c   Data   RW          533    .data               dev_tftlcd.o
    0x2000001c   0x00000006   Data   RW          651    .data               dactyligram.o
    0x20000022   0x00000010   Data   RW         3637    .data               stm32f4xx_rcc.o
    0x20000032   0x00000002   PAD
    0x20000034   0x00000004   Data   RW         6126    .data               mc_w.l(stdout.o)
    0x20000038   0x000003e8   Zero   RW          190    .bss                stm32f4xx_it.o
    0x20000420   0x0000000c   Zero   RW          650    .bss                dactyligram.o
    0x2000042c   0x00000004   PAD
    0x20000430   0x00000400   Zero   RW          773    STACK               startup_stm32f40_41xxx.o


==============================================================================

Image component sizes


      Code (inc. data)   RO Data    RW Data    ZI Data      Debug   Object Name

      1566        478          0          6         12       9663   dactyligram.o
         0          0       1534          0          0        866   data.o
        68          4          0          0          0        520   dev_led.o
       182         12          0          8          0       1965   dev_systickstimer.o
      2050        118          0         12          0      10558   dev_tftlcd.o
       564         26          0          0          0       2492   dev_usart1.o
       168         58          0          0          0     281487   main.o
       140         24          0          0          0       1699   misc.o
        94          0          0          0          0        509   rcc.o
        36          8        392          0       1024        920   startup_stm32f40_41xxx.o
       344         16          0          0          0       2165   stm32f4xx_fsmc.o
       240          0          0          0          0       3803   stm32f4xx_gpio.o
       346         46          0          8       1000       6377   stm32f4xx_it.o
       756        108          0         16          0      12364   stm32f4xx_rcc.o
       486          8          0          0          0       7129   stm32f4xx_usart.o
       340         32          0          0          0       1813   system_stm32f4xx.o

    ----------------------------------------------------------------------
      7400        938       1960         52       2040     344330   Object Totals
         0          0         32          0          0          0   (incl. Generated)
        20          0          2          2          4          0   (incl. Padding)

    ----------------------------------------------------------------------

      Code (inc. data)   RO Data    RW Data    ZI Data      Debug   Library Member Name

         0          0          0          0          0          0   entry.o
         0          0          0          0          0          0   entry10a.o
         0          0          0          0          0          0   entry11a.o
         8          4          0          0          0          0   entry2.o
         4          0          0          0          0          0   entry5.o
         0          0          0          0          0          0   entry7b.o
         0          0          0          0          0          0   entry8b.o
         8          4          0          0          0          0   entry9a.o
        30          0          0          0          0          0   handlers.o
        36          8          0          0          0         68   init.o
        30          0          0          0          0         68   llshl.o
        32          0          0          0          0         68   llushr.o
        36          0          0          0          0        108   memseta.o
      1154         54          0          0          0        352   printf8.o
         0          0          0          4          0          0   stdout.o
        30          0          0          0          0         80   strncmp.o
        98          0          0          0          0         92   uldiv.o

    ----------------------------------------------------------------------
      1472         70          0          4          0        836   Library Totals
         6          0          0          0          0          0   (incl. Padding)

    ----------------------------------------------------------------------

      Code (inc. data)   RO Data    RW Data    ZI Data      Debug   Library Name

      1466         70          0          4          0        836   mc_w.l

    ----------------------------------------------------------------------
      1472         70          0          4          0        836   Library Totals

    ----------------------------------------------------------------------

==============================================================================


      Code (inc. data)   RO Data    RW Data    ZI Data      Debug   

      8872       1008       1960         56       2040     336906   Grand Totals
      8872       1008       1960         56       2040     336906   ELF Image Totals
      8872       1008       1960         56          0          0   ROM Totals

==============================================================================

    Total RO  Size (Code + RO Data)                10832 (  10.58kB)
    Total RW  Size (RW Data + ZI Data)              2096 (   2.05kB)
    Total ROM Size (Code + RO Data + RW Data)      10888 (  10.63kB)

==============================================================================

